---
source: typegraph/core/src/runtimes/prisma/type_generation/where_.rs
expression: "tree::print(context.generate(&Where::new(user))?)"
---
root: struct 'UserWhere' #64
├── [id]: optional '_49__integer_filter_c?' #49
│   └── item: optional '_integer_filter_c' #36
│       └── item: union #35
│           ├── variant_0: either '_integer_filter' #33
│           │   ├── variant_0: integer #25
│           │   ├── variant_1: struct #28
│           │   │   └── [equals]: integer #25
│           │   ├── variant_2: struct #29
│           │   │   └── [not]: integer #25
│           │   ├── variant_3: struct #30
│           │   │   ├── [gt]: optional #26
│           │   │   │   └── item: integer #25
│           │   │   ├── [gte]: optional #26
│           │   │   │   └── item: integer #25
│           │   │   ├── [lt]: optional #26
│           │   │   │   └── item: integer #25
│           │   │   └── [lte]: optional #26
│           │   │       └── item: integer #25
│           │   ├── variant_4: struct #31
│           │   │   └── [in]: list #27
│           │   │       └── item: integer #25
│           │   └── variant_5: struct #32
│           │       └── [notIn]: list #27
│           │           └── item: integer #25
│           └── variant_1: struct #34
│               └── [not]: either '_integer_filter' #33
│                   ├── variant_0: integer #25
│                   ├── variant_1: struct #28
│                   │   └── [equals]: integer #25
│                   ├── variant_2: struct #29
│                   │   └── [not]: integer #25
│                   ├── variant_3: struct #30
│                   │   ├── [gt]: optional #26
│                   │   │   └── item: integer #25
│                   │   ├── [gte]: optional #26
│                   │   │   └── item: integer #25
│                   │   ├── [lt]: optional #26
│                   │   │   └── item: integer #25
│                   │   └── [lte]: optional #26
│                   │       └── item: integer #25
│                   ├── variant_4: struct #31
│                   │   └── [in]: list #27
│                   │       └── item: integer #25
│                   └── variant_5: struct #32
│                       └── [notIn]: list #27
│                           └── item: integer #25
├── [name]: optional '_50__string_filter_c?' #50
│   └── item: optional '_string_filter_c' #22
│       └── item: union #21
│           ├── variant_0: union '_string_filter' #19
│           │   ├── variant_0: string #7
│           │   ├── variant_1: struct #10
│           │   │   └── [equals]: string #7
│           │   ├── variant_2: struct #11
│           │   │   └── [not]: string #7
│           │   ├── variant_3: struct #12
│           │   │   └── [in]: list #9
│           │   │       └── item: string #7
│           │   ├── variant_4: struct #13
│           │   │   └── [notIn]: list #9
│           │   │       └── item: string #7
│           │   ├── variant_5: struct #16
│           │   │   ├── [contains]: string #7
│           │   │   └── [mode]: optional #15
│           │   │       └── item: string #14 enum{ '"insensitive"' }
│           │   ├── variant_6: struct #17
│           │   │   └── [search]: string #7
│           │   └── variant_7: struct #18
│           │       ├── [endsWith]: optional #8
│           │       │   └── item: string #7
│           │       └── [startsWith]: optional #8
│           │           └── item: string #7
│           └── variant_1: struct #20
│               └── [not]: union '_string_filter' #19
│                   ├── variant_0: string #7
│                   ├── variant_1: struct #10
│                   │   └── [equals]: string #7
│                   ├── variant_2: struct #11
│                   │   └── [not]: string #7
│                   ├── variant_3: struct #12
│                   │   └── [in]: list #9
│                   │       └── item: string #7
│                   ├── variant_4: struct #13
│                   │   └── [notIn]: list #9
│                   │       └── item: string #7
│                   ├── variant_5: struct #16
│                   │   ├── [contains]: string #7
│                   │   └── [mode]: optional #15
│                   │       └── item: string #14 enum{ '"insensitive"' }
│                   ├── variant_6: struct #17
│                   │   └── [search]: string #7
│                   └── variant_7: struct #18
│                       ├── [endsWith]: optional #8
│                       │   └── item: string #7
│                       └── [startsWith]: optional #8
│                           └── item: string #7
└── [posts]: optional #63
    └── item: union #62
        ├── variant_0: struct #57
        │   └── [every]: optional '_56_PostWhere__skip_44_UserWhere?' #56
        │       └── item: struct 'PostWhere__skip_44_UserWhere' #55
        │           ├── [author]: optional '_54_UserWhere?' #54
        │           │   └── item: &UserWhere #53
        │           ├── [id]: optional '_51__integer_filter_c?' #51
        │           │   └── item: optional '_integer_filter_c' #36
        │           │       └── item: union #35
        │           │           ├── variant_0: either '_integer_filter' #33
        │           │           │   ├── variant_0: integer #25
        │           │           │   ├── variant_1: struct #28
        │           │           │   │   └── [equals]: integer #25
        │           │           │   ├── variant_2: struct #29
        │           │           │   │   └── [not]: integer #25
        │           │           │   ├── variant_3: struct #30
        │           │           │   │   ├── [gt]: optional #26
        │           │           │   │   │   └── item: integer #25
        │           │           │   │   ├── [gte]: optional #26
        │           │           │   │   │   └── item: integer #25
        │           │           │   │   ├── [lt]: optional #26
        │           │           │   │   │   └── item: integer #25
        │           │           │   │   └── [lte]: optional #26
        │           │           │   │       └── item: integer #25
        │           │           │   ├── variant_4: struct #31
        │           │           │   │   └── [in]: list #27
        │           │           │   │       └── item: integer #25
        │           │           │   └── variant_5: struct #32
        │           │           │       └── [notIn]: list #27
        │           │           │           └── item: integer #25
        │           │           └── variant_1: struct #34
        │           │               └── [not]: either '_integer_filter' #33
        │           │                   ├── variant_0: integer #25
        │           │                   ├── variant_1: struct #28
        │           │                   │   └── [equals]: integer #25
        │           │                   ├── variant_2: struct #29
        │           │                   │   └── [not]: integer #25
        │           │                   ├── variant_3: struct #30
        │           │                   │   ├── [gt]: optional #26
        │           │                   │   │   └── item: integer #25
        │           │                   │   ├── [gte]: optional #26
        │           │                   │   │   └── item: integer #25
        │           │                   │   ├── [lt]: optional #26
        │           │                   │   │   └── item: integer #25
        │           │                   │   └── [lte]: optional #26
        │           │                   │       └── item: integer #25
        │           │                   ├── variant_4: struct #31
        │           │                   │   └── [in]: list #27
        │           │                   │       └── item: integer #25
        │           │                   └── variant_5: struct #32
        │           │                       └── [notIn]: list #27
        │           │                           └── item: integer #25
        │           └── [title]: optional '_52__string_filter_c?' #52
        │               └── item: optional '_string_filter_c' #22
        │                   └── item: union #21
        │                       ├── variant_0: union '_string_filter' #19
        │                       │   ├── variant_0: string #7
        │                       │   ├── variant_1: struct #10
        │                       │   │   └── [equals]: string #7
        │                       │   ├── variant_2: struct #11
        │                       │   │   └── [not]: string #7
        │                       │   ├── variant_3: struct #12
        │                       │   │   └── [in]: list #9
        │                       │   │       └── item: string #7
        │                       │   ├── variant_4: struct #13
        │                       │   │   └── [notIn]: list #9
        │                       │   │       └── item: string #7
        │                       │   ├── variant_5: struct #16
        │                       │   │   ├── [contains]: string #7
        │                       │   │   └── [mode]: optional #15
        │                       │   │       └── item: string #14 enum{ '"insensitive"' }
        │                       │   ├── variant_6: struct #17
        │                       │   │   └── [search]: string #7
        │                       │   └── variant_7: struct #18
        │                       │       ├── [endsWith]: optional #8
        │                       │       │   └── item: string #7
        │                       │       └── [startsWith]: optional #8
        │                       │           └── item: string #7
        │                       └── variant_1: struct #20
        │                           └── [not]: union '_string_filter' #19
        │                               ├── variant_0: string #7
        │                               ├── variant_1: struct #10
        │                               │   └── [equals]: string #7
        │                               ├── variant_2: struct #11
        │                               │   └── [not]: string #7
        │                               ├── variant_3: struct #12
        │                               │   └── [in]: list #9
        │                               │       └── item: string #7
        │                               ├── variant_4: struct #13
        │                               │   └── [notIn]: list #9
        │                               │       └── item: string #7
        │                               ├── variant_5: struct #16
        │                               │   ├── [contains]: string #7
        │                               │   └── [mode]: optional #15
        │                               │       └── item: string #14 enum{ '"insensitive"' }
        │                               ├── variant_6: struct #17
        │                               │   └── [search]: string #7
        │                               └── variant_7: struct #18
        │                                   ├── [endsWith]: optional #8
        │                                   │   └── item: string #7
        │                                   └── [startsWith]: optional #8
        │                                       └── item: string #7
        ├── variant_1: struct #59
        │   └── [some]: optional '_58_PostWhere__skip_44_UserWhere?' #58
        │       └── item: struct 'PostWhere__skip_44_UserWhere' #55
        │           ├── [author]: optional '_54_UserWhere?' #54
        │           │   └── item: &UserWhere #53
        │           ├── [id]: optional '_51__integer_filter_c?' #51
        │           │   └── item: optional '_integer_filter_c' #36
        │           │       └── item: union #35
        │           │           ├── variant_0: either '_integer_filter' #33
        │           │           │   ├── variant_0: integer #25
        │           │           │   ├── variant_1: struct #28
        │           │           │   │   └── [equals]: integer #25
        │           │           │   ├── variant_2: struct #29
        │           │           │   │   └── [not]: integer #25
        │           │           │   ├── variant_3: struct #30
        │           │           │   │   ├── [gt]: optional #26
        │           │           │   │   │   └── item: integer #25
        │           │           │   │   ├── [gte]: optional #26
        │           │           │   │   │   └── item: integer #25
        │           │           │   │   ├── [lt]: optional #26
        │           │           │   │   │   └── item: integer #25
        │           │           │   │   └── [lte]: optional #26
        │           │           │   │       └── item: integer #25
        │           │           │   ├── variant_4: struct #31
        │           │           │   │   └── [in]: list #27
        │           │           │   │       └── item: integer #25
        │           │           │   └── variant_5: struct #32
        │           │           │       └── [notIn]: list #27
        │           │           │           └── item: integer #25
        │           │           └── variant_1: struct #34
        │           │               └── [not]: either '_integer_filter' #33
        │           │                   ├── variant_0: integer #25
        │           │                   ├── variant_1: struct #28
        │           │                   │   └── [equals]: integer #25
        │           │                   ├── variant_2: struct #29
        │           │                   │   └── [not]: integer #25
        │           │                   ├── variant_3: struct #30
        │           │                   │   ├── [gt]: optional #26
        │           │                   │   │   └── item: integer #25
        │           │                   │   ├── [gte]: optional #26
        │           │                   │   │   └── item: integer #25
        │           │                   │   ├── [lt]: optional #26
        │           │                   │   │   └── item: integer #25
        │           │                   │   └── [lte]: optional #26
        │           │                   │       └── item: integer #25
        │           │                   ├── variant_4: struct #31
        │           │                   │   └── [in]: list #27
        │           │                   │       └── item: integer #25
        │           │                   └── variant_5: struct #32
        │           │                       └── [notIn]: list #27
        │           │                           └── item: integer #25
        │           └── [title]: optional '_52__string_filter_c?' #52
        │               └── item: optional '_string_filter_c' #22
        │                   └── item: union #21
        │                       ├── variant_0: union '_string_filter' #19
        │                       │   ├── variant_0: string #7
        │                       │   ├── variant_1: struct #10
        │                       │   │   └── [equals]: string #7
        │                       │   ├── variant_2: struct #11
        │                       │   │   └── [not]: string #7
        │                       │   ├── variant_3: struct #12
        │                       │   │   └── [in]: list #9
        │                       │   │       └── item: string #7
        │                       │   ├── variant_4: struct #13
        │                       │   │   └── [notIn]: list #9
        │                       │   │       └── item: string #7
        │                       │   ├── variant_5: struct #16
        │                       │   │   ├── [contains]: string #7
        │                       │   │   └── [mode]: optional #15
        │                       │   │       └── item: string #14 enum{ '"insensitive"' }
        │                       │   ├── variant_6: struct #17
        │                       │   │   └── [search]: string #7
        │                       │   └── variant_7: struct #18
        │                       │       ├── [endsWith]: optional #8
        │                       │       │   └── item: string #7
        │                       │       └── [startsWith]: optional #8
        │                       │           └── item: string #7
        │                       └── variant_1: struct #20
        │                           └── [not]: union '_string_filter' #19
        │                               ├── variant_0: string #7
        │                               ├── variant_1: struct #10
        │                               │   └── [equals]: string #7
        │                               ├── variant_2: struct #11
        │                               │   └── [not]: string #7
        │                               ├── variant_3: struct #12
        │                               │   └── [in]: list #9
        │                               │       └── item: string #7
        │                               ├── variant_4: struct #13
        │                               │   └── [notIn]: list #9
        │                               │       └── item: string #7
        │                               ├── variant_5: struct #16
        │                               │   ├── [contains]: string #7
        │                               │   └── [mode]: optional #15
        │                               │       └── item: string #14 enum{ '"insensitive"' }
        │                               ├── variant_6: struct #17
        │                               │   └── [search]: string #7
        │                               └── variant_7: struct #18
        │                                   ├── [endsWith]: optional #8
        │                                   │   └── item: string #7
        │                                   └── [startsWith]: optional #8
        │                                       └── item: string #7
        └── variant_2: struct #61
            └── [none]: optional '_60_PostWhere__skip_44_UserWhere?' #60
                └── item: struct 'PostWhere__skip_44_UserWhere' #55
                    ├── [author]: optional '_54_UserWhere?' #54
                    │   └── item: &UserWhere #53
                    ├── [id]: optional '_51__integer_filter_c?' #51
                    │   └── item: optional '_integer_filter_c' #36
                    │       └── item: union #35
                    │           ├── variant_0: either '_integer_filter' #33
                    │           │   ├── variant_0: integer #25
                    │           │   ├── variant_1: struct #28
                    │           │   │   └── [equals]: integer #25
                    │           │   ├── variant_2: struct #29
                    │           │   │   └── [not]: integer #25
                    │           │   ├── variant_3: struct #30
                    │           │   │   ├── [gt]: optional #26
                    │           │   │   │   └── item: integer #25
                    │           │   │   ├── [gte]: optional #26
                    │           │   │   │   └── item: integer #25
                    │           │   │   ├── [lt]: optional #26
                    │           │   │   │   └── item: integer #25
                    │           │   │   └── [lte]: optional #26
                    │           │   │       └── item: integer #25
                    │           │   ├── variant_4: struct #31
                    │           │   │   └── [in]: list #27
                    │           │   │       └── item: integer #25
                    │           │   └── variant_5: struct #32
                    │           │       └── [notIn]: list #27
                    │           │           └── item: integer #25
                    │           └── variant_1: struct #34
                    │               └── [not]: either '_integer_filter' #33
                    │                   ├── variant_0: integer #25
                    │                   ├── variant_1: struct #28
                    │                   │   └── [equals]: integer #25
                    │                   ├── variant_2: struct #29
                    │                   │   └── [not]: integer #25
                    │                   ├── variant_3: struct #30
                    │                   │   ├── [gt]: optional #26
                    │                   │   │   └── item: integer #25
                    │                   │   ├── [gte]: optional #26
                    │                   │   │   └── item: integer #25
                    │                   │   ├── [lt]: optional #26
                    │                   │   │   └── item: integer #25
                    │                   │   └── [lte]: optional #26
                    │                   │       └── item: integer #25
                    │                   ├── variant_4: struct #31
                    │                   │   └── [in]: list #27
                    │                   │       └── item: integer #25
                    │                   └── variant_5: struct #32
                    │                       └── [notIn]: list #27
                    │                           └── item: integer #25
                    └── [title]: optional '_52__string_filter_c?' #52
                        └── item: optional '_string_filter_c' #22
                            └── item: union #21
                                ├── variant_0: union '_string_filter' #19
                                │   ├── variant_0: string #7
                                │   ├── variant_1: struct #10
                                │   │   └── [equals]: string #7
                                │   ├── variant_2: struct #11
                                │   │   └── [not]: string #7
                                │   ├── variant_3: struct #12
                                │   │   └── [in]: list #9
                                │   │       └── item: string #7
                                │   ├── variant_4: struct #13
                                │   │   └── [notIn]: list #9
                                │   │       └── item: string #7
                                │   ├── variant_5: struct #16
                                │   │   ├── [contains]: string #7
                                │   │   └── [mode]: optional #15
                                │   │       └── item: string #14 enum{ '"insensitive"' }
                                │   ├── variant_6: struct #17
                                │   │   └── [search]: string #7
                                │   └── variant_7: struct #18
                                │       ├── [endsWith]: optional #8
                                │       │   └── item: string #7
                                │       └── [startsWith]: optional #8
                                │           └── item: string #7
                                └── variant_1: struct #20
                                    └── [not]: union '_string_filter' #19
                                        ├── variant_0: string #7
                                        ├── variant_1: struct #10
                                        │   └── [equals]: string #7
                                        ├── variant_2: struct #11
                                        │   └── [not]: string #7
                                        ├── variant_3: struct #12
                                        │   └── [in]: list #9
                                        │       └── item: string #7
                                        ├── variant_4: struct #13
                                        │   └── [notIn]: list #9
                                        │       └── item: string #7
                                        ├── variant_5: struct #16
                                        │   ├── [contains]: string #7
                                        │   └── [mode]: optional #15
                                        │       └── item: string #14 enum{ '"insensitive"' }
                                        ├── variant_6: struct #17
                                        │   └── [search]: string #7
                                        └── variant_7: struct #18
                                            ├── [endsWith]: optional #8
                                            │   └── item: string #7
                                            └── [startsWith]: optional #8
                                                └── item: string #7

