---
source: typegraph/core/src/runtimes/prisma/type_generation/mod.rs
expression: "tree::print(inp)"
---
root: struct #125
├─ [data]: struct '_Post_UpdateInput' #122
│  ├─ [id]: optional #93
│  │  └─ item: integer #17
│  ├─ [title]: optional #94
│  │  └─ item: string #18
│  └─ [author]: optional #121
│     └─ item: union #120
│        ├─ variant_0: struct #113
│        │  └─ [create]: struct '_User_CreateInput_excluding___rel_Post_User_1' #95
│        │     ├─ [id]: integer #12
│        │     └─ [name]: string #13
│        ├─ variant_1: struct #114
│        │  └─ [connect]: struct 'UserWhere' #111
│        │     ├─ [id]: optional '_96__integer_filter_c?' #96
│        │     │  └─ item: optional '_integer_filter_c' #36
│        │     │     └─ item: union #35
│        │     │        ├─ variant_0: either '_integer_filter' #33
│        │     │        │  ├─ variant_0: integer #25
│        │     │        │  ├─ variant_1: struct #28
│        │     │        │  │  └─ [equals]: integer #25
│        │     │        │  ├─ variant_2: struct #29
│        │     │        │  │  └─ [not]: integer #25
│        │     │        │  ├─ variant_3: struct #30
│        │     │        │  │  ├─ [lt]: optional #26
│        │     │        │  │  │  └─ item: integer #25
│        │     │        │  │  ├─ [gt]: optional #26
│        │     │        │  │  │  └─ item: integer #25
│        │     │        │  │  ├─ [lte]: optional #26
│        │     │        │  │  │  └─ item: integer #25
│        │     │        │  │  └─ [gte]: optional #26
│        │     │        │  │     └─ item: integer #25
│        │     │        │  ├─ variant_4: struct #31
│        │     │        │  │  └─ [in]: array #27
│        │     │        │  │     └─ item: integer #25
│        │     │        │  └─ variant_5: struct #32
│        │     │        │     └─ [notIn]: array #27
│        │     │        │        └─ item: integer #25
│        │     │        └─ variant_1: struct #34
│        │     │           └─ [not]: either '_integer_filter' #33
│        │     │              ├─ variant_0: integer #25
│        │     │              ├─ variant_1: struct #28
│        │     │              │  └─ [equals]: integer #25
│        │     │              ├─ variant_2: struct #29
│        │     │              │  └─ [not]: integer #25
│        │     │              ├─ variant_3: struct #30
│        │     │              │  ├─ [lt]: optional #26
│        │     │              │  │  └─ item: integer #25
│        │     │              │  ├─ [gt]: optional #26
│        │     │              │  │  └─ item: integer #25
│        │     │              │  ├─ [lte]: optional #26
│        │     │              │  │  └─ item: integer #25
│        │     │              │  └─ [gte]: optional #26
│        │     │              │     └─ item: integer #25
│        │     │              ├─ variant_4: struct #31
│        │     │              │  └─ [in]: array #27
│        │     │              │     └─ item: integer #25
│        │     │              └─ variant_5: struct #32
│        │     │                 └─ [notIn]: array #27
│        │     │                    └─ item: integer #25
│        │     ├─ [name]: optional '_97__string_filter_c?' #97
│        │     │  └─ item: optional '_string_filter_c' #53
│        │     │     └─ item: union #52
│        │     │        ├─ variant_0: union '_string_filter' #50
│        │     │        │  ├─ variant_0: string #38
│        │     │        │  ├─ variant_1: struct #41
│        │     │        │  │  └─ [equals]: string #38
│        │     │        │  ├─ variant_2: struct #42
│        │     │        │  │  └─ [not]: string #38
│        │     │        │  ├─ variant_3: struct #43
│        │     │        │  │  └─ [in]: array #40
│        │     │        │  │     └─ item: string #38
│        │     │        │  ├─ variant_4: struct #44
│        │     │        │  │  └─ [notIn]: array #40
│        │     │        │  │     └─ item: string #38
│        │     │        │  ├─ variant_5: struct #47
│        │     │        │  │  ├─ [contains]: string #38
│        │     │        │  │  └─ [mode]: optional #46
│        │     │        │  │     └─ item: string #45 enum{ '"insensitive"' }
│        │     │        │  ├─ variant_6: struct #48
│        │     │        │  │  └─ [search]: string #38
│        │     │        │  └─ variant_7: struct #49
│        │     │        │     ├─ [startsWith]: optional #39
│        │     │        │     │  └─ item: string #38
│        │     │        │     └─ [endsWith]: optional #39
│        │     │        │        └─ item: string #38
│        │     │        └─ variant_1: struct #51
│        │     │           └─ [not]: union '_string_filter' #50
│        │     │              ├─ variant_0: string #38
│        │     │              ├─ variant_1: struct #41
│        │     │              │  └─ [equals]: string #38
│        │     │              ├─ variant_2: struct #42
│        │     │              │  └─ [not]: string #38
│        │     │              ├─ variant_3: struct #43
│        │     │              │  └─ [in]: array #40
│        │     │              │     └─ item: string #38
│        │     │              ├─ variant_4: struct #44
│        │     │              │  └─ [notIn]: array #40
│        │     │              │     └─ item: string #38
│        │     │              ├─ variant_5: struct #47
│        │     │              │  ├─ [contains]: string #38
│        │     │              │  └─ [mode]: optional #46
│        │     │              │     └─ item: string #45 enum{ '"insensitive"' }
│        │     │              ├─ variant_6: struct #48
│        │     │              │  └─ [search]: string #38
│        │     │              └─ variant_7: struct #49
│        │     │                 ├─ [startsWith]: optional #39
│        │     │                 │  └─ item: string #38
│        │     │                 └─ [endsWith]: optional #39
│        │     │                    └─ item: string #38
│        │     └─ [posts]: optional #110
│        │        └─ item: union #109
│        │           ├─ variant_0: struct #104
│        │           │  └─ [every]: optional '_103_PostWhere__skip_16_UserWhere?' #103
│        │           │     └─ item: struct 'PostWhere__skip_16_UserWhere' #102
│        │           │        ├─ [id]: optional '_98__integer_filter_c?' #98
│        │           │        │  └─ item: optional '_integer_filter_c' #36
│        │           │        │     └─ item: union #35
│        │           │        │        ├─ variant_0: either '_integer_filter' #33
│        │           │        │        │  ├─ variant_0: integer #25
│        │           │        │        │  ├─ variant_1: struct #28
│        │           │        │        │  │  └─ [equals]: integer #25
│        │           │        │        │  ├─ variant_2: struct #29
│        │           │        │        │  │  └─ [not]: integer #25
│        │           │        │        │  ├─ variant_3: struct #30
│        │           │        │        │  │  ├─ [lt]: optional #26
│        │           │        │        │  │  │  └─ item: integer #25
│        │           │        │        │  │  ├─ [gt]: optional #26
│        │           │        │        │  │  │  └─ item: integer #25
│        │           │        │        │  │  ├─ [lte]: optional #26
│        │           │        │        │  │  │  └─ item: integer #25
│        │           │        │        │  │  └─ [gte]: optional #26
│        │           │        │        │  │     └─ item: integer #25
│        │           │        │        │  ├─ variant_4: struct #31
│        │           │        │        │  │  └─ [in]: array #27
│        │           │        │        │  │     └─ item: integer #25
│        │           │        │        │  └─ variant_5: struct #32
│        │           │        │        │     └─ [notIn]: array #27
│        │           │        │        │        └─ item: integer #25
│        │           │        │        └─ variant_1: struct #34
│        │           │        │           └─ [not]: either '_integer_filter' #33
│        │           │        │              ├─ variant_0: integer #25
│        │           │        │              ├─ variant_1: struct #28
│        │           │        │              │  └─ [equals]: integer #25
│        │           │        │              ├─ variant_2: struct #29
│        │           │        │              │  └─ [not]: integer #25
│        │           │        │              ├─ variant_3: struct #30
│        │           │        │              │  ├─ [lt]: optional #26
│        │           │        │              │  │  └─ item: integer #25
│        │           │        │              │  ├─ [gt]: optional #26
│        │           │        │              │  │  └─ item: integer #25
│        │           │        │              │  ├─ [lte]: optional #26
│        │           │        │              │  │  └─ item: integer #25
│        │           │        │              │  └─ [gte]: optional #26
│        │           │        │              │     └─ item: integer #25
│        │           │        │              ├─ variant_4: struct #31
│        │           │        │              │  └─ [in]: array #27
│        │           │        │              │     └─ item: integer #25
│        │           │        │              └─ variant_5: struct #32
│        │           │        │                 └─ [notIn]: array #27
│        │           │        │                    └─ item: integer #25
│        │           │        ├─ [title]: optional '_99__string_filter_c?' #99
│        │           │        │  └─ item: optional '_string_filter_c' #53
│        │           │        │     └─ item: union #52
│        │           │        │        ├─ variant_0: union '_string_filter' #50
│        │           │        │        │  ├─ variant_0: string #38
│        │           │        │        │  ├─ variant_1: struct #41
│        │           │        │        │  │  └─ [equals]: string #38
│        │           │        │        │  ├─ variant_2: struct #42
│        │           │        │        │  │  └─ [not]: string #38
│        │           │        │        │  ├─ variant_3: struct #43
│        │           │        │        │  │  └─ [in]: array #40
│        │           │        │        │  │     └─ item: string #38
│        │           │        │        │  ├─ variant_4: struct #44
│        │           │        │        │  │  └─ [notIn]: array #40
│        │           │        │        │  │     └─ item: string #38
│        │           │        │        │  ├─ variant_5: struct #47
│        │           │        │        │  │  ├─ [contains]: string #38
│        │           │        │        │  │  └─ [mode]: optional #46
│        │           │        │        │  │     └─ item: string #45 enum{ '"insensitive"' }
│        │           │        │        │  ├─ variant_6: struct #48
│        │           │        │        │  │  └─ [search]: string #38
│        │           │        │        │  └─ variant_7: struct #49
│        │           │        │        │     ├─ [startsWith]: optional #39
│        │           │        │        │     │  └─ item: string #38
│        │           │        │        │     └─ [endsWith]: optional #39
│        │           │        │        │        └─ item: string #38
│        │           │        │        └─ variant_1: struct #51
│        │           │        │           └─ [not]: union '_string_filter' #50
│        │           │        │              ├─ variant_0: string #38
│        │           │        │              ├─ variant_1: struct #41
│        │           │        │              │  └─ [equals]: string #38
│        │           │        │              ├─ variant_2: struct #42
│        │           │        │              │  └─ [not]: string #38
│        │           │        │              ├─ variant_3: struct #43
│        │           │        │              │  └─ [in]: array #40
│        │           │        │              │     └─ item: string #38
│        │           │        │              ├─ variant_4: struct #44
│        │           │        │              │  └─ [notIn]: array #40
│        │           │        │              │     └─ item: string #38
│        │           │        │              ├─ variant_5: struct #47
│        │           │        │              │  ├─ [contains]: string #38
│        │           │        │              │  └─ [mode]: optional #46
│        │           │        │              │     └─ item: string #45 enum{ '"insensitive"' }
│        │           │        │              ├─ variant_6: struct #48
│        │           │        │              │  └─ [search]: string #38
│        │           │        │              └─ variant_7: struct #49
│        │           │        │                 ├─ [startsWith]: optional #39
│        │           │        │                 │  └─ item: string #38
│        │           │        │                 └─ [endsWith]: optional #39
│        │           │        │                    └─ item: string #38
│        │           │        └─ [author]: optional '_101_UserWhere?' #101
│        │           │           └─ item: &UserWhere #100
│        │           ├─ variant_1: struct #106
│        │           │  └─ [some]: optional '_105_PostWhere__skip_16_UserWhere?' #105
│        │           │     └─ item: struct 'PostWhere__skip_16_UserWhere' #102
│        │           │        ├─ [id]: optional '_98__integer_filter_c?' #98
│        │           │        │  └─ item: optional '_integer_filter_c' #36
│        │           │        │     └─ item: union #35
│        │           │        │        ├─ variant_0: either '_integer_filter' #33
│        │           │        │        │  ├─ variant_0: integer #25
│        │           │        │        │  ├─ variant_1: struct #28
│        │           │        │        │  │  └─ [equals]: integer #25
│        │           │        │        │  ├─ variant_2: struct #29
│        │           │        │        │  │  └─ [not]: integer #25
│        │           │        │        │  ├─ variant_3: struct #30
│        │           │        │        │  │  ├─ [lt]: optional #26
│        │           │        │        │  │  │  └─ item: integer #25
│        │           │        │        │  │  ├─ [gt]: optional #26
│        │           │        │        │  │  │  └─ item: integer #25
│        │           │        │        │  │  ├─ [lte]: optional #26
│        │           │        │        │  │  │  └─ item: integer #25
│        │           │        │        │  │  └─ [gte]: optional #26
│        │           │        │        │  │     └─ item: integer #25
│        │           │        │        │  ├─ variant_4: struct #31
│        │           │        │        │  │  └─ [in]: array #27
│        │           │        │        │  │     └─ item: integer #25
│        │           │        │        │  └─ variant_5: struct #32
│        │           │        │        │     └─ [notIn]: array #27
│        │           │        │        │        └─ item: integer #25
│        │           │        │        └─ variant_1: struct #34
│        │           │        │           └─ [not]: either '_integer_filter' #33
│        │           │        │              ├─ variant_0: integer #25
│        │           │        │              ├─ variant_1: struct #28
│        │           │        │              │  └─ [equals]: integer #25
│        │           │        │              ├─ variant_2: struct #29
│        │           │        │              │  └─ [not]: integer #25
│        │           │        │              ├─ variant_3: struct #30
│        │           │        │              │  ├─ [lt]: optional #26
│        │           │        │              │  │  └─ item: integer #25
│        │           │        │              │  ├─ [gt]: optional #26
│        │           │        │              │  │  └─ item: integer #25
│        │           │        │              │  ├─ [lte]: optional #26
│        │           │        │              │  │  └─ item: integer #25
│        │           │        │              │  └─ [gte]: optional #26
│        │           │        │              │     └─ item: integer #25
│        │           │        │              ├─ variant_4: struct #31
│        │           │        │              │  └─ [in]: array #27
│        │           │        │              │     └─ item: integer #25
│        │           │        │              └─ variant_5: struct #32
│        │           │        │                 └─ [notIn]: array #27
│        │           │        │                    └─ item: integer #25
│        │           │        ├─ [title]: optional '_99__string_filter_c?' #99
│        │           │        │  └─ item: optional '_string_filter_c' #53
│        │           │        │     └─ item: union #52
│        │           │        │        ├─ variant_0: union '_string_filter' #50
│        │           │        │        │  ├─ variant_0: string #38
│        │           │        │        │  ├─ variant_1: struct #41
│        │           │        │        │  │  └─ [equals]: string #38
│        │           │        │        │  ├─ variant_2: struct #42
│        │           │        │        │  │  └─ [not]: string #38
│        │           │        │        │  ├─ variant_3: struct #43
│        │           │        │        │  │  └─ [in]: array #40
│        │           │        │        │  │     └─ item: string #38
│        │           │        │        │  ├─ variant_4: struct #44
│        │           │        │        │  │  └─ [notIn]: array #40
│        │           │        │        │  │     └─ item: string #38
│        │           │        │        │  ├─ variant_5: struct #47
│        │           │        │        │  │  ├─ [contains]: string #38
│        │           │        │        │  │  └─ [mode]: optional #46
│        │           │        │        │  │     └─ item: string #45 enum{ '"insensitive"' }
│        │           │        │        │  ├─ variant_6: struct #48
│        │           │        │        │  │  └─ [search]: string #38
│        │           │        │        │  └─ variant_7: struct #49
│        │           │        │        │     ├─ [startsWith]: optional #39
│        │           │        │        │     │  └─ item: string #38
│        │           │        │        │     └─ [endsWith]: optional #39
│        │           │        │        │        └─ item: string #38
│        │           │        │        └─ variant_1: struct #51
│        │           │        │           └─ [not]: union '_string_filter' #50
│        │           │        │              ├─ variant_0: string #38
│        │           │        │              ├─ variant_1: struct #41
│        │           │        │              │  └─ [equals]: string #38
│        │           │        │              ├─ variant_2: struct #42
│        │           │        │              │  └─ [not]: string #38
│        │           │        │              ├─ variant_3: struct #43
│        │           │        │              │  └─ [in]: array #40
│        │           │        │              │     └─ item: string #38
│        │           │        │              ├─ variant_4: struct #44
│        │           │        │              │  └─ [notIn]: array #40
│        │           │        │              │     └─ item: string #38
│        │           │        │              ├─ variant_5: struct #47
│        │           │        │              │  ├─ [contains]: string #38
│        │           │        │              │  └─ [mode]: optional #46
│        │           │        │              │     └─ item: string #45 enum{ '"insensitive"' }
│        │           │        │              ├─ variant_6: struct #48
│        │           │        │              │  └─ [search]: string #38
│        │           │        │              └─ variant_7: struct #49
│        │           │        │                 ├─ [startsWith]: optional #39
│        │           │        │                 │  └─ item: string #38
│        │           │        │                 └─ [endsWith]: optional #39
│        │           │        │                    └─ item: string #38
│        │           │        └─ [author]: optional '_101_UserWhere?' #101
│        │           │           └─ item: &UserWhere #100
│        │           └─ variant_2: struct #108
│        │              └─ [none]: optional '_107_PostWhere__skip_16_UserWhere?' #107
│        │                 └─ item: struct 'PostWhere__skip_16_UserWhere' #102
│        │                    ├─ [id]: optional '_98__integer_filter_c?' #98
│        │                    │  └─ item: optional '_integer_filter_c' #36
│        │                    │     └─ item: union #35
│        │                    │        ├─ variant_0: either '_integer_filter' #33
│        │                    │        │  ├─ variant_0: integer #25
│        │                    │        │  ├─ variant_1: struct #28
│        │                    │        │  │  └─ [equals]: integer #25
│        │                    │        │  ├─ variant_2: struct #29
│        │                    │        │  │  └─ [not]: integer #25
│        │                    │        │  ├─ variant_3: struct #30
│        │                    │        │  │  ├─ [lt]: optional #26
│        │                    │        │  │  │  └─ item: integer #25
│        │                    │        │  │  ├─ [gt]: optional #26
│        │                    │        │  │  │  └─ item: integer #25
│        │                    │        │  │  ├─ [lte]: optional #26
│        │                    │        │  │  │  └─ item: integer #25
│        │                    │        │  │  └─ [gte]: optional #26
│        │                    │        │  │     └─ item: integer #25
│        │                    │        │  ├─ variant_4: struct #31
│        │                    │        │  │  └─ [in]: array #27
│        │                    │        │  │     └─ item: integer #25
│        │                    │        │  └─ variant_5: struct #32
│        │                    │        │     └─ [notIn]: array #27
│        │                    │        │        └─ item: integer #25
│        │                    │        └─ variant_1: struct #34
│        │                    │           └─ [not]: either '_integer_filter' #33
│        │                    │              ├─ variant_0: integer #25
│        │                    │              ├─ variant_1: struct #28
│        │                    │              │  └─ [equals]: integer #25
│        │                    │              ├─ variant_2: struct #29
│        │                    │              │  └─ [not]: integer #25
│        │                    │              ├─ variant_3: struct #30
│        │                    │              │  ├─ [lt]: optional #26
│        │                    │              │  │  └─ item: integer #25
│        │                    │              │  ├─ [gt]: optional #26
│        │                    │              │  │  └─ item: integer #25
│        │                    │              │  ├─ [lte]: optional #26
│        │                    │              │  │  └─ item: integer #25
│        │                    │              │  └─ [gte]: optional #26
│        │                    │              │     └─ item: integer #25
│        │                    │              ├─ variant_4: struct #31
│        │                    │              │  └─ [in]: array #27
│        │                    │              │     └─ item: integer #25
│        │                    │              └─ variant_5: struct #32
│        │                    │                 └─ [notIn]: array #27
│        │                    │                    └─ item: integer #25
│        │                    ├─ [title]: optional '_99__string_filter_c?' #99
│        │                    │  └─ item: optional '_string_filter_c' #53
│        │                    │     └─ item: union #52
│        │                    │        ├─ variant_0: union '_string_filter' #50
│        │                    │        │  ├─ variant_0: string #38
│        │                    │        │  ├─ variant_1: struct #41
│        │                    │        │  │  └─ [equals]: string #38
│        │                    │        │  ├─ variant_2: struct #42
│        │                    │        │  │  └─ [not]: string #38
│        │                    │        │  ├─ variant_3: struct #43
│        │                    │        │  │  └─ [in]: array #40
│        │                    │        │  │     └─ item: string #38
│        │                    │        │  ├─ variant_4: struct #44
│        │                    │        │  │  └─ [notIn]: array #40
│        │                    │        │  │     └─ item: string #38
│        │                    │        │  ├─ variant_5: struct #47
│        │                    │        │  │  ├─ [contains]: string #38
│        │                    │        │  │  └─ [mode]: optional #46
│        │                    │        │  │     └─ item: string #45 enum{ '"insensitive"' }
│        │                    │        │  ├─ variant_6: struct #48
│        │                    │        │  │  └─ [search]: string #38
│        │                    │        │  └─ variant_7: struct #49
│        │                    │        │     ├─ [startsWith]: optional #39
│        │                    │        │     │  └─ item: string #38
│        │                    │        │     └─ [endsWith]: optional #39
│        │                    │        │        └─ item: string #38
│        │                    │        └─ variant_1: struct #51
│        │                    │           └─ [not]: union '_string_filter' #50
│        │                    │              ├─ variant_0: string #38
│        │                    │              ├─ variant_1: struct #41
│        │                    │              │  └─ [equals]: string #38
│        │                    │              ├─ variant_2: struct #42
│        │                    │              │  └─ [not]: string #38
│        │                    │              ├─ variant_3: struct #43
│        │                    │              │  └─ [in]: array #40
│        │                    │              │     └─ item: string #38
│        │                    │              ├─ variant_4: struct #44
│        │                    │              │  └─ [notIn]: array #40
│        │                    │              │     └─ item: string #38
│        │                    │              ├─ variant_5: struct #47
│        │                    │              │  ├─ [contains]: string #38
│        │                    │              │  └─ [mode]: optional #46
│        │                    │              │     └─ item: string #45 enum{ '"insensitive"' }
│        │                    │              ├─ variant_6: struct #48
│        │                    │              │  └─ [search]: string #38
│        │                    │              └─ variant_7: struct #49
│        │                    │                 ├─ [startsWith]: optional #39
│        │                    │                 │  └─ item: string #38
│        │                    │                 └─ [endsWith]: optional #39
│        │                    │                    └─ item: string #38
│        │                    └─ [author]: optional '_101_UserWhere?' #101
│        │                       └─ item: &UserWhere #100
│        ├─ variant_2: struct #115
│        │  └─ [connectOrCreate]: struct #112
│        │     ├─ [create]: struct '_User_CreateInput_excluding___rel_Post_User_1' #95
│        │     │  ├─ [id]: integer #12
│        │     │  └─ [name]: string #13
│        │     └─ [where]: struct 'UserWhere' #111
│        │        ├─ [id]: optional '_96__integer_filter_c?' #96
│        │        │  └─ item: optional '_integer_filter_c' #36
│        │        │     └─ item: union #35
│        │        │        ├─ variant_0: either '_integer_filter' #33
│        │        │        │  ├─ variant_0: integer #25
│        │        │        │  ├─ variant_1: struct #28
│        │        │        │  │  └─ [equals]: integer #25
│        │        │        │  ├─ variant_2: struct #29
│        │        │        │  │  └─ [not]: integer #25
│        │        │        │  ├─ variant_3: struct #30
│        │        │        │  │  ├─ [lt]: optional #26
│        │        │        │  │  │  └─ item: integer #25
│        │        │        │  │  ├─ [gt]: optional #26
│        │        │        │  │  │  └─ item: integer #25
│        │        │        │  │  ├─ [lte]: optional #26
│        │        │        │  │  │  └─ item: integer #25
│        │        │        │  │  └─ [gte]: optional #26
│        │        │        │  │     └─ item: integer #25
│        │        │        │  ├─ variant_4: struct #31
│        │        │        │  │  └─ [in]: array #27
│        │        │        │  │     └─ item: integer #25
│        │        │        │  └─ variant_5: struct #32
│        │        │        │     └─ [notIn]: array #27
│        │        │        │        └─ item: integer #25
│        │        │        └─ variant_1: struct #34
│        │        │           └─ [not]: either '_integer_filter' #33
│        │        │              ├─ variant_0: integer #25
│        │        │              ├─ variant_1: struct #28
│        │        │              │  └─ [equals]: integer #25
│        │        │              ├─ variant_2: struct #29
│        │        │              │  └─ [not]: integer #25
│        │        │              ├─ variant_3: struct #30
│        │        │              │  ├─ [lt]: optional #26
│        │        │              │  │  └─ item: integer #25
│        │        │              │  ├─ [gt]: optional #26
│        │        │              │  │  └─ item: integer #25
│        │        │              │  ├─ [lte]: optional #26
│        │        │              │  │  └─ item: integer #25
│        │        │              │  └─ [gte]: optional #26
│        │        │              │     └─ item: integer #25
│        │        │              ├─ variant_4: struct #31
│        │        │              │  └─ [in]: array #27
│        │        │              │     └─ item: integer #25
│        │        │              └─ variant_5: struct #32
│        │        │                 └─ [notIn]: array #27
│        │        │                    └─ item: integer #25
│        │        ├─ [name]: optional '_97__string_filter_c?' #97
│        │        │  └─ item: optional '_string_filter_c' #53
│        │        │     └─ item: union #52
│        │        │        ├─ variant_0: union '_string_filter' #50
│        │        │        │  ├─ variant_0: string #38
│        │        │        │  ├─ variant_1: struct #41
│        │        │        │  │  └─ [equals]: string #38
│        │        │        │  ├─ variant_2: struct #42
│        │        │        │  │  └─ [not]: string #38
│        │        │        │  ├─ variant_3: struct #43
│        │        │        │  │  └─ [in]: array #40
│        │        │        │  │     └─ item: string #38
│        │        │        │  ├─ variant_4: struct #44
│        │        │        │  │  └─ [notIn]: array #40
│        │        │        │  │     └─ item: string #38
│        │        │        │  ├─ variant_5: struct #47
│        │        │        │  │  ├─ [contains]: string #38
│        │        │        │  │  └─ [mode]: optional #46
│        │        │        │  │     └─ item: string #45 enum{ '"insensitive"' }
│        │        │        │  ├─ variant_6: struct #48
│        │        │        │  │  └─ [search]: string #38
│        │        │        │  └─ variant_7: struct #49
│        │        │        │     ├─ [startsWith]: optional #39
│        │        │        │     │  └─ item: string #38
│        │        │        │     └─ [endsWith]: optional #39
│        │        │        │        └─ item: string #38
│        │        │        └─ variant_1: struct #51
│        │        │           └─ [not]: union '_string_filter' #50
│        │        │              ├─ variant_0: string #38
│        │        │              ├─ variant_1: struct #41
│        │        │              │  └─ [equals]: string #38
│        │        │              ├─ variant_2: struct #42
│        │        │              │  └─ [not]: string #38
│        │        │              ├─ variant_3: struct #43
│        │        │              │  └─ [in]: array #40
│        │        │              │     └─ item: string #38
│        │        │              ├─ variant_4: struct #44
│        │        │              │  └─ [notIn]: array #40
│        │        │              │     └─ item: string #38
│        │        │              ├─ variant_5: struct #47
│        │        │              │  ├─ [contains]: string #38
│        │        │              │  └─ [mode]: optional #46
│        │        │              │     └─ item: string #45 enum{ '"insensitive"' }
│        │        │              ├─ variant_6: struct #48
│        │        │              │  └─ [search]: string #38
│        │        │              └─ variant_7: struct #49
│        │        │                 ├─ [startsWith]: optional #39
│        │        │                 │  └─ item: string #38
│        │        │                 └─ [endsWith]: optional #39
│        │        │                    └─ item: string #38
│        │        └─ [posts]: optional #110
│        │           └─ item: union #109
│        │              ├─ variant_0: struct #104
│        │              │  └─ [every]: optional '_103_PostWhere__skip_16_UserWhere?' #103
│        │              │     └─ item: struct 'PostWhere__skip_16_UserWhere' #102
│        │              │        ├─ [id]: optional '_98__integer_filter_c?' #98
│        │              │        │  └─ item: optional '_integer_filter_c' #36
│        │              │        │     └─ item: union #35
│        │              │        │        ├─ variant_0: either '_integer_filter' #33
│        │              │        │        │  ├─ variant_0: integer #25
│        │              │        │        │  ├─ variant_1: struct #28
│        │              │        │        │  │  └─ [equals]: integer #25
│        │              │        │        │  ├─ variant_2: struct #29
│        │              │        │        │  │  └─ [not]: integer #25
│        │              │        │        │  ├─ variant_3: struct #30
│        │              │        │        │  │  ├─ [lt]: optional #26
│        │              │        │        │  │  │  └─ item: integer #25
│        │              │        │        │  │  ├─ [gt]: optional #26
│        │              │        │        │  │  │  └─ item: integer #25
│        │              │        │        │  │  ├─ [lte]: optional #26
│        │              │        │        │  │  │  └─ item: integer #25
│        │              │        │        │  │  └─ [gte]: optional #26
│        │              │        │        │  │     └─ item: integer #25
│        │              │        │        │  ├─ variant_4: struct #31
│        │              │        │        │  │  └─ [in]: array #27
│        │              │        │        │  │     └─ item: integer #25
│        │              │        │        │  └─ variant_5: struct #32
│        │              │        │        │     └─ [notIn]: array #27
│        │              │        │        │        └─ item: integer #25
│        │              │        │        └─ variant_1: struct #34
│        │              │        │           └─ [not]: either '_integer_filter' #33
│        │              │        │              ├─ variant_0: integer #25
│        │              │        │              ├─ variant_1: struct #28
│        │              │        │              │  └─ [equals]: integer #25
│        │              │        │              ├─ variant_2: struct #29
│        │              │        │              │  └─ [not]: integer #25
│        │              │        │              ├─ variant_3: struct #30
│        │              │        │              │  ├─ [lt]: optional #26
│        │              │        │              │  │  └─ item: integer #25
│        │              │        │              │  ├─ [gt]: optional #26
│        │              │        │              │  │  └─ item: integer #25
│        │              │        │              │  ├─ [lte]: optional #26
│        │              │        │              │  │  └─ item: integer #25
│        │              │        │              │  └─ [gte]: optional #26
│        │              │        │              │     └─ item: integer #25
│        │              │        │              ├─ variant_4: struct #31
│        │              │        │              │  └─ [in]: array #27
│        │              │        │              │     └─ item: integer #25
│        │              │        │              └─ variant_5: struct #32
│        │              │        │                 └─ [notIn]: array #27
│        │              │        │                    └─ item: integer #25
│        │              │        ├─ [title]: optional '_99__string_filter_c?' #99
│        │              │        │  └─ item: optional '_string_filter_c' #53
│        │              │        │     └─ item: union #52
│        │              │        │        ├─ variant_0: union '_string_filter' #50
│        │              │        │        │  ├─ variant_0: string #38
│        │              │        │        │  ├─ variant_1: struct #41
│        │              │        │        │  │  └─ [equals]: string #38
│        │              │        │        │  ├─ variant_2: struct #42
│        │              │        │        │  │  └─ [not]: string #38
│        │              │        │        │  ├─ variant_3: struct #43
│        │              │        │        │  │  └─ [in]: array #40
│        │              │        │        │  │     └─ item: string #38
│        │              │        │        │  ├─ variant_4: struct #44
│        │              │        │        │  │  └─ [notIn]: array #40
│        │              │        │        │  │     └─ item: string #38
│        │              │        │        │  ├─ variant_5: struct #47
│        │              │        │        │  │  ├─ [contains]: string #38
│        │              │        │        │  │  └─ [mode]: optional #46
│        │              │        │        │  │     └─ item: string #45 enum{ '"insensitive"' }
│        │              │        │        │  ├─ variant_6: struct #48
│        │              │        │        │  │  └─ [search]: string #38
│        │              │        │        │  └─ variant_7: struct #49
│        │              │        │        │     ├─ [startsWith]: optional #39
│        │              │        │        │     │  └─ item: string #38
│        │              │        │        │     └─ [endsWith]: optional #39
│        │              │        │        │        └─ item: string #38
│        │              │        │        └─ variant_1: struct #51
│        │              │        │           └─ [not]: union '_string_filter' #50
│        │              │        │              ├─ variant_0: string #38
│        │              │        │              ├─ variant_1: struct #41
│        │              │        │              │  └─ [equals]: string #38
│        │              │        │              ├─ variant_2: struct #42
│        │              │        │              │  └─ [not]: string #38
│        │              │        │              ├─ variant_3: struct #43
│        │              │        │              │  └─ [in]: array #40
│        │              │        │              │     └─ item: string #38
│        │              │        │              ├─ variant_4: struct #44
│        │              │        │              │  └─ [notIn]: array #40
│        │              │        │              │     └─ item: string #38
│        │              │        │              ├─ variant_5: struct #47
│        │              │        │              │  ├─ [contains]: string #38
│        │              │        │              │  └─ [mode]: optional #46
│        │              │        │              │     └─ item: string #45 enum{ '"insensitive"' }
│        │              │        │              ├─ variant_6: struct #48
│        │              │        │              │  └─ [search]: string #38
│        │              │        │              └─ variant_7: struct #49
│        │              │        │                 ├─ [startsWith]: optional #39
│        │              │        │                 │  └─ item: string #38
│        │              │        │                 └─ [endsWith]: optional #39
│        │              │        │                    └─ item: string #38
│        │              │        └─ [author]: optional '_101_UserWhere?' #101
│        │              │           └─ item: &UserWhere #100
│        │              ├─ variant_1: struct #106
│        │              │  └─ [some]: optional '_105_PostWhere__skip_16_UserWhere?' #105
│        │              │     └─ item: struct 'PostWhere__skip_16_UserWhere' #102
│        │              │        ├─ [id]: optional '_98__integer_filter_c?' #98
│        │              │        │  └─ item: optional '_integer_filter_c' #36
│        │              │        │     └─ item: union #35
│        │              │        │        ├─ variant_0: either '_integer_filter' #33
│        │              │        │        │  ├─ variant_0: integer #25
│        │              │        │        │  ├─ variant_1: struct #28
│        │              │        │        │  │  └─ [equals]: integer #25
│        │              │        │        │  ├─ variant_2: struct #29
│        │              │        │        │  │  └─ [not]: integer #25
│        │              │        │        │  ├─ variant_3: struct #30
│        │              │        │        │  │  ├─ [lt]: optional #26
│        │              │        │        │  │  │  └─ item: integer #25
│        │              │        │        │  │  ├─ [gt]: optional #26
│        │              │        │        │  │  │  └─ item: integer #25
│        │              │        │        │  │  ├─ [lte]: optional #26
│        │              │        │        │  │  │  └─ item: integer #25
│        │              │        │        │  │  └─ [gte]: optional #26
│        │              │        │        │  │     └─ item: integer #25
│        │              │        │        │  ├─ variant_4: struct #31
│        │              │        │        │  │  └─ [in]: array #27
│        │              │        │        │  │     └─ item: integer #25
│        │              │        │        │  └─ variant_5: struct #32
│        │              │        │        │     └─ [notIn]: array #27
│        │              │        │        │        └─ item: integer #25
│        │              │        │        └─ variant_1: struct #34
│        │              │        │           └─ [not]: either '_integer_filter' #33
│        │              │        │              ├─ variant_0: integer #25
│        │              │        │              ├─ variant_1: struct #28
│        │              │        │              │  └─ [equals]: integer #25
│        │              │        │              ├─ variant_2: struct #29
│        │              │        │              │  └─ [not]: integer #25
│        │              │        │              ├─ variant_3: struct #30
│        │              │        │              │  ├─ [lt]: optional #26
│        │              │        │              │  │  └─ item: integer #25
│        │              │        │              │  ├─ [gt]: optional #26
│        │              │        │              │  │  └─ item: integer #25
│        │              │        │              │  ├─ [lte]: optional #26
│        │              │        │              │  │  └─ item: integer #25
│        │              │        │              │  └─ [gte]: optional #26
│        │              │        │              │     └─ item: integer #25
│        │              │        │              ├─ variant_4: struct #31
│        │              │        │              │  └─ [in]: array #27
│        │              │        │              │     └─ item: integer #25
│        │              │        │              └─ variant_5: struct #32
│        │              │        │                 └─ [notIn]: array #27
│        │              │        │                    └─ item: integer #25
│        │              │        ├─ [title]: optional '_99__string_filter_c?' #99
│        │              │        │  └─ item: optional '_string_filter_c' #53
│        │              │        │     └─ item: union #52
│        │              │        │        ├─ variant_0: union '_string_filter' #50
│        │              │        │        │  ├─ variant_0: string #38
│        │              │        │        │  ├─ variant_1: struct #41
│        │              │        │        │  │  └─ [equals]: string #38
│        │              │        │        │  ├─ variant_2: struct #42
│        │              │        │        │  │  └─ [not]: string #38
│        │              │        │        │  ├─ variant_3: struct #43
│        │              │        │        │  │  └─ [in]: array #40
│        │              │        │        │  │     └─ item: string #38
│        │              │        │        │  ├─ variant_4: struct #44
│        │              │        │        │  │  └─ [notIn]: array #40
│        │              │        │        │  │     └─ item: string #38
│        │              │        │        │  ├─ variant_5: struct #47
│        │              │        │        │  │  ├─ [contains]: string #38
│        │              │        │        │  │  └─ [mode]: optional #46
│        │              │        │        │  │     └─ item: string #45 enum{ '"insensitive"' }
│        │              │        │        │  ├─ variant_6: struct #48
│        │              │        │        │  │  └─ [search]: string #38
│        │              │        │        │  └─ variant_7: struct #49
│        │              │        │        │     ├─ [startsWith]: optional #39
│        │              │        │        │     │  └─ item: string #38
│        │              │        │        │     └─ [endsWith]: optional #39
│        │              │        │        │        └─ item: string #38
│        │              │        │        └─ variant_1: struct #51
│        │              │        │           └─ [not]: union '_string_filter' #50
│        │              │        │              ├─ variant_0: string #38
│        │              │        │              ├─ variant_1: struct #41
│        │              │        │              │  └─ [equals]: string #38
│        │              │        │              ├─ variant_2: struct #42
│        │              │        │              │  └─ [not]: string #38
│        │              │        │              ├─ variant_3: struct #43
│        │              │        │              │  └─ [in]: array #40
│        │              │        │              │     └─ item: string #38
│        │              │        │              ├─ variant_4: struct #44
│        │              │        │              │  └─ [notIn]: array #40
│        │              │        │              │     └─ item: string #38
│        │              │        │              ├─ variant_5: struct #47
│        │              │        │              │  ├─ [contains]: string #38
│        │              │        │              │  └─ [mode]: optional #46
│        │              │        │              │     └─ item: string #45 enum{ '"insensitive"' }
│        │              │        │              ├─ variant_6: struct #48
│        │              │        │              │  └─ [search]: string #38
│        │              │        │              └─ variant_7: struct #49
│        │              │        │                 ├─ [startsWith]: optional #39
│        │              │        │                 │  └─ item: string #38
│        │              │        │                 └─ [endsWith]: optional #39
│        │              │        │                    └─ item: string #38
│        │              │        └─ [author]: optional '_101_UserWhere?' #101
│        │              │           └─ item: &UserWhere #100
│        │              └─ variant_2: struct #108
│        │                 └─ [none]: optional '_107_PostWhere__skip_16_UserWhere?' #107
│        │                    └─ item: struct 'PostWhere__skip_16_UserWhere' #102
│        │                       ├─ [id]: optional '_98__integer_filter_c?' #98
│        │                       │  └─ item: optional '_integer_filter_c' #36
│        │                       │     └─ item: union #35
│        │                       │        ├─ variant_0: either '_integer_filter' #33
│        │                       │        │  ├─ variant_0: integer #25
│        │                       │        │  ├─ variant_1: struct #28
│        │                       │        │  │  └─ [equals]: integer #25
│        │                       │        │  ├─ variant_2: struct #29
│        │                       │        │  │  └─ [not]: integer #25
│        │                       │        │  ├─ variant_3: struct #30
│        │                       │        │  │  ├─ [lt]: optional #26
│        │                       │        │  │  │  └─ item: integer #25
│        │                       │        │  │  ├─ [gt]: optional #26
│        │                       │        │  │  │  └─ item: integer #25
│        │                       │        │  │  ├─ [lte]: optional #26
│        │                       │        │  │  │  └─ item: integer #25
│        │                       │        │  │  └─ [gte]: optional #26
│        │                       │        │  │     └─ item: integer #25
│        │                       │        │  ├─ variant_4: struct #31
│        │                       │        │  │  └─ [in]: array #27
│        │                       │        │  │     └─ item: integer #25
│        │                       │        │  └─ variant_5: struct #32
│        │                       │        │     └─ [notIn]: array #27
│        │                       │        │        └─ item: integer #25
│        │                       │        └─ variant_1: struct #34
│        │                       │           └─ [not]: either '_integer_filter' #33
│        │                       │              ├─ variant_0: integer #25
│        │                       │              ├─ variant_1: struct #28
│        │                       │              │  └─ [equals]: integer #25
│        │                       │              ├─ variant_2: struct #29
│        │                       │              │  └─ [not]: integer #25
│        │                       │              ├─ variant_3: struct #30
│        │                       │              │  ├─ [lt]: optional #26
│        │                       │              │  │  └─ item: integer #25
│        │                       │              │  ├─ [gt]: optional #26
│        │                       │              │  │  └─ item: integer #25
│        │                       │              │  ├─ [lte]: optional #26
│        │                       │              │  │  └─ item: integer #25
│        │                       │              │  └─ [gte]: optional #26
│        │                       │              │     └─ item: integer #25
│        │                       │              ├─ variant_4: struct #31
│        │                       │              │  └─ [in]: array #27
│        │                       │              │     └─ item: integer #25
│        │                       │              └─ variant_5: struct #32
│        │                       │                 └─ [notIn]: array #27
│        │                       │                    └─ item: integer #25
│        │                       ├─ [title]: optional '_99__string_filter_c?' #99
│        │                       │  └─ item: optional '_string_filter_c' #53
│        │                       │     └─ item: union #52
│        │                       │        ├─ variant_0: union '_string_filter' #50
│        │                       │        │  ├─ variant_0: string #38
│        │                       │        │  ├─ variant_1: struct #41
│        │                       │        │  │  └─ [equals]: string #38
│        │                       │        │  ├─ variant_2: struct #42
│        │                       │        │  │  └─ [not]: string #38
│        │                       │        │  ├─ variant_3: struct #43
│        │                       │        │  │  └─ [in]: array #40
│        │                       │        │  │     └─ item: string #38
│        │                       │        │  ├─ variant_4: struct #44
│        │                       │        │  │  └─ [notIn]: array #40
│        │                       │        │  │     └─ item: string #38
│        │                       │        │  ├─ variant_5: struct #47
│        │                       │        │  │  ├─ [contains]: string #38
│        │                       │        │  │  └─ [mode]: optional #46
│        │                       │        │  │     └─ item: string #45 enum{ '"insensitive"' }
│        │                       │        │  ├─ variant_6: struct #48
│        │                       │        │  │  └─ [search]: string #38
│        │                       │        │  └─ variant_7: struct #49
│        │                       │        │     ├─ [startsWith]: optional #39
│        │                       │        │     │  └─ item: string #38
│        │                       │        │     └─ [endsWith]: optional #39
│        │                       │        │        └─ item: string #38
│        │                       │        └─ variant_1: struct #51
│        │                       │           └─ [not]: union '_string_filter' #50
│        │                       │              ├─ variant_0: string #38
│        │                       │              ├─ variant_1: struct #41
│        │                       │              │  └─ [equals]: string #38
│        │                       │              ├─ variant_2: struct #42
│        │                       │              │  └─ [not]: string #38
│        │                       │              ├─ variant_3: struct #43
│        │                       │              │  └─ [in]: array #40
│        │                       │              │     └─ item: string #38
│        │                       │              ├─ variant_4: struct #44
│        │                       │              │  └─ [notIn]: array #40
│        │                       │              │     └─ item: string #38
│        │                       │              ├─ variant_5: struct #47
│        │                       │              │  ├─ [contains]: string #38
│        │                       │              │  └─ [mode]: optional #46
│        │                       │              │     └─ item: string #45 enum{ '"insensitive"' }
│        │                       │              ├─ variant_6: struct #48
│        │                       │              │  └─ [search]: string #38
│        │                       │              └─ variant_7: struct #49
│        │                       │                 ├─ [startsWith]: optional #39
│        │                       │                 │  └─ item: string #38
│        │                       │                 └─ [endsWith]: optional #39
│        │                       │                    └─ item: string #38
│        │                       └─ [author]: optional '_101_UserWhere?' #101
│        │                          └─ item: &UserWhere #100
│        └─ variant_3: struct #119
│           └─ [update]: struct '_User_UpdateInput_excluding___rel_Post_User_1' #118
│              ├─ [id]: optional #116
│              │  └─ item: integer #12
│              └─ [name]: optional #117
│                 └─ item: string #13
└─ [where]: struct 'QueryUniquePostWhereInput' #124
   └─ [id]: optional #123
      └─ item: integer #17

