---
source: typegraph/core/src/runtimes/prisma/type_generation/mod.rs
expression: "tree::print(inp)"
---
root: struct '_Post_QueryInput' #146
├─ [where]: optional '_134_QueryPostWhereInput?' #134
│  └─ item: struct 'QueryPostWhereInput' #133
│     ├─ [id]: optional '_113__integer_filter_c?' #113
│     │  └─ item: optional '_integer_filter_c' #34
│     │     └─ item: union #33
│     │        ├─ variant_0: either '_integer_filter' #31
│     │        │  ├─ variant_0: integer #23
│     │        │  ├─ variant_1: struct #26
│     │        │  │  └─ [equals]: integer #23
│     │        │  ├─ variant_2: struct #27
│     │        │  │  └─ [not]: integer #23
│     │        │  ├─ variant_3: struct #28
│     │        │  │  ├─ [lt]: optional #24
│     │        │  │  │  └─ item: integer #23
│     │        │  │  ├─ [gt]: optional #24
│     │        │  │  │  └─ item: integer #23
│     │        │  │  ├─ [lte]: optional #24
│     │        │  │  │  └─ item: integer #23
│     │        │  │  └─ [gte]: optional #24
│     │        │  │     └─ item: integer #23
│     │        │  ├─ variant_4: struct #29
│     │        │  │  └─ [in]: list #25
│     │        │  │     └─ item: integer #23
│     │        │  └─ variant_5: struct #30
│     │        │     └─ [notIn]: list #25
│     │        │        └─ item: integer #23
│     │        └─ variant_1: struct #32
│     │           └─ [not]: either '_integer_filter' #31
│     │              ├─ variant_0: integer #23
│     │              ├─ variant_1: struct #26
│     │              │  └─ [equals]: integer #23
│     │              ├─ variant_2: struct #27
│     │              │  └─ [not]: integer #23
│     │              ├─ variant_3: struct #28
│     │              │  ├─ [lt]: optional #24
│     │              │  │  └─ item: integer #23
│     │              │  ├─ [gt]: optional #24
│     │              │  │  └─ item: integer #23
│     │              │  ├─ [lte]: optional #24
│     │              │  │  └─ item: integer #23
│     │              │  └─ [gte]: optional #24
│     │              │     └─ item: integer #23
│     │              ├─ variant_4: struct #29
│     │              │  └─ [in]: list #25
│     │              │     └─ item: integer #23
│     │              └─ variant_5: struct #30
│     │                 └─ [notIn]: list #25
│     │                    └─ item: integer #23
│     ├─ [title]: optional '_114__string_filter_c?' #114
│     │  └─ item: optional '_string_filter_c' #20
│     │     └─ item: union #19
│     │        ├─ variant_0: union '_string_filter' #17
│     │        │  ├─ variant_0: string #5
│     │        │  ├─ variant_1: struct #8
│     │        │  │  └─ [equals]: string #5
│     │        │  ├─ variant_2: struct #9
│     │        │  │  └─ [not]: string #5
│     │        │  ├─ variant_3: struct #10
│     │        │  │  └─ [in]: list #7
│     │        │  │     └─ item: string #5
│     │        │  ├─ variant_4: struct #11
│     │        │  │  └─ [notIn]: list #7
│     │        │  │     └─ item: string #5
│     │        │  ├─ variant_5: struct #14
│     │        │  │  ├─ [contains]: string #5
│     │        │  │  └─ [mode]: optional #13
│     │        │  │     └─ item: string #12 enum{ '"insensitive"' }
│     │        │  ├─ variant_6: struct #15
│     │        │  │  └─ [search]: string #5
│     │        │  └─ variant_7: struct #16
│     │        │     ├─ [startsWith]: optional #6
│     │        │     │  └─ item: string #5
│     │        │     └─ [endsWith]: optional #6
│     │        │        └─ item: string #5
│     │        └─ variant_1: struct #18
│     │           └─ [not]: union '_string_filter' #17
│     │              ├─ variant_0: string #5
│     │              ├─ variant_1: struct #8
│     │              │  └─ [equals]: string #5
│     │              ├─ variant_2: struct #9
│     │              │  └─ [not]: string #5
│     │              ├─ variant_3: struct #10
│     │              │  └─ [in]: list #7
│     │              │     └─ item: string #5
│     │              ├─ variant_4: struct #11
│     │              │  └─ [notIn]: list #7
│     │              │     └─ item: string #5
│     │              ├─ variant_5: struct #14
│     │              │  ├─ [contains]: string #5
│     │              │  └─ [mode]: optional #13
│     │              │     └─ item: string #12 enum{ '"insensitive"' }
│     │              ├─ variant_6: struct #15
│     │              │  └─ [search]: string #5
│     │              └─ variant_7: struct #16
│     │                 ├─ [startsWith]: optional #6
│     │                 │  └─ item: string #5
│     │                 └─ [endsWith]: optional #6
│     │                    └─ item: string #5
│     ├─ [author]: optional '_127_UserWhere__skip_72_PostWhere?' #127
│     │  └─ item: struct 'UserWhere__skip_72_PostWhere' #126
│     │     ├─ [id]: optional '_115__integer_filter_c?' #115
│     │     │  └─ item: optional '_integer_filter_c' #34
│     │     │     └─ item: union #33
│     │     │        ├─ variant_0: either '_integer_filter' #31
│     │     │        │  ├─ variant_0: integer #23
│     │     │        │  ├─ variant_1: struct #26
│     │     │        │  │  └─ [equals]: integer #23
│     │     │        │  ├─ variant_2: struct #27
│     │     │        │  │  └─ [not]: integer #23
│     │     │        │  ├─ variant_3: struct #28
│     │     │        │  │  ├─ [lt]: optional #24
│     │     │        │  │  │  └─ item: integer #23
│     │     │        │  │  ├─ [gt]: optional #24
│     │     │        │  │  │  └─ item: integer #23
│     │     │        │  │  ├─ [lte]: optional #24
│     │     │        │  │  │  └─ item: integer #23
│     │     │        │  │  └─ [gte]: optional #24
│     │     │        │  │     └─ item: integer #23
│     │     │        │  ├─ variant_4: struct #29
│     │     │        │  │  └─ [in]: list #25
│     │     │        │  │     └─ item: integer #23
│     │     │        │  └─ variant_5: struct #30
│     │     │        │     └─ [notIn]: list #25
│     │     │        │        └─ item: integer #23
│     │     │        └─ variant_1: struct #32
│     │     │           └─ [not]: either '_integer_filter' #31
│     │     │              ├─ variant_0: integer #23
│     │     │              ├─ variant_1: struct #26
│     │     │              │  └─ [equals]: integer #23
│     │     │              ├─ variant_2: struct #27
│     │     │              │  └─ [not]: integer #23
│     │     │              ├─ variant_3: struct #28
│     │     │              │  ├─ [lt]: optional #24
│     │     │              │  │  └─ item: integer #23
│     │     │              │  ├─ [gt]: optional #24
│     │     │              │  │  └─ item: integer #23
│     │     │              │  ├─ [lte]: optional #24
│     │     │              │  │  └─ item: integer #23
│     │     │              │  └─ [gte]: optional #24
│     │     │              │     └─ item: integer #23
│     │     │              ├─ variant_4: struct #29
│     │     │              │  └─ [in]: list #25
│     │     │              │     └─ item: integer #23
│     │     │              └─ variant_5: struct #30
│     │     │                 └─ [notIn]: list #25
│     │     │                    └─ item: integer #23
│     │     ├─ [name]: optional '_116__string_filter_c?' #116
│     │     │  └─ item: optional '_string_filter_c' #20
│     │     │     └─ item: union #19
│     │     │        ├─ variant_0: union '_string_filter' #17
│     │     │        │  ├─ variant_0: string #5
│     │     │        │  ├─ variant_1: struct #8
│     │     │        │  │  └─ [equals]: string #5
│     │     │        │  ├─ variant_2: struct #9
│     │     │        │  │  └─ [not]: string #5
│     │     │        │  ├─ variant_3: struct #10
│     │     │        │  │  └─ [in]: list #7
│     │     │        │  │     └─ item: string #5
│     │     │        │  ├─ variant_4: struct #11
│     │     │        │  │  └─ [notIn]: list #7
│     │     │        │  │     └─ item: string #5
│     │     │        │  ├─ variant_5: struct #14
│     │     │        │  │  ├─ [contains]: string #5
│     │     │        │  │  └─ [mode]: optional #13
│     │     │        │  │     └─ item: string #12 enum{ '"insensitive"' }
│     │     │        │  ├─ variant_6: struct #15
│     │     │        │  │  └─ [search]: string #5
│     │     │        │  └─ variant_7: struct #16
│     │     │        │     ├─ [startsWith]: optional #6
│     │     │        │     │  └─ item: string #5
│     │     │        │     └─ [endsWith]: optional #6
│     │     │        │        └─ item: string #5
│     │     │        └─ variant_1: struct #18
│     │     │           └─ [not]: union '_string_filter' #17
│     │     │              ├─ variant_0: string #5
│     │     │              ├─ variant_1: struct #8
│     │     │              │  └─ [equals]: string #5
│     │     │              ├─ variant_2: struct #9
│     │     │              │  └─ [not]: string #5
│     │     │              ├─ variant_3: struct #10
│     │     │              │  └─ [in]: list #7
│     │     │              │     └─ item: string #5
│     │     │              ├─ variant_4: struct #11
│     │     │              │  └─ [notIn]: list #7
│     │     │              │     └─ item: string #5
│     │     │              ├─ variant_5: struct #14
│     │     │              │  ├─ [contains]: string #5
│     │     │              │  └─ [mode]: optional #13
│     │     │              │     └─ item: string #12 enum{ '"insensitive"' }
│     │     │              ├─ variant_6: struct #15
│     │     │              │  └─ [search]: string #5
│     │     │              └─ variant_7: struct #16
│     │     │                 ├─ [startsWith]: optional #6
│     │     │                 │  └─ item: string #5
│     │     │                 └─ [endsWith]: optional #6
│     │     │                    └─ item: string #5
│     │     └─ [posts]: optional #125
│     │        └─ item: union #124
│     │           ├─ variant_0: struct #119
│     │           │  └─ [every]: optional '_118_PostWhere?' #118
│     │           │     └─ item: &PostWhere #117
│     │           ├─ variant_1: struct #121
│     │           │  └─ [some]: optional '_120_PostWhere?' #120
│     │           │     └─ item: &PostWhere #117
│     │           └─ variant_2: struct #123
│     │              └─ [none]: optional '_122_PostWhere?' #122
│     │                 └─ item: &PostWhere #117
│     ├─ [AND]: optional '_131__130_QueryPostWhereInput[]?' #131
│     │  └─ item: list '_130_QueryPostWhereInput[]' #130
│     │     └─ item: &QueryPostWhereInput #129
│     ├─ [OR]: optional '_131__130_QueryPostWhereInput[]?' #131
│     │  └─ item: list '_130_QueryPostWhereInput[]' #130
│     │     └─ item: &QueryPostWhereInput #129
│     └─ [NOT]: optional '_132_QueryPostWhereInput?' #132
│        └─ item: &QueryPostWhereInput #129
├─ [orderBy]: optional '_140__Post_OrderBy?' #140
│  └─ item: list '_Post_OrderBy' #139
│     └─ item: struct #138
│        ├─ [id]: optional '_Sort' #47
│        │  └─ item: union #46
│        │     ├─ variant_0: struct #45
│        │     │  └─ [sort]: string '_SortOrder' #43 enum{ '"asc"', '"desc"' }
│        │     └─ variant_1: string '_SortOrder' #43 enum{ '"asc"', '"desc"' }
│        ├─ [title]: optional '_Sort' #47
│        │  └─ item: union #46
│        │     ├─ variant_0: struct #45
│        │     │  └─ [sort]: string '_SortOrder' #43 enum{ '"asc"', '"desc"' }
│        │     └─ variant_1: string '_SortOrder' #43 enum{ '"asc"', '"desc"' }
│        └─ [author]: optional '_137__User_OrderBy_excluding___rel_Post_User_1?' #137
│           └─ item: list '_User_OrderBy_excluding___rel_Post_User_1' #136
│              └─ item: struct #135
│                 ├─ [id]: optional '_Sort' #47
│                 │  └─ item: union #46
│                 │     ├─ variant_0: struct #45
│                 │     │  └─ [sort]: string '_SortOrder' #43 enum{ '"asc"', '"desc"' }
│                 │     └─ variant_1: string '_SortOrder' #43 enum{ '"asc"', '"desc"' }
│                 └─ [name]: optional '_Sort' #47
│                    └─ item: union #46
│                       ├─ variant_0: struct #45
│                       │  └─ [sort]: string '_SortOrder' #43 enum{ '"asc"', '"desc"' }
│                       └─ variant_1: string '_SortOrder' #43 enum{ '"asc"', '"desc"' }
├─ [take]: optional '_141__Take?' #141
│  └─ item: integer '_Take' #54
├─ [skip]: optional '_142__Skip?' #142
│  └─ item: integer '_Skip' #56
└─ [distinct]: optional '_145__KeysOf_Post?' #145
   └─ item: list '_KeysOf_Post' #144
      └─ item: string #143 enum{ '"id"', '"title"', '"author"' }

