export const snapshot = {};

snapshot[`s3 typegraphs 1`] = `
'{
  "types": [
    {
      "type": "object",
      "title": "s3",
      "properties": {
        "listObjects": 1,
        "getDownloadUrl": 10,
        "signTextUploadUrl": 13,
        "upload": 15,
        "uploadMany": 19
      },
      "id": [],
      "required": [
        "listObjects",
        "getDownloadUrl",
        "signTextUploadUrl",
        "upload",
        "uploadMany"
      ],
      "policies": {
        "listObjects": [
          0
        ],
        "getDownloadUrl": [
          0
        ],
        "signTextUploadUrl": [
          0
        ],
        "upload": [
          0
        ],
        "uploadMany": [
          0
        ]
      }
    },
    {
      "type": "function",
      "title": "root_listObjects_fn",
      "input": 2,
      "output": 5,
      "runtimeConfig": null,
      "materializer": 0,
      "rate_weight": null,
      "rate_calls": false
    },
    {
      "type": "object",
      "title": "root_listObjects_fn_input",
      "properties": {
        "path": 3
      },
      "id": [],
      "required": [],
      "policies": {
        "path": []
      }
    },
    {
      "type": "optional",
      "title": "string_7c0c4_optional_7c0c4",
      "item": 4,
      "default_value": null
    },
    {
      "type": "string",
      "title": "string_7c0c4"
    },
    {
      "type": "object",
      "title": "root_listObjects_fn_output",
      "properties": {
        "keys": 6,
        "prefix": 9
      },
      "id": [],
      "required": [],
      "policies": {
        "keys": [],
        "prefix": []
      }
    },
    {
      "type": "list",
      "title": "root_listObjects_fn_output_keys_root_listObjects_fn_output_keys_struct_list",
      "items": 7
    },
    {
      "type": "object",
      "title": "root_listObjects_fn_output_keys_struct",
      "properties": {
        "key": 4,
        "size": 8
      },
      "id": [],
      "required": [],
      "policies": {
        "key": [],
        "size": []
      }
    },
    {
      "type": "integer",
      "title": "integer_d5974"
    },
    {
      "type": "list",
      "title": "root_listObjects_fn_output_prefix_string_7c0c4_list",
      "items": 4
    },
    {
      "type": "function",
      "title": "root_getDownloadUrl_fn",
      "input": 11,
      "output": 12,
      "runtimeConfig": null,
      "materializer": 2,
      "rate_weight": null,
      "rate_calls": false
    },
    {
      "type": "object",
      "title": "root_getDownloadUrl_fn_input",
      "properties": {
        "path": 4
      },
      "id": [],
      "required": [],
      "policies": {
        "path": []
      }
    },
    {
      "type": "string",
      "title": "string_uri_99c36",
      "format": "uri"
    },
    {
      "type": "function",
      "title": "root_signTextUploadUrl_fn",
      "input": 14,
      "output": 12,
      "runtimeConfig": null,
      "materializer": 3,
      "rate_weight": null,
      "rate_calls": false
    },
    {
      "type": "object",
      "title": "root_signTextUploadUrl_fn_input",
      "properties": {
        "length": 8,
        "path": 4
      },
      "id": [],
      "required": [],
      "policies": {
        "length": [],
        "path": []
      }
    },
    {
      "type": "function",
      "title": "root_upload_fn",
      "input": 16,
      "output": 18,
      "runtimeConfig": null,
      "materializer": 4,
      "rate_weight": null,
      "rate_calls": false
    },
    {
      "type": "object",
      "title": "root_upload_fn_input",
      "properties": {
        "file": 17,
        "path": 3
      },
      "id": [],
      "required": [],
      "policies": {
        "file": [],
        "path": []
      }
    },
    {
      "type": "file",
      "title": "root_upload_fn_input_file_file",
      "mimeTypes": [
        "text/plain"
      ]
    },
    {
      "type": "boolean",
      "title": "boolean_02b82"
    },
    {
      "type": "function",
      "title": "root_uploadMany_fn",
      "input": 20,
      "output": 18,
      "runtimeConfig": null,
      "materializer": 5,
      "rate_weight": null,
      "rate_calls": false
    },
    {
      "type": "object",
      "title": "root_uploadMany_fn_input",
      "properties": {
        "prefix": 21,
        "files": 22
      },
      "id": [],
      "required": [],
      "policies": {
        "prefix": [],
        "files": []
      }
    },
    {
      "type": "optional",
      "title": "root_uploadMany_fn_input_prefix_string_7c0c4_optional",
      "item": 4,
      "default_value": ""
    },
    {
      "type": "list",
      "title": "root_uploadMany_fn_input_files_root_uploadMany_fn_input_files_file_list",
      "items": 23
    },
    {
      "type": "file",
      "title": "root_uploadMany_fn_input_files_file"
    }
  ],
  "materializers": [
    {
      "name": "list",
      "runtime": 1,
      "effect": {
        "effect": "read",
        "idempotent": true
      },
      "data": {
        "bucket": "bucket"
      }
    },
    {
      "name": "predefined_function",
      "runtime": 0,
      "effect": {
        "effect": "read",
        "idempotent": true
      },
      "data": {
        "name": "pass"
      }
    },
    {
      "name": "presign_get",
      "runtime": 1,
      "effect": {
        "effect": "read",
        "idempotent": true
      },
      "data": {
        "bucket": "bucket",
        "expiry_secs": null
      }
    },
    {
      "name": "presign_put",
      "runtime": 1,
      "effect": {
        "effect": "read",
        "idempotent": true
      },
      "data": {
        "bucket": "bucket",
        "content_type": "text/plain",
        "expiry_secs": null
      }
    },
    {
      "name": "upload",
      "runtime": 1,
      "effect": {
        "effect": "create",
        "idempotent": true
      },
      "data": {
        "bucket": "bucket"
      }
    },
    {
      "name": "upload_all",
      "runtime": 1,
      "effect": {
        "effect": "create",
        "idempotent": true
      },
      "data": {
        "bucket": "bucket"
      }
    }
  ],
  "runtimes": [
    {
      "name": "deno",
      "data": {
        "worker": "default",
        "permissions": {}
      }
    },
    {
      "name": "s3",
      "data": {
        "host_secret": "HOST",
        "region_secret": "REGION",
        "access_key_secret": "access_key",
        "secret_key_secret": "secret_key",
        "path_style_secret": "PATH_STYLE"
      }
    }
  ],
  "policies": [
    {
      "name": "__public",
      "materializer": 1
    }
  ],
  "meta": {
    "prefix": null,
    "secrets": [],
    "queries": {
      "dynamic": true,
      "endpoints": []
    },
    "cors": {
      "allow_origin": [],
      "allow_headers": [],
      "expose_headers": [],
      "allow_methods": [],
      "allow_credentials": true,
      "max_age_sec": null
    },
    "auths": [],
    "rate": null,
    "version": "0.0.4",
    "randomSeed": null,
    "artifacts": {}
  }
}'
`;
