---
source: src/typegraph/core/src/runtimes/prisma/type_generation/mod.rs
expression: tp.print(inp)
---
root: struct #122
└─ [data]: struct 'User_create_input' #121
   ├─ [id]: integer #17
   ├─ [name]: string #18
   └─ [posts]: optional 'optional_118' #119
      └─ item: union #117
         ├─ variant_0: struct #108
         │  └─ [create]: union #37
         │     ├─ variant_0: struct 'Post_create_input_excluding_rel_Post_User' #34
         │     │  ├─ [id]: optional 'optional_31' #32
         │     │  │  └─ item: integer #26
         │     │  └─ [title]: string #27
         │     └─ variant_1: list 'list_35' #36
         │        └─ item: struct 'Post_create_input_excluding_rel_Post_User' #34
         │           ├─ [id]: optional 'optional_31' #32
         │           │  └─ item: integer #26
         │           └─ [title]: string #27
         ├─ variant_1: struct #109
         │  └─ [connect]: union #106
         │     ├─ variant_0: struct 'Post_where' #103
         │     │  ├─ [author]: optional 'optional_100' #101
         │     │  │  └─ item: struct 'User_where_excluding_Post' #99
         │     │  │     ├─ [id]: optional 'optional_81' #82
         │     │  │     │  └─ item: optional '_prisma_integer_filter_ex' #54
         │     │  │     │     └─ item: union #51
         │     │  │     │        ├─ variant_0: either '_prisma_integer_filter' #49
         │     │  │     │        │  ├─ variant_0: integer #38
         │     │  │     │        │  ├─ variant_1: struct #43
         │     │  │     │        │  │  └─ [equals]: integer #38
         │     │  │     │        │  ├─ variant_2: struct #44
         │     │  │     │        │  │  └─ [not]: integer #38
         │     │  │     │        │  ├─ variant_3: struct #45
         │     │  │     │        │  │  ├─ [gt]: optional 'optional_39' #40
         │     │  │     │        │  │  │  └─ item: integer #38
         │     │  │     │        │  │  ├─ [gte]: optional 'optional_39' #40
         │     │  │     │        │  │  │  └─ item: integer #38
         │     │  │     │        │  │  ├─ [lt]: optional 'optional_39' #40
         │     │  │     │        │  │  │  └─ item: integer #38
         │     │  │     │        │  │  └─ [lte]: optional 'optional_39' #40
         │     │  │     │        │  │     └─ item: integer #38
         │     │  │     │        │  ├─ variant_4: struct #46
         │     │  │     │        │  │  └─ [in]: list 'list_41' #42
         │     │  │     │        │  │     └─ item: integer #38
         │     │  │     │        │  └─ variant_5: struct #47
         │     │  │     │        │     └─ [notIn]: list 'list_41' #42
         │     │  │     │        │        └─ item: integer #38
         │     │  │     │        └─ variant_1: struct #50
         │     │  │     │           └─ [not]: either '_prisma_integer_filter' #49
         │     │  │     │              ├─ variant_0: integer #38
         │     │  │     │              ├─ variant_1: struct #43
         │     │  │     │              │  └─ [equals]: integer #38
         │     │  │     │              ├─ variant_2: struct #44
         │     │  │     │              │  └─ [not]: integer #38
         │     │  │     │              ├─ variant_3: struct #45
         │     │  │     │              │  ├─ [gt]: optional 'optional_39' #40
         │     │  │     │              │  │  └─ item: integer #38
         │     │  │     │              │  ├─ [gte]: optional 'optional_39' #40
         │     │  │     │              │  │  └─ item: integer #38
         │     │  │     │              │  ├─ [lt]: optional 'optional_39' #40
         │     │  │     │              │  │  └─ item: integer #38
         │     │  │     │              │  └─ [lte]: optional 'optional_39' #40
         │     │  │     │              │     └─ item: integer #38
         │     │  │     │              ├─ variant_4: struct #46
         │     │  │     │              │  └─ [in]: list 'list_41' #42
         │     │  │     │              │     └─ item: integer #38
         │     │  │     │              └─ variant_5: struct #47
         │     │  │     │                 └─ [notIn]: list 'list_41' #42
         │     │  │     │                    └─ item: integer #38
         │     │  │     ├─ [name]: optional 'optional_83' #84
         │     │  │     │  └─ item: optional '_prisma_string_filter_ex' #78
         │     │  │     │     └─ item: union #75
         │     │  │     │        ├─ variant_0: union '_prisma_string_filter' #73
         │     │  │     │        │  ├─ variant_0: string #57
         │     │  │     │        │  ├─ variant_1: struct #62
         │     │  │     │        │  │  └─ [equals]: string #57
         │     │  │     │        │  ├─ variant_2: struct #63
         │     │  │     │        │  │  └─ [not]: string #57
         │     │  │     │        │  ├─ variant_3: struct #64
         │     │  │     │        │  │  └─ [in]: list 'list_60' #61
         │     │  │     │        │  │     └─ item: string #57
         │     │  │     │        │  ├─ variant_4: struct #65
         │     │  │     │        │  │  └─ [notIn]: list 'list_60' #61
         │     │  │     │        │  │     └─ item: string #57
         │     │  │     │        │  ├─ variant_5: struct #69
         │     │  │     │        │  │  ├─ [contains]: string #57
         │     │  │     │        │  │  └─ [mode]: optional 'optional_67' #68
         │     │  │     │        │  │     └─ item: string #66 enum{ '"insensitive"' }
         │     │  │     │        │  ├─ variant_6: struct #70
         │     │  │     │        │  │  └─ [search]: string #57
         │     │  │     │        │  └─ variant_7: struct #71
         │     │  │     │        │     ├─ [endsWith]: optional 'optional_58' #59
         │     │  │     │        │     │  └─ item: string #57
         │     │  │     │        │     └─ [startsWith]: optional 'optional_58' #59
         │     │  │     │        │        └─ item: string #57
         │     │  │     │        └─ variant_1: struct #74
         │     │  │     │           └─ [not]: union '_prisma_string_filter' #73
         │     │  │     │              ├─ variant_0: string #57
         │     │  │     │              ├─ variant_1: struct #62
         │     │  │     │              │  └─ [equals]: string #57
         │     │  │     │              ├─ variant_2: struct #63
         │     │  │     │              │  └─ [not]: string #57
         │     │  │     │              ├─ variant_3: struct #64
         │     │  │     │              │  └─ [in]: list 'list_60' #61
         │     │  │     │              │     └─ item: string #57
         │     │  │     │              ├─ variant_4: struct #65
         │     │  │     │              │  └─ [notIn]: list 'list_60' #61
         │     │  │     │              │     └─ item: string #57
         │     │  │     │              ├─ variant_5: struct #69
         │     │  │     │              │  ├─ [contains]: string #57
         │     │  │     │              │  └─ [mode]: optional 'optional_67' #68
         │     │  │     │              │     └─ item: string #66 enum{ '"insensitive"' }
         │     │  │     │              ├─ variant_6: struct #70
         │     │  │     │              │  └─ [search]: string #57
         │     │  │     │              └─ variant_7: struct #71
         │     │  │     │                 ├─ [endsWith]: optional 'optional_58' #59
         │     │  │     │                 │  └─ item: string #57
         │     │  │     │                 └─ [startsWith]: optional 'optional_58' #59
         │     │  │     │                    └─ item: string #57
         │     │  │     └─ [posts]: optional 'optional_96' #97
         │     │  │        └─ item: union #95
         │     │  │           ├─ variant_0: struct #88
         │     │  │           │  └─ [every]: optional 'optional_86' #87
         │     │  │           │     └─ item: &Post_where #85
         │     │  │           ├─ variant_1: struct #91
         │     │  │           │  └─ [some]: optional 'optional_89' #90
         │     │  │           │     └─ item: &Post_where #85
         │     │  │           └─ variant_2: struct #94
         │     │  │              └─ [none]: optional 'optional_92' #93
         │     │  │                 └─ item: &Post_where #85
         │     │  ├─ [id]: optional 'optional_55' #56
         │     │  │  └─ item: optional '_prisma_integer_filter_ex' #54
         │     │  │     └─ item: union #51
         │     │  │        ├─ variant_0: either '_prisma_integer_filter' #49
         │     │  │        │  ├─ variant_0: integer #38
         │     │  │        │  ├─ variant_1: struct #43
         │     │  │        │  │  └─ [equals]: integer #38
         │     │  │        │  ├─ variant_2: struct #44
         │     │  │        │  │  └─ [not]: integer #38
         │     │  │        │  ├─ variant_3: struct #45
         │     │  │        │  │  ├─ [gt]: optional 'optional_39' #40
         │     │  │        │  │  │  └─ item: integer #38
         │     │  │        │  │  ├─ [gte]: optional 'optional_39' #40
         │     │  │        │  │  │  └─ item: integer #38
         │     │  │        │  │  ├─ [lt]: optional 'optional_39' #40
         │     │  │        │  │  │  └─ item: integer #38
         │     │  │        │  │  └─ [lte]: optional 'optional_39' #40
         │     │  │        │  │     └─ item: integer #38
         │     │  │        │  ├─ variant_4: struct #46
         │     │  │        │  │  └─ [in]: list 'list_41' #42
         │     │  │        │  │     └─ item: integer #38
         │     │  │        │  └─ variant_5: struct #47
         │     │  │        │     └─ [notIn]: list 'list_41' #42
         │     │  │        │        └─ item: integer #38
         │     │  │        └─ variant_1: struct #50
         │     │  │           └─ [not]: either '_prisma_integer_filter' #49
         │     │  │              ├─ variant_0: integer #38
         │     │  │              ├─ variant_1: struct #43
         │     │  │              │  └─ [equals]: integer #38
         │     │  │              ├─ variant_2: struct #44
         │     │  │              │  └─ [not]: integer #38
         │     │  │              ├─ variant_3: struct #45
         │     │  │              │  ├─ [gt]: optional 'optional_39' #40
         │     │  │              │  │  └─ item: integer #38
         │     │  │              │  ├─ [gte]: optional 'optional_39' #40
         │     │  │              │  │  └─ item: integer #38
         │     │  │              │  ├─ [lt]: optional 'optional_39' #40
         │     │  │              │  │  └─ item: integer #38
         │     │  │              │  └─ [lte]: optional 'optional_39' #40
         │     │  │              │     └─ item: integer #38
         │     │  │              ├─ variant_4: struct #46
         │     │  │              │  └─ [in]: list 'list_41' #42
         │     │  │              │     └─ item: integer #38
         │     │  │              └─ variant_5: struct #47
         │     │  │                 └─ [notIn]: list 'list_41' #42
         │     │  │                    └─ item: integer #38
         │     │  └─ [title]: optional 'optional_79' #80
         │     │     └─ item: optional '_prisma_string_filter_ex' #78
         │     │        └─ item: union #75
         │     │           ├─ variant_0: union '_prisma_string_filter' #73
         │     │           │  ├─ variant_0: string #57
         │     │           │  ├─ variant_1: struct #62
         │     │           │  │  └─ [equals]: string #57
         │     │           │  ├─ variant_2: struct #63
         │     │           │  │  └─ [not]: string #57
         │     │           │  ├─ variant_3: struct #64
         │     │           │  │  └─ [in]: list 'list_60' #61
         │     │           │  │     └─ item: string #57
         │     │           │  ├─ variant_4: struct #65
         │     │           │  │  └─ [notIn]: list 'list_60' #61
         │     │           │  │     └─ item: string #57
         │     │           │  ├─ variant_5: struct #69
         │     │           │  │  ├─ [contains]: string #57
         │     │           │  │  └─ [mode]: optional 'optional_67' #68
         │     │           │  │     └─ item: string #66 enum{ '"insensitive"' }
         │     │           │  ├─ variant_6: struct #70
         │     │           │  │  └─ [search]: string #57
         │     │           │  └─ variant_7: struct #71
         │     │           │     ├─ [endsWith]: optional 'optional_58' #59
         │     │           │     │  └─ item: string #57
         │     │           │     └─ [startsWith]: optional 'optional_58' #59
         │     │           │        └─ item: string #57
         │     │           └─ variant_1: struct #74
         │     │              └─ [not]: union '_prisma_string_filter' #73
         │     │                 ├─ variant_0: string #57
         │     │                 ├─ variant_1: struct #62
         │     │                 │  └─ [equals]: string #57
         │     │                 ├─ variant_2: struct #63
         │     │                 │  └─ [not]: string #57
         │     │                 ├─ variant_3: struct #64
         │     │                 │  └─ [in]: list 'list_60' #61
         │     │                 │     └─ item: string #57
         │     │                 ├─ variant_4: struct #65
         │     │                 │  └─ [notIn]: list 'list_60' #61
         │     │                 │     └─ item: string #57
         │     │                 ├─ variant_5: struct #69
         │     │                 │  ├─ [contains]: string #57
         │     │                 │  └─ [mode]: optional 'optional_67' #68
         │     │                 │     └─ item: string #66 enum{ '"insensitive"' }
         │     │                 ├─ variant_6: struct #70
         │     │                 │  └─ [search]: string #57
         │     │                 └─ variant_7: struct #71
         │     │                    ├─ [endsWith]: optional 'optional_58' #59
         │     │                    │  └─ item: string #57
         │     │                    └─ [startsWith]: optional 'optional_58' #59
         │     │                       └─ item: string #57
         │     └─ variant_1: list 'list_104' #105
         │        └─ item: struct 'Post_where' #103
         │           ├─ [author]: optional 'optional_100' #101
         │           │  └─ item: struct 'User_where_excluding_Post' #99
         │           │     ├─ [id]: optional 'optional_81' #82
         │           │     │  └─ item: optional '_prisma_integer_filter_ex' #54
         │           │     │     └─ item: union #51
         │           │     │        ├─ variant_0: either '_prisma_integer_filter' #49
         │           │     │        │  ├─ variant_0: integer #38
         │           │     │        │  ├─ variant_1: struct #43
         │           │     │        │  │  └─ [equals]: integer #38
         │           │     │        │  ├─ variant_2: struct #44
         │           │     │        │  │  └─ [not]: integer #38
         │           │     │        │  ├─ variant_3: struct #45
         │           │     │        │  │  ├─ [gt]: optional 'optional_39' #40
         │           │     │        │  │  │  └─ item: integer #38
         │           │     │        │  │  ├─ [gte]: optional 'optional_39' #40
         │           │     │        │  │  │  └─ item: integer #38
         │           │     │        │  │  ├─ [lt]: optional 'optional_39' #40
         │           │     │        │  │  │  └─ item: integer #38
         │           │     │        │  │  └─ [lte]: optional 'optional_39' #40
         │           │     │        │  │     └─ item: integer #38
         │           │     │        │  ├─ variant_4: struct #46
         │           │     │        │  │  └─ [in]: list 'list_41' #42
         │           │     │        │  │     └─ item: integer #38
         │           │     │        │  └─ variant_5: struct #47
         │           │     │        │     └─ [notIn]: list 'list_41' #42
         │           │     │        │        └─ item: integer #38
         │           │     │        └─ variant_1: struct #50
         │           │     │           └─ [not]: either '_prisma_integer_filter' #49
         │           │     │              ├─ variant_0: integer #38
         │           │     │              ├─ variant_1: struct #43
         │           │     │              │  └─ [equals]: integer #38
         │           │     │              ├─ variant_2: struct #44
         │           │     │              │  └─ [not]: integer #38
         │           │     │              ├─ variant_3: struct #45
         │           │     │              │  ├─ [gt]: optional 'optional_39' #40
         │           │     │              │  │  └─ item: integer #38
         │           │     │              │  ├─ [gte]: optional 'optional_39' #40
         │           │     │              │  │  └─ item: integer #38
         │           │     │              │  ├─ [lt]: optional 'optional_39' #40
         │           │     │              │  │  └─ item: integer #38
         │           │     │              │  └─ [lte]: optional 'optional_39' #40
         │           │     │              │     └─ item: integer #38
         │           │     │              ├─ variant_4: struct #46
         │           │     │              │  └─ [in]: list 'list_41' #42
         │           │     │              │     └─ item: integer #38
         │           │     │              └─ variant_5: struct #47
         │           │     │                 └─ [notIn]: list 'list_41' #42
         │           │     │                    └─ item: integer #38
         │           │     ├─ [name]: optional 'optional_83' #84
         │           │     │  └─ item: optional '_prisma_string_filter_ex' #78
         │           │     │     └─ item: union #75
         │           │     │        ├─ variant_0: union '_prisma_string_filter' #73
         │           │     │        │  ├─ variant_0: string #57
         │           │     │        │  ├─ variant_1: struct #62
         │           │     │        │  │  └─ [equals]: string #57
         │           │     │        │  ├─ variant_2: struct #63
         │           │     │        │  │  └─ [not]: string #57
         │           │     │        │  ├─ variant_3: struct #64
         │           │     │        │  │  └─ [in]: list 'list_60' #61
         │           │     │        │  │     └─ item: string #57
         │           │     │        │  ├─ variant_4: struct #65
         │           │     │        │  │  └─ [notIn]: list 'list_60' #61
         │           │     │        │  │     └─ item: string #57
         │           │     │        │  ├─ variant_5: struct #69
         │           │     │        │  │  ├─ [contains]: string #57
         │           │     │        │  │  └─ [mode]: optional 'optional_67' #68
         │           │     │        │  │     └─ item: string #66 enum{ '"insensitive"' }
         │           │     │        │  ├─ variant_6: struct #70
         │           │     │        │  │  └─ [search]: string #57
         │           │     │        │  └─ variant_7: struct #71
         │           │     │        │     ├─ [endsWith]: optional 'optional_58' #59
         │           │     │        │     │  └─ item: string #57
         │           │     │        │     └─ [startsWith]: optional 'optional_58' #59
         │           │     │        │        └─ item: string #57
         │           │     │        └─ variant_1: struct #74
         │           │     │           └─ [not]: union '_prisma_string_filter' #73
         │           │     │              ├─ variant_0: string #57
         │           │     │              ├─ variant_1: struct #62
         │           │     │              │  └─ [equals]: string #57
         │           │     │              ├─ variant_2: struct #63
         │           │     │              │  └─ [not]: string #57
         │           │     │              ├─ variant_3: struct #64
         │           │     │              │  └─ [in]: list 'list_60' #61
         │           │     │              │     └─ item: string #57
         │           │     │              ├─ variant_4: struct #65
         │           │     │              │  └─ [notIn]: list 'list_60' #61
         │           │     │              │     └─ item: string #57
         │           │     │              ├─ variant_5: struct #69
         │           │     │              │  ├─ [contains]: string #57
         │           │     │              │  └─ [mode]: optional 'optional_67' #68
         │           │     │              │     └─ item: string #66 enum{ '"insensitive"' }
         │           │     │              ├─ variant_6: struct #70
         │           │     │              │  └─ [search]: string #57
         │           │     │              └─ variant_7: struct #71
         │           │     │                 ├─ [endsWith]: optional 'optional_58' #59
         │           │     │                 │  └─ item: string #57
         │           │     │                 └─ [startsWith]: optional 'optional_58' #59
         │           │     │                    └─ item: string #57
         │           │     └─ [posts]: optional 'optional_96' #97
         │           │        └─ item: union #95
         │           │           ├─ variant_0: struct #88
         │           │           │  └─ [every]: optional 'optional_86' #87
         │           │           │     └─ item: &Post_where #85
         │           │           ├─ variant_1: struct #91
         │           │           │  └─ [some]: optional 'optional_89' #90
         │           │           │     └─ item: &Post_where #85
         │           │           └─ variant_2: struct #94
         │           │              └─ [none]: optional 'optional_92' #93
         │           │                 └─ item: &Post_where #85
         │           ├─ [id]: optional 'optional_55' #56
         │           │  └─ item: optional '_prisma_integer_filter_ex' #54
         │           │     └─ item: union #51
         │           │        ├─ variant_0: either '_prisma_integer_filter' #49
         │           │        │  ├─ variant_0: integer #38
         │           │        │  ├─ variant_1: struct #43
         │           │        │  │  └─ [equals]: integer #38
         │           │        │  ├─ variant_2: struct #44
         │           │        │  │  └─ [not]: integer #38
         │           │        │  ├─ variant_3: struct #45
         │           │        │  │  ├─ [gt]: optional 'optional_39' #40
         │           │        │  │  │  └─ item: integer #38
         │           │        │  │  ├─ [gte]: optional 'optional_39' #40
         │           │        │  │  │  └─ item: integer #38
         │           │        │  │  ├─ [lt]: optional 'optional_39' #40
         │           │        │  │  │  └─ item: integer #38
         │           │        │  │  └─ [lte]: optional 'optional_39' #40
         │           │        │  │     └─ item: integer #38
         │           │        │  ├─ variant_4: struct #46
         │           │        │  │  └─ [in]: list 'list_41' #42
         │           │        │  │     └─ item: integer #38
         │           │        │  └─ variant_5: struct #47
         │           │        │     └─ [notIn]: list 'list_41' #42
         │           │        │        └─ item: integer #38
         │           │        └─ variant_1: struct #50
         │           │           └─ [not]: either '_prisma_integer_filter' #49
         │           │              ├─ variant_0: integer #38
         │           │              ├─ variant_1: struct #43
         │           │              │  └─ [equals]: integer #38
         │           │              ├─ variant_2: struct #44
         │           │              │  └─ [not]: integer #38
         │           │              ├─ variant_3: struct #45
         │           │              │  ├─ [gt]: optional 'optional_39' #40
         │           │              │  │  └─ item: integer #38
         │           │              │  ├─ [gte]: optional 'optional_39' #40
         │           │              │  │  └─ item: integer #38
         │           │              │  ├─ [lt]: optional 'optional_39' #40
         │           │              │  │  └─ item: integer #38
         │           │              │  └─ [lte]: optional 'optional_39' #40
         │           │              │     └─ item: integer #38
         │           │              ├─ variant_4: struct #46
         │           │              │  └─ [in]: list 'list_41' #42
         │           │              │     └─ item: integer #38
         │           │              └─ variant_5: struct #47
         │           │                 └─ [notIn]: list 'list_41' #42
         │           │                    └─ item: integer #38
         │           └─ [title]: optional 'optional_79' #80
         │              └─ item: optional '_prisma_string_filter_ex' #78
         │                 └─ item: union #75
         │                    ├─ variant_0: union '_prisma_string_filter' #73
         │                    │  ├─ variant_0: string #57
         │                    │  ├─ variant_1: struct #62
         │                    │  │  └─ [equals]: string #57
         │                    │  ├─ variant_2: struct #63
         │                    │  │  └─ [not]: string #57
         │                    │  ├─ variant_3: struct #64
         │                    │  │  └─ [in]: list 'list_60' #61
         │                    │  │     └─ item: string #57
         │                    │  ├─ variant_4: struct #65
         │                    │  │  └─ [notIn]: list 'list_60' #61
         │                    │  │     └─ item: string #57
         │                    │  ├─ variant_5: struct #69
         │                    │  │  ├─ [contains]: string #57
         │                    │  │  └─ [mode]: optional 'optional_67' #68
         │                    │  │     └─ item: string #66 enum{ '"insensitive"' }
         │                    │  ├─ variant_6: struct #70
         │                    │  │  └─ [search]: string #57
         │                    │  └─ variant_7: struct #71
         │                    │     ├─ [endsWith]: optional 'optional_58' #59
         │                    │     │  └─ item: string #57
         │                    │     └─ [startsWith]: optional 'optional_58' #59
         │                    │        └─ item: string #57
         │                    └─ variant_1: struct #74
         │                       └─ [not]: union '_prisma_string_filter' #73
         │                          ├─ variant_0: string #57
         │                          ├─ variant_1: struct #62
         │                          │  └─ [equals]: string #57
         │                          ├─ variant_2: struct #63
         │                          │  └─ [not]: string #57
         │                          ├─ variant_3: struct #64
         │                          │  └─ [in]: list 'list_60' #61
         │                          │     └─ item: string #57
         │                          ├─ variant_4: struct #65
         │                          │  └─ [notIn]: list 'list_60' #61
         │                          │     └─ item: string #57
         │                          ├─ variant_5: struct #69
         │                          │  ├─ [contains]: string #57
         │                          │  └─ [mode]: optional 'optional_67' #68
         │                          │     └─ item: string #66 enum{ '"insensitive"' }
         │                          ├─ variant_6: struct #70
         │                          │  └─ [search]: string #57
         │                          └─ variant_7: struct #71
         │                             ├─ [endsWith]: optional 'optional_58' #59
         │                             │  └─ item: string #57
         │                             └─ [startsWith]: optional 'optional_58' #59
         │                                └─ item: string #57
         ├─ variant_2: struct #110
         │  └─ [connectOrCreate]: struct #107
         │     ├─ [create]: union #37
         │     │  ├─ variant_0: struct 'Post_create_input_excluding_rel_Post_User' #34
         │     │  │  ├─ [id]: optional 'optional_31' #32
         │     │  │  │  └─ item: integer #26
         │     │  │  └─ [title]: string #27
         │     │  └─ variant_1: list 'list_35' #36
         │     │     └─ item: struct 'Post_create_input_excluding_rel_Post_User' #34
         │     │        ├─ [id]: optional 'optional_31' #32
         │     │        │  └─ item: integer #26
         │     │        └─ [title]: string #27
         │     └─ [where]: union #106
         │        ├─ variant_0: struct 'Post_where' #103
         │        │  ├─ [author]: optional 'optional_100' #101
         │        │  │  └─ item: struct 'User_where_excluding_Post' #99
         │        │  │     ├─ [id]: optional 'optional_81' #82
         │        │  │     │  └─ item: optional '_prisma_integer_filter_ex' #54
         │        │  │     │     └─ item: union #51
         │        │  │     │        ├─ variant_0: either '_prisma_integer_filter' #49
         │        │  │     │        │  ├─ variant_0: integer #38
         │        │  │     │        │  ├─ variant_1: struct #43
         │        │  │     │        │  │  └─ [equals]: integer #38
         │        │  │     │        │  ├─ variant_2: struct #44
         │        │  │     │        │  │  └─ [not]: integer #38
         │        │  │     │        │  ├─ variant_3: struct #45
         │        │  │     │        │  │  ├─ [gt]: optional 'optional_39' #40
         │        │  │     │        │  │  │  └─ item: integer #38
         │        │  │     │        │  │  ├─ [gte]: optional 'optional_39' #40
         │        │  │     │        │  │  │  └─ item: integer #38
         │        │  │     │        │  │  ├─ [lt]: optional 'optional_39' #40
         │        │  │     │        │  │  │  └─ item: integer #38
         │        │  │     │        │  │  └─ [lte]: optional 'optional_39' #40
         │        │  │     │        │  │     └─ item: integer #38
         │        │  │     │        │  ├─ variant_4: struct #46
         │        │  │     │        │  │  └─ [in]: list 'list_41' #42
         │        │  │     │        │  │     └─ item: integer #38
         │        │  │     │        │  └─ variant_5: struct #47
         │        │  │     │        │     └─ [notIn]: list 'list_41' #42
         │        │  │     │        │        └─ item: integer #38
         │        │  │     │        └─ variant_1: struct #50
         │        │  │     │           └─ [not]: either '_prisma_integer_filter' #49
         │        │  │     │              ├─ variant_0: integer #38
         │        │  │     │              ├─ variant_1: struct #43
         │        │  │     │              │  └─ [equals]: integer #38
         │        │  │     │              ├─ variant_2: struct #44
         │        │  │     │              │  └─ [not]: integer #38
         │        │  │     │              ├─ variant_3: struct #45
         │        │  │     │              │  ├─ [gt]: optional 'optional_39' #40
         │        │  │     │              │  │  └─ item: integer #38
         │        │  │     │              │  ├─ [gte]: optional 'optional_39' #40
         │        │  │     │              │  │  └─ item: integer #38
         │        │  │     │              │  ├─ [lt]: optional 'optional_39' #40
         │        │  │     │              │  │  └─ item: integer #38
         │        │  │     │              │  └─ [lte]: optional 'optional_39' #40
         │        │  │     │              │     └─ item: integer #38
         │        │  │     │              ├─ variant_4: struct #46
         │        │  │     │              │  └─ [in]: list 'list_41' #42
         │        │  │     │              │     └─ item: integer #38
         │        │  │     │              └─ variant_5: struct #47
         │        │  │     │                 └─ [notIn]: list 'list_41' #42
         │        │  │     │                    └─ item: integer #38
         │        │  │     ├─ [name]: optional 'optional_83' #84
         │        │  │     │  └─ item: optional '_prisma_string_filter_ex' #78
         │        │  │     │     └─ item: union #75
         │        │  │     │        ├─ variant_0: union '_prisma_string_filter' #73
         │        │  │     │        │  ├─ variant_0: string #57
         │        │  │     │        │  ├─ variant_1: struct #62
         │        │  │     │        │  │  └─ [equals]: string #57
         │        │  │     │        │  ├─ variant_2: struct #63
         │        │  │     │        │  │  └─ [not]: string #57
         │        │  │     │        │  ├─ variant_3: struct #64
         │        │  │     │        │  │  └─ [in]: list 'list_60' #61
         │        │  │     │        │  │     └─ item: string #57
         │        │  │     │        │  ├─ variant_4: struct #65
         │        │  │     │        │  │  └─ [notIn]: list 'list_60' #61
         │        │  │     │        │  │     └─ item: string #57
         │        │  │     │        │  ├─ variant_5: struct #69
         │        │  │     │        │  │  ├─ [contains]: string #57
         │        │  │     │        │  │  └─ [mode]: optional 'optional_67' #68
         │        │  │     │        │  │     └─ item: string #66 enum{ '"insensitive"' }
         │        │  │     │        │  ├─ variant_6: struct #70
         │        │  │     │        │  │  └─ [search]: string #57
         │        │  │     │        │  └─ variant_7: struct #71
         │        │  │     │        │     ├─ [endsWith]: optional 'optional_58' #59
         │        │  │     │        │     │  └─ item: string #57
         │        │  │     │        │     └─ [startsWith]: optional 'optional_58' #59
         │        │  │     │        │        └─ item: string #57
         │        │  │     │        └─ variant_1: struct #74
         │        │  │     │           └─ [not]: union '_prisma_string_filter' #73
         │        │  │     │              ├─ variant_0: string #57
         │        │  │     │              ├─ variant_1: struct #62
         │        │  │     │              │  └─ [equals]: string #57
         │        │  │     │              ├─ variant_2: struct #63
         │        │  │     │              │  └─ [not]: string #57
         │        │  │     │              ├─ variant_3: struct #64
         │        │  │     │              │  └─ [in]: list 'list_60' #61
         │        │  │     │              │     └─ item: string #57
         │        │  │     │              ├─ variant_4: struct #65
         │        │  │     │              │  └─ [notIn]: list 'list_60' #61
         │        │  │     │              │     └─ item: string #57
         │        │  │     │              ├─ variant_5: struct #69
         │        │  │     │              │  ├─ [contains]: string #57
         │        │  │     │              │  └─ [mode]: optional 'optional_67' #68
         │        │  │     │              │     └─ item: string #66 enum{ '"insensitive"' }
         │        │  │     │              ├─ variant_6: struct #70
         │        │  │     │              │  └─ [search]: string #57
         │        │  │     │              └─ variant_7: struct #71
         │        │  │     │                 ├─ [endsWith]: optional 'optional_58' #59
         │        │  │     │                 │  └─ item: string #57
         │        │  │     │                 └─ [startsWith]: optional 'optional_58' #59
         │        │  │     │                    └─ item: string #57
         │        │  │     └─ [posts]: optional 'optional_96' #97
         │        │  │        └─ item: union #95
         │        │  │           ├─ variant_0: struct #88
         │        │  │           │  └─ [every]: optional 'optional_86' #87
         │        │  │           │     └─ item: &Post_where #85
         │        │  │           ├─ variant_1: struct #91
         │        │  │           │  └─ [some]: optional 'optional_89' #90
         │        │  │           │     └─ item: &Post_where #85
         │        │  │           └─ variant_2: struct #94
         │        │  │              └─ [none]: optional 'optional_92' #93
         │        │  │                 └─ item: &Post_where #85
         │        │  ├─ [id]: optional 'optional_55' #56
         │        │  │  └─ item: optional '_prisma_integer_filter_ex' #54
         │        │  │     └─ item: union #51
         │        │  │        ├─ variant_0: either '_prisma_integer_filter' #49
         │        │  │        │  ├─ variant_0: integer #38
         │        │  │        │  ├─ variant_1: struct #43
         │        │  │        │  │  └─ [equals]: integer #38
         │        │  │        │  ├─ variant_2: struct #44
         │        │  │        │  │  └─ [not]: integer #38
         │        │  │        │  ├─ variant_3: struct #45
         │        │  │        │  │  ├─ [gt]: optional 'optional_39' #40
         │        │  │        │  │  │  └─ item: integer #38
         │        │  │        │  │  ├─ [gte]: optional 'optional_39' #40
         │        │  │        │  │  │  └─ item: integer #38
         │        │  │        │  │  ├─ [lt]: optional 'optional_39' #40
         │        │  │        │  │  │  └─ item: integer #38
         │        │  │        │  │  └─ [lte]: optional 'optional_39' #40
         │        │  │        │  │     └─ item: integer #38
         │        │  │        │  ├─ variant_4: struct #46
         │        │  │        │  │  └─ [in]: list 'list_41' #42
         │        │  │        │  │     └─ item: integer #38
         │        │  │        │  └─ variant_5: struct #47
         │        │  │        │     └─ [notIn]: list 'list_41' #42
         │        │  │        │        └─ item: integer #38
         │        │  │        └─ variant_1: struct #50
         │        │  │           └─ [not]: either '_prisma_integer_filter' #49
         │        │  │              ├─ variant_0: integer #38
         │        │  │              ├─ variant_1: struct #43
         │        │  │              │  └─ [equals]: integer #38
         │        │  │              ├─ variant_2: struct #44
         │        │  │              │  └─ [not]: integer #38
         │        │  │              ├─ variant_3: struct #45
         │        │  │              │  ├─ [gt]: optional 'optional_39' #40
         │        │  │              │  │  └─ item: integer #38
         │        │  │              │  ├─ [gte]: optional 'optional_39' #40
         │        │  │              │  │  └─ item: integer #38
         │        │  │              │  ├─ [lt]: optional 'optional_39' #40
         │        │  │              │  │  └─ item: integer #38
         │        │  │              │  └─ [lte]: optional 'optional_39' #40
         │        │  │              │     └─ item: integer #38
         │        │  │              ├─ variant_4: struct #46
         │        │  │              │  └─ [in]: list 'list_41' #42
         │        │  │              │     └─ item: integer #38
         │        │  │              └─ variant_5: struct #47
         │        │  │                 └─ [notIn]: list 'list_41' #42
         │        │  │                    └─ item: integer #38
         │        │  └─ [title]: optional 'optional_79' #80
         │        │     └─ item: optional '_prisma_string_filter_ex' #78
         │        │        └─ item: union #75
         │        │           ├─ variant_0: union '_prisma_string_filter' #73
         │        │           │  ├─ variant_0: string #57
         │        │           │  ├─ variant_1: struct #62
         │        │           │  │  └─ [equals]: string #57
         │        │           │  ├─ variant_2: struct #63
         │        │           │  │  └─ [not]: string #57
         │        │           │  ├─ variant_3: struct #64
         │        │           │  │  └─ [in]: list 'list_60' #61
         │        │           │  │     └─ item: string #57
         │        │           │  ├─ variant_4: struct #65
         │        │           │  │  └─ [notIn]: list 'list_60' #61
         │        │           │  │     └─ item: string #57
         │        │           │  ├─ variant_5: struct #69
         │        │           │  │  ├─ [contains]: string #57
         │        │           │  │  └─ [mode]: optional 'optional_67' #68
         │        │           │  │     └─ item: string #66 enum{ '"insensitive"' }
         │        │           │  ├─ variant_6: struct #70
         │        │           │  │  └─ [search]: string #57
         │        │           │  └─ variant_7: struct #71
         │        │           │     ├─ [endsWith]: optional 'optional_58' #59
         │        │           │     │  └─ item: string #57
         │        │           │     └─ [startsWith]: optional 'optional_58' #59
         │        │           │        └─ item: string #57
         │        │           └─ variant_1: struct #74
         │        │              └─ [not]: union '_prisma_string_filter' #73
         │        │                 ├─ variant_0: string #57
         │        │                 ├─ variant_1: struct #62
         │        │                 │  └─ [equals]: string #57
         │        │                 ├─ variant_2: struct #63
         │        │                 │  └─ [not]: string #57
         │        │                 ├─ variant_3: struct #64
         │        │                 │  └─ [in]: list 'list_60' #61
         │        │                 │     └─ item: string #57
         │        │                 ├─ variant_4: struct #65
         │        │                 │  └─ [notIn]: list 'list_60' #61
         │        │                 │     └─ item: string #57
         │        │                 ├─ variant_5: struct #69
         │        │                 │  ├─ [contains]: string #57
         │        │                 │  └─ [mode]: optional 'optional_67' #68
         │        │                 │     └─ item: string #66 enum{ '"insensitive"' }
         │        │                 ├─ variant_6: struct #70
         │        │                 │  └─ [search]: string #57
         │        │                 └─ variant_7: struct #71
         │        │                    ├─ [endsWith]: optional 'optional_58' #59
         │        │                    │  └─ item: string #57
         │        │                    └─ [startsWith]: optional 'optional_58' #59
         │        │                       └─ item: string #57
         │        └─ variant_1: list 'list_104' #105
         │           └─ item: struct 'Post_where' #103
         │              ├─ [author]: optional 'optional_100' #101
         │              │  └─ item: struct 'User_where_excluding_Post' #99
         │              │     ├─ [id]: optional 'optional_81' #82
         │              │     │  └─ item: optional '_prisma_integer_filter_ex' #54
         │              │     │     └─ item: union #51
         │              │     │        ├─ variant_0: either '_prisma_integer_filter' #49
         │              │     │        │  ├─ variant_0: integer #38
         │              │     │        │  ├─ variant_1: struct #43
         │              │     │        │  │  └─ [equals]: integer #38
         │              │     │        │  ├─ variant_2: struct #44
         │              │     │        │  │  └─ [not]: integer #38
         │              │     │        │  ├─ variant_3: struct #45
         │              │     │        │  │  ├─ [gt]: optional 'optional_39' #40
         │              │     │        │  │  │  └─ item: integer #38
         │              │     │        │  │  ├─ [gte]: optional 'optional_39' #40
         │              │     │        │  │  │  └─ item: integer #38
         │              │     │        │  │  ├─ [lt]: optional 'optional_39' #40
         │              │     │        │  │  │  └─ item: integer #38
         │              │     │        │  │  └─ [lte]: optional 'optional_39' #40
         │              │     │        │  │     └─ item: integer #38
         │              │     │        │  ├─ variant_4: struct #46
         │              │     │        │  │  └─ [in]: list 'list_41' #42
         │              │     │        │  │     └─ item: integer #38
         │              │     │        │  └─ variant_5: struct #47
         │              │     │        │     └─ [notIn]: list 'list_41' #42
         │              │     │        │        └─ item: integer #38
         │              │     │        └─ variant_1: struct #50
         │              │     │           └─ [not]: either '_prisma_integer_filter' #49
         │              │     │              ├─ variant_0: integer #38
         │              │     │              ├─ variant_1: struct #43
         │              │     │              │  └─ [equals]: integer #38
         │              │     │              ├─ variant_2: struct #44
         │              │     │              │  └─ [not]: integer #38
         │              │     │              ├─ variant_3: struct #45
         │              │     │              │  ├─ [gt]: optional 'optional_39' #40
         │              │     │              │  │  └─ item: integer #38
         │              │     │              │  ├─ [gte]: optional 'optional_39' #40
         │              │     │              │  │  └─ item: integer #38
         │              │     │              │  ├─ [lt]: optional 'optional_39' #40
         │              │     │              │  │  └─ item: integer #38
         │              │     │              │  └─ [lte]: optional 'optional_39' #40
         │              │     │              │     └─ item: integer #38
         │              │     │              ├─ variant_4: struct #46
         │              │     │              │  └─ [in]: list 'list_41' #42
         │              │     │              │     └─ item: integer #38
         │              │     │              └─ variant_5: struct #47
         │              │     │                 └─ [notIn]: list 'list_41' #42
         │              │     │                    └─ item: integer #38
         │              │     ├─ [name]: optional 'optional_83' #84
         │              │     │  └─ item: optional '_prisma_string_filter_ex' #78
         │              │     │     └─ item: union #75
         │              │     │        ├─ variant_0: union '_prisma_string_filter' #73
         │              │     │        │  ├─ variant_0: string #57
         │              │     │        │  ├─ variant_1: struct #62
         │              │     │        │  │  └─ [equals]: string #57
         │              │     │        │  ├─ variant_2: struct #63
         │              │     │        │  │  └─ [not]: string #57
         │              │     │        │  ├─ variant_3: struct #64
         │              │     │        │  │  └─ [in]: list 'list_60' #61
         │              │     │        │  │     └─ item: string #57
         │              │     │        │  ├─ variant_4: struct #65
         │              │     │        │  │  └─ [notIn]: list 'list_60' #61
         │              │     │        │  │     └─ item: string #57
         │              │     │        │  ├─ variant_5: struct #69
         │              │     │        │  │  ├─ [contains]: string #57
         │              │     │        │  │  └─ [mode]: optional 'optional_67' #68
         │              │     │        │  │     └─ item: string #66 enum{ '"insensitive"' }
         │              │     │        │  ├─ variant_6: struct #70
         │              │     │        │  │  └─ [search]: string #57
         │              │     │        │  └─ variant_7: struct #71
         │              │     │        │     ├─ [endsWith]: optional 'optional_58' #59
         │              │     │        │     │  └─ item: string #57
         │              │     │        │     └─ [startsWith]: optional 'optional_58' #59
         │              │     │        │        └─ item: string #57
         │              │     │        └─ variant_1: struct #74
         │              │     │           └─ [not]: union '_prisma_string_filter' #73
         │              │     │              ├─ variant_0: string #57
         │              │     │              ├─ variant_1: struct #62
         │              │     │              │  └─ [equals]: string #57
         │              │     │              ├─ variant_2: struct #63
         │              │     │              │  └─ [not]: string #57
         │              │     │              ├─ variant_3: struct #64
         │              │     │              │  └─ [in]: list 'list_60' #61
         │              │     │              │     └─ item: string #57
         │              │     │              ├─ variant_4: struct #65
         │              │     │              │  └─ [notIn]: list 'list_60' #61
         │              │     │              │     └─ item: string #57
         │              │     │              ├─ variant_5: struct #69
         │              │     │              │  ├─ [contains]: string #57
         │              │     │              │  └─ [mode]: optional 'optional_67' #68
         │              │     │              │     └─ item: string #66 enum{ '"insensitive"' }
         │              │     │              ├─ variant_6: struct #70
         │              │     │              │  └─ [search]: string #57
         │              │     │              └─ variant_7: struct #71
         │              │     │                 ├─ [endsWith]: optional 'optional_58' #59
         │              │     │                 │  └─ item: string #57
         │              │     │                 └─ [startsWith]: optional 'optional_58' #59
         │              │     │                    └─ item: string #57
         │              │     └─ [posts]: optional 'optional_96' #97
         │              │        └─ item: union #95
         │              │           ├─ variant_0: struct #88
         │              │           │  └─ [every]: optional 'optional_86' #87
         │              │           │     └─ item: &Post_where #85
         │              │           ├─ variant_1: struct #91
         │              │           │  └─ [some]: optional 'optional_89' #90
         │              │           │     └─ item: &Post_where #85
         │              │           └─ variant_2: struct #94
         │              │              └─ [none]: optional 'optional_92' #93
         │              │                 └─ item: &Post_where #85
         │              ├─ [id]: optional 'optional_55' #56
         │              │  └─ item: optional '_prisma_integer_filter_ex' #54
         │              │     └─ item: union #51
         │              │        ├─ variant_0: either '_prisma_integer_filter' #49
         │              │        │  ├─ variant_0: integer #38
         │              │        │  ├─ variant_1: struct #43
         │              │        │  │  └─ [equals]: integer #38
         │              │        │  ├─ variant_2: struct #44
         │              │        │  │  └─ [not]: integer #38
         │              │        │  ├─ variant_3: struct #45
         │              │        │  │  ├─ [gt]: optional 'optional_39' #40
         │              │        │  │  │  └─ item: integer #38
         │              │        │  │  ├─ [gte]: optional 'optional_39' #40
         │              │        │  │  │  └─ item: integer #38
         │              │        │  │  ├─ [lt]: optional 'optional_39' #40
         │              │        │  │  │  └─ item: integer #38
         │              │        │  │  └─ [lte]: optional 'optional_39' #40
         │              │        │  │     └─ item: integer #38
         │              │        │  ├─ variant_4: struct #46
         │              │        │  │  └─ [in]: list 'list_41' #42
         │              │        │  │     └─ item: integer #38
         │              │        │  └─ variant_5: struct #47
         │              │        │     └─ [notIn]: list 'list_41' #42
         │              │        │        └─ item: integer #38
         │              │        └─ variant_1: struct #50
         │              │           └─ [not]: either '_prisma_integer_filter' #49
         │              │              ├─ variant_0: integer #38
         │              │              ├─ variant_1: struct #43
         │              │              │  └─ [equals]: integer #38
         │              │              ├─ variant_2: struct #44
         │              │              │  └─ [not]: integer #38
         │              │              ├─ variant_3: struct #45
         │              │              │  ├─ [gt]: optional 'optional_39' #40
         │              │              │  │  └─ item: integer #38
         │              │              │  ├─ [gte]: optional 'optional_39' #40
         │              │              │  │  └─ item: integer #38
         │              │              │  ├─ [lt]: optional 'optional_39' #40
         │              │              │  │  └─ item: integer #38
         │              │              │  └─ [lte]: optional 'optional_39' #40
         │              │              │     └─ item: integer #38
         │              │              ├─ variant_4: struct #46
         │              │              │  └─ [in]: list 'list_41' #42
         │              │              │     └─ item: integer #38
         │              │              └─ variant_5: struct #47
         │              │                 └─ [notIn]: list 'list_41' #42
         │              │                    └─ item: integer #38
         │              └─ [title]: optional 'optional_79' #80
         │                 └─ item: optional '_prisma_string_filter_ex' #78
         │                    └─ item: union #75
         │                       ├─ variant_0: union '_prisma_string_filter' #73
         │                       │  ├─ variant_0: string #57
         │                       │  ├─ variant_1: struct #62
         │                       │  │  └─ [equals]: string #57
         │                       │  ├─ variant_2: struct #63
         │                       │  │  └─ [not]: string #57
         │                       │  ├─ variant_3: struct #64
         │                       │  │  └─ [in]: list 'list_60' #61
         │                       │  │     └─ item: string #57
         │                       │  ├─ variant_4: struct #65
         │                       │  │  └─ [notIn]: list 'list_60' #61
         │                       │  │     └─ item: string #57
         │                       │  ├─ variant_5: struct #69
         │                       │  │  ├─ [contains]: string #57
         │                       │  │  └─ [mode]: optional 'optional_67' #68
         │                       │  │     └─ item: string #66 enum{ '"insensitive"' }
         │                       │  ├─ variant_6: struct #70
         │                       │  │  └─ [search]: string #57
         │                       │  └─ variant_7: struct #71
         │                       │     ├─ [endsWith]: optional 'optional_58' #59
         │                       │     │  └─ item: string #57
         │                       │     └─ [startsWith]: optional 'optional_58' #59
         │                       │        └─ item: string #57
         │                       └─ variant_1: struct #74
         │                          └─ [not]: union '_prisma_string_filter' #73
         │                             ├─ variant_0: string #57
         │                             ├─ variant_1: struct #62
         │                             │  └─ [equals]: string #57
         │                             ├─ variant_2: struct #63
         │                             │  └─ [not]: string #57
         │                             ├─ variant_3: struct #64
         │                             │  └─ [in]: list 'list_60' #61
         │                             │     └─ item: string #57
         │                             ├─ variant_4: struct #65
         │                             │  └─ [notIn]: list 'list_60' #61
         │                             │     └─ item: string #57
         │                             ├─ variant_5: struct #69
         │                             │  ├─ [contains]: string #57
         │                             │  └─ [mode]: optional 'optional_67' #68
         │                             │     └─ item: string #66 enum{ '"insensitive"' }
         │                             ├─ variant_6: struct #70
         │                             │  └─ [search]: string #57
         │                             └─ variant_7: struct #71
         │                                ├─ [endsWith]: optional 'optional_58' #59
         │                                │  └─ item: string #57
         │                                └─ [startsWith]: optional 'optional_58' #59
         │                                   └─ item: string #57
         └─ variant_3: struct #116
            └─ [createMany]: optional 'optional_114' #115
               └─ item: struct #113
                  └─ [data]: list 'list_111' #112
                     └─ item: union #37
                        ├─ variant_0: struct 'Post_create_input_excluding_rel_Post_User' #34
                        │  ├─ [id]: optional 'optional_31' #32
                        │  │  └─ item: integer #26
                        │  └─ [title]: string #27
                        └─ variant_1: list 'list_35' #36
                           └─ item: struct 'Post_create_input_excluding_rel_Post_User' #34
                              ├─ [id]: optional 'optional_31' #32
                              │  └─ item: integer #26
                              └─ [title]: string #27
