---
source: src/typegraph/core/src/runtimes/prisma/type_generation/mod.rs
expression: tp.print(out)
---
root: optional #161
└─ item: struct 'User_with_nested_count' #160
   ├─ [_count]: struct #158
   │  └─ [posts]: optional '_count' #157
   │     └─ item: integer #155
   ├─ [id]: integer #106
   ├─ [name]: string #108
   └─ [posts]: list #153
      └─ item: struct 'Post_with_nested_count_excluding_rel_Post_User' #152
         ├─ [id]: integer #113
         └─ [title]: string #116
