---
source: src/typegraph/core/src/runtimes/prisma/type_generation/mod.rs
expression: tp.print(inp)
---
root: struct 'Post_query_input' #283
├─ [cursor]: optional #276
│  └─ item: union 'Post_cursor' #275
│     ├─ variant_0: struct #272
│     │  └─ [id]: integer #159
│     └─ variant_1: struct #273
│        └─ [title]: string #160
├─ [distinct]: optional #281
│  └─ item: list 'Post_keys_union' #280
│     └─ item: string #278 enum{ '"id"', '"title"', '"author"' }
├─ [orderBy]: optional #268
│  └─ item: list 'Post_order_by' #267
│     └─ item: struct #265
│        ├─ [author]: optional #264
│        │  └─ item: list 'User_order_by_withoutrel_Post_User' #263
│        │     └─ item: struct #261
│        │        ├─ [id]: &_prisma_sort #103
│        │        └─ [name]: &_prisma_sort #103
│        ├─ [id]: &_prisma_sort #103
│        └─ [title]: &_prisma_sort #103
├─ [skip]: optional #270
│  └─ item: &_skip #127
├─ [take]: optional #269
│  └─ item: &_take #123
└─ [where]: optional #258
   └─ item: struct 'Post_query_where_input' #257
      ├─ [AND]: optional #254
      │  └─ item: list #253
      │     └─ item: &Post_query_where_input #252
      ├─ [NOT]: optional #255
      │  └─ item: &Post_query_where_input #252
      ├─ [OR]: optional #254
      │  └─ item: list #253
      │     └─ item: &Post_query_where_input #252
      ├─ [author]: optional #249
      │  └─ item: struct 'User_where_excluding_Post' #248
      │     ├─ [id]: optional #236
      │     │  └─ item: &_prisma_integer_filter_ex #55
      │     ├─ [name]: optional #237
      │     │  └─ item: &_prisma_string_filter_ex #34
      │     └─ [posts]: optional #246
      │        └─ item: union #245
      │           ├─ variant_0: struct #240
      │           │  └─ [every]: optional #239
      │           │     └─ item: &Post_where #238
      │           ├─ variant_1: struct #242
      │           │  └─ [some]: optional #241
      │           │     └─ item: &Post_where #238
      │           └─ variant_2: struct #244
      │              └─ [none]: optional #243
      │                 └─ item: &Post_where #238
      ├─ [id]: optional #233
      │  └─ item: &_prisma_integer_filter_ex #55
      └─ [title]: optional #234
         └─ item: &_prisma_string_filter_ex #34
