---
source: src/typegraph/core/src/runtimes/prisma/type_generation/mod.rs
expression: tp.print(inp)
---
root: struct #9
└─ [data]: struct '_Record_CreateInput' #8
   ├─ [age]: optional 'optional_5' #5
   │  └─ item: integer #4
   ├─ [created_at]: string #1
   ├─ [id]: optional 'optional_7' #7
   │  └─ item: string #2
   └─ [name]: string #3
