---
source: src/typegraph/core/src/runtimes/prisma/type_generation/mod.rs
expression: tp.print(inp)
---
root: struct 'User_query_input' #119
├─ [cursor]: optional '_115_User_cursor?' #115
│  └─ item: union 'User_cursor' #114
│     ├─ variant_0: struct #112
│     │  └─ [id]: integer #74
│     └─ variant_1: struct #113
│        └─ [name]: string #75
├─ [distinct]: optional '_118_User_keys_union?' #118
│  └─ item: list 'User_keys_union' #117
│     └─ item: string #116 enum{ '"id"', '"name"', '"posts"' }
├─ [orderBy]: optional '_109_User_order_by?' #109
│  └─ item: list 'User_order_by' #108
│     └─ item: struct #107
│        ├─ [id]: optional '_prisma_sort' #50
│        │  └─ item: union #49
│        │     ├─ variant_0: struct #48
│        │     │  └─ [sort]: string '_prisma_sort_order' #46 enum{ '"asc"', '"desc"' }
│        │     └─ variant_1: string '_prisma_sort_order' #46 enum{ '"asc"', '"desc"' }
│        ├─ [name]: optional '_prisma_sort' #50
│        │  └─ item: union #49
│        │     ├─ variant_0: struct #48
│        │     │  └─ [sort]: string '_prisma_sort_order' #46 enum{ '"asc"', '"desc"' }
│        │     └─ variant_1: string '_prisma_sort_order' #46 enum{ '"asc"', '"desc"' }
│        └─ [posts]: optional '_prisma_sort_by_aggregates' #106
│           └─ item: struct #105
│              ├─ [_avg]: optional '_prisma_sort' #50
│              │  └─ item: union #49
│              │     ├─ variant_0: struct #48
│              │     │  └─ [sort]: string '_prisma_sort_order' #46 enum{ '"asc"', '"desc"' }
│              │     └─ variant_1: string '_prisma_sort_order' #46 enum{ '"asc"', '"desc"' }
│              ├─ [_count]: optional '_prisma_sort' #50
│              │  └─ item: union #49
│              │     ├─ variant_0: struct #48
│              │     │  └─ [sort]: string '_prisma_sort_order' #46 enum{ '"asc"', '"desc"' }
│              │     └─ variant_1: string '_prisma_sort_order' #46 enum{ '"asc"', '"desc"' }
│              ├─ [_max]: optional '_prisma_sort' #50
│              │  └─ item: union #49
│              │     ├─ variant_0: struct #48
│              │     │  └─ [sort]: string '_prisma_sort_order' #46 enum{ '"asc"', '"desc"' }
│              │     └─ variant_1: string '_prisma_sort_order' #46 enum{ '"asc"', '"desc"' }
│              ├─ [_min]: optional '_prisma_sort' #50
│              │  └─ item: union #49
│              │     ├─ variant_0: struct #48
│              │     │  └─ [sort]: string '_prisma_sort_order' #46 enum{ '"asc"', '"desc"' }
│              │     └─ variant_1: string '_prisma_sort_order' #46 enum{ '"asc"', '"desc"' }
│              └─ [_sum]: optional '_prisma_sort' #50
│                 └─ item: union #49
│                    ├─ variant_0: struct #48
│                    │  └─ [sort]: string '_prisma_sort_order' #46 enum{ '"asc"', '"desc"' }
│                    └─ variant_1: string '_prisma_sort_order' #46 enum{ '"asc"', '"desc"' }
├─ [skip]: optional '_111__skip?' #111
│  └─ item: integer '_skip' #59
├─ [take]: optional '_110__take?' #110
│  └─ item: integer '_take' #57
└─ [where]: optional '_104_User_query_where_input?' #104
   └─ item: struct 'User_query_where_input' #103
      ├─ [AND]: optional '_101__100_User_query_where_input[]?' #101
      │  └─ item: list '_100_User_query_where_input[]' #100
      │     └─ item: &User_query_where_input #99
      ├─ [NOT]: optional '_102_User_query_where_input?' #102
      │  └─ item: &User_query_where_input #99
      ├─ [OR]: optional '_101__100_User_query_where_input[]?' #101
      │  └─ item: list '_100_User_query_where_input[]' #100
      │     └─ item: &User_query_where_input #99
      ├─ [id]: optional '_83__prisma_integer_filter_ex?' #83
      │  └─ item: optional '_prisma_integer_filter_ex' #36
      │     └─ item: union #35
      │        ├─ variant_0: either '_prisma_integer_filter' #33
      │        │  ├─ variant_0: integer #25
      │        │  ├─ variant_1: struct #28
      │        │  │  └─ [equals]: integer #25
      │        │  ├─ variant_2: struct #29
      │        │  │  └─ [not]: integer #25
      │        │  ├─ variant_3: struct #30
      │        │  │  ├─ [gt]: optional #26
      │        │  │  │  └─ item: integer #25
      │        │  │  ├─ [gte]: optional #26
      │        │  │  │  └─ item: integer #25
      │        │  │  ├─ [lt]: optional #26
      │        │  │  │  └─ item: integer #25
      │        │  │  └─ [lte]: optional #26
      │        │  │     └─ item: integer #25
      │        │  ├─ variant_4: struct #31
      │        │  │  └─ [in]: list #27
      │        │  │     └─ item: integer #25
      │        │  └─ variant_5: struct #32
      │        │     └─ [notIn]: list #27
      │        │        └─ item: integer #25
      │        └─ variant_1: struct #34
      │           └─ [not]: either '_prisma_integer_filter' #33
      │              ├─ variant_0: integer #25
      │              ├─ variant_1: struct #28
      │              │  └─ [equals]: integer #25
      │              ├─ variant_2: struct #29
      │              │  └─ [not]: integer #25
      │              ├─ variant_3: struct #30
      │              │  ├─ [gt]: optional #26
      │              │  │  └─ item: integer #25
      │              │  ├─ [gte]: optional #26
      │              │  │  └─ item: integer #25
      │              │  ├─ [lt]: optional #26
      │              │  │  └─ item: integer #25
      │              │  └─ [lte]: optional #26
      │              │     └─ item: integer #25
      │              ├─ variant_4: struct #31
      │              │  └─ [in]: list #27
      │              │     └─ item: integer #25
      │              └─ variant_5: struct #32
      │                 └─ [notIn]: list #27
      │                    └─ item: integer #25
      ├─ [name]: optional '_84__prisma_string_filter_ex?' #84
      │  └─ item: optional '_prisma_string_filter_ex' #22
      │     └─ item: union #21
      │        ├─ variant_0: union '_prisma_string_filter' #19
      │        │  ├─ variant_0: string #7
      │        │  ├─ variant_1: struct #10
      │        │  │  └─ [equals]: string #7
      │        │  ├─ variant_2: struct #11
      │        │  │  └─ [not]: string #7
      │        │  ├─ variant_3: struct #12
      │        │  │  └─ [in]: list #9
      │        │  │     └─ item: string #7
      │        │  ├─ variant_4: struct #13
      │        │  │  └─ [notIn]: list #9
      │        │  │     └─ item: string #7
      │        │  ├─ variant_5: struct #16
      │        │  │  ├─ [contains]: string #7
      │        │  │  └─ [mode]: optional #15
      │        │  │     └─ item: string #14 enum{ '"insensitive"' }
      │        │  ├─ variant_6: struct #17
      │        │  │  └─ [search]: string #7
      │        │  └─ variant_7: struct #18
      │        │     ├─ [endsWith]: optional #8
      │        │     │  └─ item: string #7
      │        │     └─ [startsWith]: optional #8
      │        │        └─ item: string #7
      │        └─ variant_1: struct #20
      │           └─ [not]: union '_prisma_string_filter' #19
      │              ├─ variant_0: string #7
      │              ├─ variant_1: struct #10
      │              │  └─ [equals]: string #7
      │              ├─ variant_2: struct #11
      │              │  └─ [not]: string #7
      │              ├─ variant_3: struct #12
      │              │  └─ [in]: list #9
      │              │     └─ item: string #7
      │              ├─ variant_4: struct #13
      │              │  └─ [notIn]: list #9
      │              │     └─ item: string #7
      │              ├─ variant_5: struct #16
      │              │  ├─ [contains]: string #7
      │              │  └─ [mode]: optional #15
      │              │     └─ item: string #14 enum{ '"insensitive"' }
      │              ├─ variant_6: struct #17
      │              │  └─ [search]: string #7
      │              └─ variant_7: struct #18
      │                 ├─ [endsWith]: optional #8
      │                 │  └─ item: string #7
      │                 └─ [startsWith]: optional #8
      │                    └─ item: string #7
      └─ [posts]: optional #97
         └─ item: union #96
            ├─ variant_0: struct #91
            │  └─ [every]: optional '_90_Post_where_excluding_User?' #90
            │     └─ item: struct 'Post_where_excluding_User' #89
            │        ├─ [author]: optional '_88_User_where?' #88
            │        │  └─ item: &User_where #87
            │        ├─ [id]: optional '_85__prisma_integer_filter_ex?' #85
            │        │  └─ item: optional '_prisma_integer_filter_ex' #36
            │        │     └─ item: union #35
            │        │        ├─ variant_0: either '_prisma_integer_filter' #33
            │        │        │  ├─ variant_0: integer #25
            │        │        │  ├─ variant_1: struct #28
            │        │        │  │  └─ [equals]: integer #25
            │        │        │  ├─ variant_2: struct #29
            │        │        │  │  └─ [not]: integer #25
            │        │        │  ├─ variant_3: struct #30
            │        │        │  │  ├─ [gt]: optional #26
            │        │        │  │  │  └─ item: integer #25
            │        │        │  │  ├─ [gte]: optional #26
            │        │        │  │  │  └─ item: integer #25
            │        │        │  │  ├─ [lt]: optional #26
            │        │        │  │  │  └─ item: integer #25
            │        │        │  │  └─ [lte]: optional #26
            │        │        │  │     └─ item: integer #25
            │        │        │  ├─ variant_4: struct #31
            │        │        │  │  └─ [in]: list #27
            │        │        │  │     └─ item: integer #25
            │        │        │  └─ variant_5: struct #32
            │        │        │     └─ [notIn]: list #27
            │        │        │        └─ item: integer #25
            │        │        └─ variant_1: struct #34
            │        │           └─ [not]: either '_prisma_integer_filter' #33
            │        │              ├─ variant_0: integer #25
            │        │              ├─ variant_1: struct #28
            │        │              │  └─ [equals]: integer #25
            │        │              ├─ variant_2: struct #29
            │        │              │  └─ [not]: integer #25
            │        │              ├─ variant_3: struct #30
            │        │              │  ├─ [gt]: optional #26
            │        │              │  │  └─ item: integer #25
            │        │              │  ├─ [gte]: optional #26
            │        │              │  │  └─ item: integer #25
            │        │              │  ├─ [lt]: optional #26
            │        │              │  │  └─ item: integer #25
            │        │              │  └─ [lte]: optional #26
            │        │              │     └─ item: integer #25
            │        │              ├─ variant_4: struct #31
            │        │              │  └─ [in]: list #27
            │        │              │     └─ item: integer #25
            │        │              └─ variant_5: struct #32
            │        │                 └─ [notIn]: list #27
            │        │                    └─ item: integer #25
            │        └─ [title]: optional '_86__prisma_string_filter_ex?' #86
            │           └─ item: optional '_prisma_string_filter_ex' #22
            │              └─ item: union #21
            │                 ├─ variant_0: union '_prisma_string_filter' #19
            │                 │  ├─ variant_0: string #7
            │                 │  ├─ variant_1: struct #10
            │                 │  │  └─ [equals]: string #7
            │                 │  ├─ variant_2: struct #11
            │                 │  │  └─ [not]: string #7
            │                 │  ├─ variant_3: struct #12
            │                 │  │  └─ [in]: list #9
            │                 │  │     └─ item: string #7
            │                 │  ├─ variant_4: struct #13
            │                 │  │  └─ [notIn]: list #9
            │                 │  │     └─ item: string #7
            │                 │  ├─ variant_5: struct #16
            │                 │  │  ├─ [contains]: string #7
            │                 │  │  └─ [mode]: optional #15
            │                 │  │     └─ item: string #14 enum{ '"insensitive"' }
            │                 │  ├─ variant_6: struct #17
            │                 │  │  └─ [search]: string #7
            │                 │  └─ variant_7: struct #18
            │                 │     ├─ [endsWith]: optional #8
            │                 │     │  └─ item: string #7
            │                 │     └─ [startsWith]: optional #8
            │                 │        └─ item: string #7
            │                 └─ variant_1: struct #20
            │                    └─ [not]: union '_prisma_string_filter' #19
            │                       ├─ variant_0: string #7
            │                       ├─ variant_1: struct #10
            │                       │  └─ [equals]: string #7
            │                       ├─ variant_2: struct #11
            │                       │  └─ [not]: string #7
            │                       ├─ variant_3: struct #12
            │                       │  └─ [in]: list #9
            │                       │     └─ item: string #7
            │                       ├─ variant_4: struct #13
            │                       │  └─ [notIn]: list #9
            │                       │     └─ item: string #7
            │                       ├─ variant_5: struct #16
            │                       │  ├─ [contains]: string #7
            │                       │  └─ [mode]: optional #15
            │                       │     └─ item: string #14 enum{ '"insensitive"' }
            │                       ├─ variant_6: struct #17
            │                       │  └─ [search]: string #7
            │                       └─ variant_7: struct #18
            │                          ├─ [endsWith]: optional #8
            │                          │  └─ item: string #7
            │                          └─ [startsWith]: optional #8
            │                             └─ item: string #7
            ├─ variant_1: struct #93
            │  └─ [some]: optional '_92_Post_where_excluding_User?' #92
            │     └─ item: struct 'Post_where_excluding_User' #89
            │        ├─ [author]: optional '_88_User_where?' #88
            │        │  └─ item: &User_where #87
            │        ├─ [id]: optional '_85__prisma_integer_filter_ex?' #85
            │        │  └─ item: optional '_prisma_integer_filter_ex' #36
            │        │     └─ item: union #35
            │        │        ├─ variant_0: either '_prisma_integer_filter' #33
            │        │        │  ├─ variant_0: integer #25
            │        │        │  ├─ variant_1: struct #28
            │        │        │  │  └─ [equals]: integer #25
            │        │        │  ├─ variant_2: struct #29
            │        │        │  │  └─ [not]: integer #25
            │        │        │  ├─ variant_3: struct #30
            │        │        │  │  ├─ [gt]: optional #26
            │        │        │  │  │  └─ item: integer #25
            │        │        │  │  ├─ [gte]: optional #26
            │        │        │  │  │  └─ item: integer #25
            │        │        │  │  ├─ [lt]: optional #26
            │        │        │  │  │  └─ item: integer #25
            │        │        │  │  └─ [lte]: optional #26
            │        │        │  │     └─ item: integer #25
            │        │        │  ├─ variant_4: struct #31
            │        │        │  │  └─ [in]: list #27
            │        │        │  │     └─ item: integer #25
            │        │        │  └─ variant_5: struct #32
            │        │        │     └─ [notIn]: list #27
            │        │        │        └─ item: integer #25
            │        │        └─ variant_1: struct #34
            │        │           └─ [not]: either '_prisma_integer_filter' #33
            │        │              ├─ variant_0: integer #25
            │        │              ├─ variant_1: struct #28
            │        │              │  └─ [equals]: integer #25
            │        │              ├─ variant_2: struct #29
            │        │              │  └─ [not]: integer #25
            │        │              ├─ variant_3: struct #30
            │        │              │  ├─ [gt]: optional #26
            │        │              │  │  └─ item: integer #25
            │        │              │  ├─ [gte]: optional #26
            │        │              │  │  └─ item: integer #25
            │        │              │  ├─ [lt]: optional #26
            │        │              │  │  └─ item: integer #25
            │        │              │  └─ [lte]: optional #26
            │        │              │     └─ item: integer #25
            │        │              ├─ variant_4: struct #31
            │        │              │  └─ [in]: list #27
            │        │              │     └─ item: integer #25
            │        │              └─ variant_5: struct #32
            │        │                 └─ [notIn]: list #27
            │        │                    └─ item: integer #25
            │        └─ [title]: optional '_86__prisma_string_filter_ex?' #86
            │           └─ item: optional '_prisma_string_filter_ex' #22
            │              └─ item: union #21
            │                 ├─ variant_0: union '_prisma_string_filter' #19
            │                 │  ├─ variant_0: string #7
            │                 │  ├─ variant_1: struct #10
            │                 │  │  └─ [equals]: string #7
            │                 │  ├─ variant_2: struct #11
            │                 │  │  └─ [not]: string #7
            │                 │  ├─ variant_3: struct #12
            │                 │  │  └─ [in]: list #9
            │                 │  │     └─ item: string #7
            │                 │  ├─ variant_4: struct #13
            │                 │  │  └─ [notIn]: list #9
            │                 │  │     └─ item: string #7
            │                 │  ├─ variant_5: struct #16
            │                 │  │  ├─ [contains]: string #7
            │                 │  │  └─ [mode]: optional #15
            │                 │  │     └─ item: string #14 enum{ '"insensitive"' }
            │                 │  ├─ variant_6: struct #17
            │                 │  │  └─ [search]: string #7
            │                 │  └─ variant_7: struct #18
            │                 │     ├─ [endsWith]: optional #8
            │                 │     │  └─ item: string #7
            │                 │     └─ [startsWith]: optional #8
            │                 │        └─ item: string #7
            │                 └─ variant_1: struct #20
            │                    └─ [not]: union '_prisma_string_filter' #19
            │                       ├─ variant_0: string #7
            │                       ├─ variant_1: struct #10
            │                       │  └─ [equals]: string #7
            │                       ├─ variant_2: struct #11
            │                       │  └─ [not]: string #7
            │                       ├─ variant_3: struct #12
            │                       │  └─ [in]: list #9
            │                       │     └─ item: string #7
            │                       ├─ variant_4: struct #13
            │                       │  └─ [notIn]: list #9
            │                       │     └─ item: string #7
            │                       ├─ variant_5: struct #16
            │                       │  ├─ [contains]: string #7
            │                       │  └─ [mode]: optional #15
            │                       │     └─ item: string #14 enum{ '"insensitive"' }
            │                       ├─ variant_6: struct #17
            │                       │  └─ [search]: string #7
            │                       └─ variant_7: struct #18
            │                          ├─ [endsWith]: optional #8
            │                          │  └─ item: string #7
            │                          └─ [startsWith]: optional #8
            │                             └─ item: string #7
            └─ variant_2: struct #95
               └─ [none]: optional '_94_Post_where_excluding_User?' #94
                  └─ item: struct 'Post_where_excluding_User' #89
                     ├─ [author]: optional '_88_User_where?' #88
                     │  └─ item: &User_where #87
                     ├─ [id]: optional '_85__prisma_integer_filter_ex?' #85
                     │  └─ item: optional '_prisma_integer_filter_ex' #36
                     │     └─ item: union #35
                     │        ├─ variant_0: either '_prisma_integer_filter' #33
                     │        │  ├─ variant_0: integer #25
                     │        │  ├─ variant_1: struct #28
                     │        │  │  └─ [equals]: integer #25
                     │        │  ├─ variant_2: struct #29
                     │        │  │  └─ [not]: integer #25
                     │        │  ├─ variant_3: struct #30
                     │        │  │  ├─ [gt]: optional #26
                     │        │  │  │  └─ item: integer #25
                     │        │  │  ├─ [gte]: optional #26
                     │        │  │  │  └─ item: integer #25
                     │        │  │  ├─ [lt]: optional #26
                     │        │  │  │  └─ item: integer #25
                     │        │  │  └─ [lte]: optional #26
                     │        │  │     └─ item: integer #25
                     │        │  ├─ variant_4: struct #31
                     │        │  │  └─ [in]: list #27
                     │        │  │     └─ item: integer #25
                     │        │  └─ variant_5: struct #32
                     │        │     └─ [notIn]: list #27
                     │        │        └─ item: integer #25
                     │        └─ variant_1: struct #34
                     │           └─ [not]: either '_prisma_integer_filter' #33
                     │              ├─ variant_0: integer #25
                     │              ├─ variant_1: struct #28
                     │              │  └─ [equals]: integer #25
                     │              ├─ variant_2: struct #29
                     │              │  └─ [not]: integer #25
                     │              ├─ variant_3: struct #30
                     │              │  ├─ [gt]: optional #26
                     │              │  │  └─ item: integer #25
                     │              │  ├─ [gte]: optional #26
                     │              │  │  └─ item: integer #25
                     │              │  ├─ [lt]: optional #26
                     │              │  │  └─ item: integer #25
                     │              │  └─ [lte]: optional #26
                     │              │     └─ item: integer #25
                     │              ├─ variant_4: struct #31
                     │              │  └─ [in]: list #27
                     │              │     └─ item: integer #25
                     │              └─ variant_5: struct #32
                     │                 └─ [notIn]: list #27
                     │                    └─ item: integer #25
                     └─ [title]: optional '_86__prisma_string_filter_ex?' #86
                        └─ item: optional '_prisma_string_filter_ex' #22
                           └─ item: union #21
                              ├─ variant_0: union '_prisma_string_filter' #19
                              │  ├─ variant_0: string #7
                              │  ├─ variant_1: struct #10
                              │  │  └─ [equals]: string #7
                              │  ├─ variant_2: struct #11
                              │  │  └─ [not]: string #7
                              │  ├─ variant_3: struct #12
                              │  │  └─ [in]: list #9
                              │  │     └─ item: string #7
                              │  ├─ variant_4: struct #13
                              │  │  └─ [notIn]: list #9
                              │  │     └─ item: string #7
                              │  ├─ variant_5: struct #16
                              │  │  ├─ [contains]: string #7
                              │  │  └─ [mode]: optional #15
                              │  │     └─ item: string #14 enum{ '"insensitive"' }
                              │  ├─ variant_6: struct #17
                              │  │  └─ [search]: string #7
                              │  └─ variant_7: struct #18
                              │     ├─ [endsWith]: optional #8
                              │     │  └─ item: string #7
                              │     └─ [startsWith]: optional #8
                              │        └─ item: string #7
                              └─ variant_1: struct #20
                                 └─ [not]: union '_prisma_string_filter' #19
                                    ├─ variant_0: string #7
                                    ├─ variant_1: struct #10
                                    │  └─ [equals]: string #7
                                    ├─ variant_2: struct #11
                                    │  └─ [not]: string #7
                                    ├─ variant_3: struct #12
                                    │  └─ [in]: list #9
                                    │     └─ item: string #7
                                    ├─ variant_4: struct #13
                                    │  └─ [notIn]: list #9
                                    │     └─ item: string #7
                                    ├─ variant_5: struct #16
                                    │  ├─ [contains]: string #7
                                    │  └─ [mode]: optional #15
                                    │     └─ item: string #14 enum{ '"insensitive"' }
                                    ├─ variant_6: struct #17
                                    │  └─ [search]: string #7
                                    └─ variant_7: struct #18
                                       ├─ [endsWith]: optional #8
                                       │  └─ item: string #7
                                       └─ [startsWith]: optional #8
                                          └─ item: string #7
