---
source: src/typegraph/core-ng/src/runtimes/prisma/type_generation/mod.rs
expression: tp.print(inp)
---
root: struct #87
└─ [data]: list 'list_86' #86
   └─ item: struct 'User_create_input' #85
      ├─ [id]: integer #15
      ├─ [name]: string #16
      └─ [posts]: optional 'optional_84' #84
         └─ item: union #83
            ├─ variant_0: struct #76
            │  └─ [create]: union #28
            │     ├─ variant_0: struct 'Post_create_input_excluding_rel_Post_User' #26
            │     │  ├─ [id]: optional 'optional_25' #25
            │     │  │  └─ item: integer #20
            │     │  └─ [title]: string #22
            │     └─ variant_1: list 'list_27' #27
            │        └─ item: struct 'Post_create_input_excluding_rel_Post_User' #26
            │           ├─ [id]: optional 'optional_25' #25
            │           │  └─ item: integer #20
            │           └─ [title]: string #22
            ├─ variant_1: struct #77
            │  └─ [connect]: union #74
            │     ├─ variant_0: struct 'Post_where' #72
            │     │  ├─ [author]: optional 'optional_71' #71
            │     │  │  └─ item: struct 'User_where_excluding_Post' #70
            │     │  │     ├─ [id]: optional 'optional_59' #59
            │     │  │     │  └─ item: optional '_prisma_integer_filter_ex' #40
            │     │  │     │     └─ item: union #39
            │     │  │     │        ├─ variant_0: either '_prisma_integer_filter' #37
            │     │  │     │        │  ├─ variant_0: integer #29
            │     │  │     │        │  ├─ variant_1: struct #32
            │     │  │     │        │  │  └─ [equals]: integer #29
            │     │  │     │        │  ├─ variant_2: struct #33
            │     │  │     │        │  │  └─ [not]: integer #29
            │     │  │     │        │  ├─ variant_3: struct #34
            │     │  │     │        │  │  ├─ [gt]: optional 'optional_30' #30
            │     │  │     │        │  │  │  └─ item: integer #29
            │     │  │     │        │  │  ├─ [gte]: optional 'optional_30' #30
            │     │  │     │        │  │  │  └─ item: integer #29
            │     │  │     │        │  │  ├─ [lt]: optional 'optional_30' #30
            │     │  │     │        │  │  │  └─ item: integer #29
            │     │  │     │        │  │  └─ [lte]: optional 'optional_30' #30
            │     │  │     │        │  │     └─ item: integer #29
            │     │  │     │        │  ├─ variant_4: struct #35
            │     │  │     │        │  │  └─ [in]: list 'list_31' #31
            │     │  │     │        │  │     └─ item: integer #29
            │     │  │     │        │  └─ variant_5: struct #36
            │     │  │     │        │     └─ [notIn]: list 'list_31' #31
            │     │  │     │        │        └─ item: integer #29
            │     │  │     │        └─ variant_1: struct #38
            │     │  │     │           └─ [not]: either '_prisma_integer_filter' #37
            │     │  │     │              ├─ variant_0: integer #29
            │     │  │     │              ├─ variant_1: struct #32
            │     │  │     │              │  └─ [equals]: integer #29
            │     │  │     │              ├─ variant_2: struct #33
            │     │  │     │              │  └─ [not]: integer #29
            │     │  │     │              ├─ variant_3: struct #34
            │     │  │     │              │  ├─ [gt]: optional 'optional_30' #30
            │     │  │     │              │  │  └─ item: integer #29
            │     │  │     │              │  ├─ [gte]: optional 'optional_30' #30
            │     │  │     │              │  │  └─ item: integer #29
            │     │  │     │              │  ├─ [lt]: optional 'optional_30' #30
            │     │  │     │              │  │  └─ item: integer #29
            │     │  │     │              │  └─ [lte]: optional 'optional_30' #30
            │     │  │     │              │     └─ item: integer #29
            │     │  │     │              ├─ variant_4: struct #35
            │     │  │     │              │  └─ [in]: list 'list_31' #31
            │     │  │     │              │     └─ item: integer #29
            │     │  │     │              └─ variant_5: struct #36
            │     │  │     │                 └─ [notIn]: list 'list_31' #31
            │     │  │     │                    └─ item: integer #29
            │     │  │     ├─ [name]: optional 'optional_60' #60
            │     │  │     │  └─ item: optional '_prisma_string_filter_ex' #57
            │     │  │     │     └─ item: union #56
            │     │  │     │        ├─ variant_0: union '_prisma_string_filter' #54
            │     │  │     │        │  ├─ variant_0: string #42
            │     │  │     │        │  ├─ variant_1: struct #45
            │     │  │     │        │  │  └─ [equals]: string #42
            │     │  │     │        │  ├─ variant_2: struct #46
            │     │  │     │        │  │  └─ [not]: string #42
            │     │  │     │        │  ├─ variant_3: struct #47
            │     │  │     │        │  │  └─ [in]: list 'list_44' #44
            │     │  │     │        │  │     └─ item: string #42
            │     │  │     │        │  ├─ variant_4: struct #48
            │     │  │     │        │  │  └─ [notIn]: list 'list_44' #44
            │     │  │     │        │  │     └─ item: string #42
            │     │  │     │        │  ├─ variant_5: struct #51
            │     │  │     │        │  │  ├─ [contains]: string #42
            │     │  │     │        │  │  └─ [mode]: optional 'optional_50' #50
            │     │  │     │        │  │     └─ item: string #49 enum{ '"insensitive"' }
            │     │  │     │        │  ├─ variant_6: struct #52
            │     │  │     │        │  │  └─ [search]: string #42
            │     │  │     │        │  └─ variant_7: struct #53
            │     │  │     │        │     ├─ [endsWith]: optional 'optional_43' #43
            │     │  │     │        │     │  └─ item: string #42
            │     │  │     │        │     └─ [startsWith]: optional 'optional_43' #43
            │     │  │     │        │        └─ item: string #42
            │     │  │     │        └─ variant_1: struct #55
            │     │  │     │           └─ [not]: union '_prisma_string_filter' #54
            │     │  │     │              ├─ variant_0: string #42
            │     │  │     │              ├─ variant_1: struct #45
            │     │  │     │              │  └─ [equals]: string #42
            │     │  │     │              ├─ variant_2: struct #46
            │     │  │     │              │  └─ [not]: string #42
            │     │  │     │              ├─ variant_3: struct #47
            │     │  │     │              │  └─ [in]: list 'list_44' #44
            │     │  │     │              │     └─ item: string #42
            │     │  │     │              ├─ variant_4: struct #48
            │     │  │     │              │  └─ [notIn]: list 'list_44' #44
            │     │  │     │              │     └─ item: string #42
            │     │  │     │              ├─ variant_5: struct #51
            │     │  │     │              │  ├─ [contains]: string #42
            │     │  │     │              │  └─ [mode]: optional 'optional_50' #50
            │     │  │     │              │     └─ item: string #49 enum{ '"insensitive"' }
            │     │  │     │              ├─ variant_6: struct #52
            │     │  │     │              │  └─ [search]: string #42
            │     │  │     │              └─ variant_7: struct #53
            │     │  │     │                 ├─ [endsWith]: optional 'optional_43' #43
            │     │  │     │                 │  └─ item: string #42
            │     │  │     │                 └─ [startsWith]: optional 'optional_43' #43
            │     │  │     │                    └─ item: string #42
            │     │  │     └─ [posts]: optional 'optional_69' #69
            │     │  │        └─ item: union #68
            │     │  │           ├─ variant_0: struct #63
            │     │  │           │  └─ [every]: optional 'optional_62' #62
            │     │  │           │     └─ item: &Post_where #61
            │     │  │           ├─ variant_1: struct #65
            │     │  │           │  └─ [some]: optional 'optional_64' #64
            │     │  │           │     └─ item: &Post_where #61
            │     │  │           └─ variant_2: struct #67
            │     │  │              └─ [none]: optional 'optional_66' #66
            │     │  │                 └─ item: &Post_where #61
            │     │  ├─ [id]: optional 'optional_41' #41
            │     │  │  └─ item: optional '_prisma_integer_filter_ex' #40
            │     │  │     └─ item: union #39
            │     │  │        ├─ variant_0: either '_prisma_integer_filter' #37
            │     │  │        │  ├─ variant_0: integer #29
            │     │  │        │  ├─ variant_1: struct #32
            │     │  │        │  │  └─ [equals]: integer #29
            │     │  │        │  ├─ variant_2: struct #33
            │     │  │        │  │  └─ [not]: integer #29
            │     │  │        │  ├─ variant_3: struct #34
            │     │  │        │  │  ├─ [gt]: optional 'optional_30' #30
            │     │  │        │  │  │  └─ item: integer #29
            │     │  │        │  │  ├─ [gte]: optional 'optional_30' #30
            │     │  │        │  │  │  └─ item: integer #29
            │     │  │        │  │  ├─ [lt]: optional 'optional_30' #30
            │     │  │        │  │  │  └─ item: integer #29
            │     │  │        │  │  └─ [lte]: optional 'optional_30' #30
            │     │  │        │  │     └─ item: integer #29
            │     │  │        │  ├─ variant_4: struct #35
            │     │  │        │  │  └─ [in]: list 'list_31' #31
            │     │  │        │  │     └─ item: integer #29
            │     │  │        │  └─ variant_5: struct #36
            │     │  │        │     └─ [notIn]: list 'list_31' #31
            │     │  │        │        └─ item: integer #29
            │     │  │        └─ variant_1: struct #38
            │     │  │           └─ [not]: either '_prisma_integer_filter' #37
            │     │  │              ├─ variant_0: integer #29
            │     │  │              ├─ variant_1: struct #32
            │     │  │              │  └─ [equals]: integer #29
            │     │  │              ├─ variant_2: struct #33
            │     │  │              │  └─ [not]: integer #29
            │     │  │              ├─ variant_3: struct #34
            │     │  │              │  ├─ [gt]: optional 'optional_30' #30
            │     │  │              │  │  └─ item: integer #29
            │     │  │              │  ├─ [gte]: optional 'optional_30' #30
            │     │  │              │  │  └─ item: integer #29
            │     │  │              │  ├─ [lt]: optional 'optional_30' #30
            │     │  │              │  │  └─ item: integer #29
            │     │  │              │  └─ [lte]: optional 'optional_30' #30
            │     │  │              │     └─ item: integer #29
            │     │  │              ├─ variant_4: struct #35
            │     │  │              │  └─ [in]: list 'list_31' #31
            │     │  │              │     └─ item: integer #29
            │     │  │              └─ variant_5: struct #36
            │     │  │                 └─ [notIn]: list 'list_31' #31
            │     │  │                    └─ item: integer #29
            │     │  └─ [title]: optional 'optional_58' #58
            │     │     └─ item: optional '_prisma_string_filter_ex' #57
            │     │        └─ item: union #56
            │     │           ├─ variant_0: union '_prisma_string_filter' #54
            │     │           │  ├─ variant_0: string #42
            │     │           │  ├─ variant_1: struct #45
            │     │           │  │  └─ [equals]: string #42
            │     │           │  ├─ variant_2: struct #46
            │     │           │  │  └─ [not]: string #42
            │     │           │  ├─ variant_3: struct #47
            │     │           │  │  └─ [in]: list 'list_44' #44
            │     │           │  │     └─ item: string #42
            │     │           │  ├─ variant_4: struct #48
            │     │           │  │  └─ [notIn]: list 'list_44' #44
            │     │           │  │     └─ item: string #42
            │     │           │  ├─ variant_5: struct #51
            │     │           │  │  ├─ [contains]: string #42
            │     │           │  │  └─ [mode]: optional 'optional_50' #50
            │     │           │  │     └─ item: string #49 enum{ '"insensitive"' }
            │     │           │  ├─ variant_6: struct #52
            │     │           │  │  └─ [search]: string #42
            │     │           │  └─ variant_7: struct #53
            │     │           │     ├─ [endsWith]: optional 'optional_43' #43
            │     │           │     │  └─ item: string #42
            │     │           │     └─ [startsWith]: optional 'optional_43' #43
            │     │           │        └─ item: string #42
            │     │           └─ variant_1: struct #55
            │     │              └─ [not]: union '_prisma_string_filter' #54
            │     │                 ├─ variant_0: string #42
            │     │                 ├─ variant_1: struct #45
            │     │                 │  └─ [equals]: string #42
            │     │                 ├─ variant_2: struct #46
            │     │                 │  └─ [not]: string #42
            │     │                 ├─ variant_3: struct #47
            │     │                 │  └─ [in]: list 'list_44' #44
            │     │                 │     └─ item: string #42
            │     │                 ├─ variant_4: struct #48
            │     │                 │  └─ [notIn]: list 'list_44' #44
            │     │                 │     └─ item: string #42
            │     │                 ├─ variant_5: struct #51
            │     │                 │  ├─ [contains]: string #42
            │     │                 │  └─ [mode]: optional 'optional_50' #50
            │     │                 │     └─ item: string #49 enum{ '"insensitive"' }
            │     │                 ├─ variant_6: struct #52
            │     │                 │  └─ [search]: string #42
            │     │                 └─ variant_7: struct #53
            │     │                    ├─ [endsWith]: optional 'optional_43' #43
            │     │                    │  └─ item: string #42
            │     │                    └─ [startsWith]: optional 'optional_43' #43
            │     │                       └─ item: string #42
            │     └─ variant_1: list 'list_73' #73
            │        └─ item: struct 'Post_where' #72
            │           ├─ [author]: optional 'optional_71' #71
            │           │  └─ item: struct 'User_where_excluding_Post' #70
            │           │     ├─ [id]: optional 'optional_59' #59
            │           │     │  └─ item: optional '_prisma_integer_filter_ex' #40
            │           │     │     └─ item: union #39
            │           │     │        ├─ variant_0: either '_prisma_integer_filter' #37
            │           │     │        │  ├─ variant_0: integer #29
            │           │     │        │  ├─ variant_1: struct #32
            │           │     │        │  │  └─ [equals]: integer #29
            │           │     │        │  ├─ variant_2: struct #33
            │           │     │        │  │  └─ [not]: integer #29
            │           │     │        │  ├─ variant_3: struct #34
            │           │     │        │  │  ├─ [gt]: optional 'optional_30' #30
            │           │     │        │  │  │  └─ item: integer #29
            │           │     │        │  │  ├─ [gte]: optional 'optional_30' #30
            │           │     │        │  │  │  └─ item: integer #29
            │           │     │        │  │  ├─ [lt]: optional 'optional_30' #30
            │           │     │        │  │  │  └─ item: integer #29
            │           │     │        │  │  └─ [lte]: optional 'optional_30' #30
            │           │     │        │  │     └─ item: integer #29
            │           │     │        │  ├─ variant_4: struct #35
            │           │     │        │  │  └─ [in]: list 'list_31' #31
            │           │     │        │  │     └─ item: integer #29
            │           │     │        │  └─ variant_5: struct #36
            │           │     │        │     └─ [notIn]: list 'list_31' #31
            │           │     │        │        └─ item: integer #29
            │           │     │        └─ variant_1: struct #38
            │           │     │           └─ [not]: either '_prisma_integer_filter' #37
            │           │     │              ├─ variant_0: integer #29
            │           │     │              ├─ variant_1: struct #32
            │           │     │              │  └─ [equals]: integer #29
            │           │     │              ├─ variant_2: struct #33
            │           │     │              │  └─ [not]: integer #29
            │           │     │              ├─ variant_3: struct #34
            │           │     │              │  ├─ [gt]: optional 'optional_30' #30
            │           │     │              │  │  └─ item: integer #29
            │           │     │              │  ├─ [gte]: optional 'optional_30' #30
            │           │     │              │  │  └─ item: integer #29
            │           │     │              │  ├─ [lt]: optional 'optional_30' #30
            │           │     │              │  │  └─ item: integer #29
            │           │     │              │  └─ [lte]: optional 'optional_30' #30
            │           │     │              │     └─ item: integer #29
            │           │     │              ├─ variant_4: struct #35
            │           │     │              │  └─ [in]: list 'list_31' #31
            │           │     │              │     └─ item: integer #29
            │           │     │              └─ variant_5: struct #36
            │           │     │                 └─ [notIn]: list 'list_31' #31
            │           │     │                    └─ item: integer #29
            │           │     ├─ [name]: optional 'optional_60' #60
            │           │     │  └─ item: optional '_prisma_string_filter_ex' #57
            │           │     │     └─ item: union #56
            │           │     │        ├─ variant_0: union '_prisma_string_filter' #54
            │           │     │        │  ├─ variant_0: string #42
            │           │     │        │  ├─ variant_1: struct #45
            │           │     │        │  │  └─ [equals]: string #42
            │           │     │        │  ├─ variant_2: struct #46
            │           │     │        │  │  └─ [not]: string #42
            │           │     │        │  ├─ variant_3: struct #47
            │           │     │        │  │  └─ [in]: list 'list_44' #44
            │           │     │        │  │     └─ item: string #42
            │           │     │        │  ├─ variant_4: struct #48
            │           │     │        │  │  └─ [notIn]: list 'list_44' #44
            │           │     │        │  │     └─ item: string #42
            │           │     │        │  ├─ variant_5: struct #51
            │           │     │        │  │  ├─ [contains]: string #42
            │           │     │        │  │  └─ [mode]: optional 'optional_50' #50
            │           │     │        │  │     └─ item: string #49 enum{ '"insensitive"' }
            │           │     │        │  ├─ variant_6: struct #52
            │           │     │        │  │  └─ [search]: string #42
            │           │     │        │  └─ variant_7: struct #53
            │           │     │        │     ├─ [endsWith]: optional 'optional_43' #43
            │           │     │        │     │  └─ item: string #42
            │           │     │        │     └─ [startsWith]: optional 'optional_43' #43
            │           │     │        │        └─ item: string #42
            │           │     │        └─ variant_1: struct #55
            │           │     │           └─ [not]: union '_prisma_string_filter' #54
            │           │     │              ├─ variant_0: string #42
            │           │     │              ├─ variant_1: struct #45
            │           │     │              │  └─ [equals]: string #42
            │           │     │              ├─ variant_2: struct #46
            │           │     │              │  └─ [not]: string #42
            │           │     │              ├─ variant_3: struct #47
            │           │     │              │  └─ [in]: list 'list_44' #44
            │           │     │              │     └─ item: string #42
            │           │     │              ├─ variant_4: struct #48
            │           │     │              │  └─ [notIn]: list 'list_44' #44
            │           │     │              │     └─ item: string #42
            │           │     │              ├─ variant_5: struct #51
            │           │     │              │  ├─ [contains]: string #42
            │           │     │              │  └─ [mode]: optional 'optional_50' #50
            │           │     │              │     └─ item: string #49 enum{ '"insensitive"' }
            │           │     │              ├─ variant_6: struct #52
            │           │     │              │  └─ [search]: string #42
            │           │     │              └─ variant_7: struct #53
            │           │     │                 ├─ [endsWith]: optional 'optional_43' #43
            │           │     │                 │  └─ item: string #42
            │           │     │                 └─ [startsWith]: optional 'optional_43' #43
            │           │     │                    └─ item: string #42
            │           │     └─ [posts]: optional 'optional_69' #69
            │           │        └─ item: union #68
            │           │           ├─ variant_0: struct #63
            │           │           │  └─ [every]: optional 'optional_62' #62
            │           │           │     └─ item: &Post_where #61
            │           │           ├─ variant_1: struct #65
            │           │           │  └─ [some]: optional 'optional_64' #64
            │           │           │     └─ item: &Post_where #61
            │           │           └─ variant_2: struct #67
            │           │              └─ [none]: optional 'optional_66' #66
            │           │                 └─ item: &Post_where #61
            │           ├─ [id]: optional 'optional_41' #41
            │           │  └─ item: optional '_prisma_integer_filter_ex' #40
            │           │     └─ item: union #39
            │           │        ├─ variant_0: either '_prisma_integer_filter' #37
            │           │        │  ├─ variant_0: integer #29
            │           │        │  ├─ variant_1: struct #32
            │           │        │  │  └─ [equals]: integer #29
            │           │        │  ├─ variant_2: struct #33
            │           │        │  │  └─ [not]: integer #29
            │           │        │  ├─ variant_3: struct #34
            │           │        │  │  ├─ [gt]: optional 'optional_30' #30
            │           │        │  │  │  └─ item: integer #29
            │           │        │  │  ├─ [gte]: optional 'optional_30' #30
            │           │        │  │  │  └─ item: integer #29
            │           │        │  │  ├─ [lt]: optional 'optional_30' #30
            │           │        │  │  │  └─ item: integer #29
            │           │        │  │  └─ [lte]: optional 'optional_30' #30
            │           │        │  │     └─ item: integer #29
            │           │        │  ├─ variant_4: struct #35
            │           │        │  │  └─ [in]: list 'list_31' #31
            │           │        │  │     └─ item: integer #29
            │           │        │  └─ variant_5: struct #36
            │           │        │     └─ [notIn]: list 'list_31' #31
            │           │        │        └─ item: integer #29
            │           │        └─ variant_1: struct #38
            │           │           └─ [not]: either '_prisma_integer_filter' #37
            │           │              ├─ variant_0: integer #29
            │           │              ├─ variant_1: struct #32
            │           │              │  └─ [equals]: integer #29
            │           │              ├─ variant_2: struct #33
            │           │              │  └─ [not]: integer #29
            │           │              ├─ variant_3: struct #34
            │           │              │  ├─ [gt]: optional 'optional_30' #30
            │           │              │  │  └─ item: integer #29
            │           │              │  ├─ [gte]: optional 'optional_30' #30
            │           │              │  │  └─ item: integer #29
            │           │              │  ├─ [lt]: optional 'optional_30' #30
            │           │              │  │  └─ item: integer #29
            │           │              │  └─ [lte]: optional 'optional_30' #30
            │           │              │     └─ item: integer #29
            │           │              ├─ variant_4: struct #35
            │           │              │  └─ [in]: list 'list_31' #31
            │           │              │     └─ item: integer #29
            │           │              └─ variant_5: struct #36
            │           │                 └─ [notIn]: list 'list_31' #31
            │           │                    └─ item: integer #29
            │           └─ [title]: optional 'optional_58' #58
            │              └─ item: optional '_prisma_string_filter_ex' #57
            │                 └─ item: union #56
            │                    ├─ variant_0: union '_prisma_string_filter' #54
            │                    │  ├─ variant_0: string #42
            │                    │  ├─ variant_1: struct #45
            │                    │  │  └─ [equals]: string #42
            │                    │  ├─ variant_2: struct #46
            │                    │  │  └─ [not]: string #42
            │                    │  ├─ variant_3: struct #47
            │                    │  │  └─ [in]: list 'list_44' #44
            │                    │  │     └─ item: string #42
            │                    │  ├─ variant_4: struct #48
            │                    │  │  └─ [notIn]: list 'list_44' #44
            │                    │  │     └─ item: string #42
            │                    │  ├─ variant_5: struct #51
            │                    │  │  ├─ [contains]: string #42
            │                    │  │  └─ [mode]: optional 'optional_50' #50
            │                    │  │     └─ item: string #49 enum{ '"insensitive"' }
            │                    │  ├─ variant_6: struct #52
            │                    │  │  └─ [search]: string #42
            │                    │  └─ variant_7: struct #53
            │                    │     ├─ [endsWith]: optional 'optional_43' #43
            │                    │     │  └─ item: string #42
            │                    │     └─ [startsWith]: optional 'optional_43' #43
            │                    │        └─ item: string #42
            │                    └─ variant_1: struct #55
            │                       └─ [not]: union '_prisma_string_filter' #54
            │                          ├─ variant_0: string #42
            │                          ├─ variant_1: struct #45
            │                          │  └─ [equals]: string #42
            │                          ├─ variant_2: struct #46
            │                          │  └─ [not]: string #42
            │                          ├─ variant_3: struct #47
            │                          │  └─ [in]: list 'list_44' #44
            │                          │     └─ item: string #42
            │                          ├─ variant_4: struct #48
            │                          │  └─ [notIn]: list 'list_44' #44
            │                          │     └─ item: string #42
            │                          ├─ variant_5: struct #51
            │                          │  ├─ [contains]: string #42
            │                          │  └─ [mode]: optional 'optional_50' #50
            │                          │     └─ item: string #49 enum{ '"insensitive"' }
            │                          ├─ variant_6: struct #52
            │                          │  └─ [search]: string #42
            │                          └─ variant_7: struct #53
            │                             ├─ [endsWith]: optional 'optional_43' #43
            │                             │  └─ item: string #42
            │                             └─ [startsWith]: optional 'optional_43' #43
            │                                └─ item: string #42
            ├─ variant_2: struct #78
            │  └─ [connectOrCreate]: struct #75
            │     ├─ [create]: union #28
            │     │  ├─ variant_0: struct 'Post_create_input_excluding_rel_Post_User' #26
            │     │  │  ├─ [id]: optional 'optional_25' #25
            │     │  │  │  └─ item: integer #20
            │     │  │  └─ [title]: string #22
            │     │  └─ variant_1: list 'list_27' #27
            │     │     └─ item: struct 'Post_create_input_excluding_rel_Post_User' #26
            │     │        ├─ [id]: optional 'optional_25' #25
            │     │        │  └─ item: integer #20
            │     │        └─ [title]: string #22
            │     └─ [where]: union #74
            │        ├─ variant_0: struct 'Post_where' #72
            │        │  ├─ [author]: optional 'optional_71' #71
            │        │  │  └─ item: struct 'User_where_excluding_Post' #70
            │        │  │     ├─ [id]: optional 'optional_59' #59
            │        │  │     │  └─ item: optional '_prisma_integer_filter_ex' #40
            │        │  │     │     └─ item: union #39
            │        │  │     │        ├─ variant_0: either '_prisma_integer_filter' #37
            │        │  │     │        │  ├─ variant_0: integer #29
            │        │  │     │        │  ├─ variant_1: struct #32
            │        │  │     │        │  │  └─ [equals]: integer #29
            │        │  │     │        │  ├─ variant_2: struct #33
            │        │  │     │        │  │  └─ [not]: integer #29
            │        │  │     │        │  ├─ variant_3: struct #34
            │        │  │     │        │  │  ├─ [gt]: optional 'optional_30' #30
            │        │  │     │        │  │  │  └─ item: integer #29
            │        │  │     │        │  │  ├─ [gte]: optional 'optional_30' #30
            │        │  │     │        │  │  │  └─ item: integer #29
            │        │  │     │        │  │  ├─ [lt]: optional 'optional_30' #30
            │        │  │     │        │  │  │  └─ item: integer #29
            │        │  │     │        │  │  └─ [lte]: optional 'optional_30' #30
            │        │  │     │        │  │     └─ item: integer #29
            │        │  │     │        │  ├─ variant_4: struct #35
            │        │  │     │        │  │  └─ [in]: list 'list_31' #31
            │        │  │     │        │  │     └─ item: integer #29
            │        │  │     │        │  └─ variant_5: struct #36
            │        │  │     │        │     └─ [notIn]: list 'list_31' #31
            │        │  │     │        │        └─ item: integer #29
            │        │  │     │        └─ variant_1: struct #38
            │        │  │     │           └─ [not]: either '_prisma_integer_filter' #37
            │        │  │     │              ├─ variant_0: integer #29
            │        │  │     │              ├─ variant_1: struct #32
            │        │  │     │              │  └─ [equals]: integer #29
            │        │  │     │              ├─ variant_2: struct #33
            │        │  │     │              │  └─ [not]: integer #29
            │        │  │     │              ├─ variant_3: struct #34
            │        │  │     │              │  ├─ [gt]: optional 'optional_30' #30
            │        │  │     │              │  │  └─ item: integer #29
            │        │  │     │              │  ├─ [gte]: optional 'optional_30' #30
            │        │  │     │              │  │  └─ item: integer #29
            │        │  │     │              │  ├─ [lt]: optional 'optional_30' #30
            │        │  │     │              │  │  └─ item: integer #29
            │        │  │     │              │  └─ [lte]: optional 'optional_30' #30
            │        │  │     │              │     └─ item: integer #29
            │        │  │     │              ├─ variant_4: struct #35
            │        │  │     │              │  └─ [in]: list 'list_31' #31
            │        │  │     │              │     └─ item: integer #29
            │        │  │     │              └─ variant_5: struct #36
            │        │  │     │                 └─ [notIn]: list 'list_31' #31
            │        │  │     │                    └─ item: integer #29
            │        │  │     ├─ [name]: optional 'optional_60' #60
            │        │  │     │  └─ item: optional '_prisma_string_filter_ex' #57
            │        │  │     │     └─ item: union #56
            │        │  │     │        ├─ variant_0: union '_prisma_string_filter' #54
            │        │  │     │        │  ├─ variant_0: string #42
            │        │  │     │        │  ├─ variant_1: struct #45
            │        │  │     │        │  │  └─ [equals]: string #42
            │        │  │     │        │  ├─ variant_2: struct #46
            │        │  │     │        │  │  └─ [not]: string #42
            │        │  │     │        │  ├─ variant_3: struct #47
            │        │  │     │        │  │  └─ [in]: list 'list_44' #44
            │        │  │     │        │  │     └─ item: string #42
            │        │  │     │        │  ├─ variant_4: struct #48
            │        │  │     │        │  │  └─ [notIn]: list 'list_44' #44
            │        │  │     │        │  │     └─ item: string #42
            │        │  │     │        │  ├─ variant_5: struct #51
            │        │  │     │        │  │  ├─ [contains]: string #42
            │        │  │     │        │  │  └─ [mode]: optional 'optional_50' #50
            │        │  │     │        │  │     └─ item: string #49 enum{ '"insensitive"' }
            │        │  │     │        │  ├─ variant_6: struct #52
            │        │  │     │        │  │  └─ [search]: string #42
            │        │  │     │        │  └─ variant_7: struct #53
            │        │  │     │        │     ├─ [endsWith]: optional 'optional_43' #43
            │        │  │     │        │     │  └─ item: string #42
            │        │  │     │        │     └─ [startsWith]: optional 'optional_43' #43
            │        │  │     │        │        └─ item: string #42
            │        │  │     │        └─ variant_1: struct #55
            │        │  │     │           └─ [not]: union '_prisma_string_filter' #54
            │        │  │     │              ├─ variant_0: string #42
            │        │  │     │              ├─ variant_1: struct #45
            │        │  │     │              │  └─ [equals]: string #42
            │        │  │     │              ├─ variant_2: struct #46
            │        │  │     │              │  └─ [not]: string #42
            │        │  │     │              ├─ variant_3: struct #47
            │        │  │     │              │  └─ [in]: list 'list_44' #44
            │        │  │     │              │     └─ item: string #42
            │        │  │     │              ├─ variant_4: struct #48
            │        │  │     │              │  └─ [notIn]: list 'list_44' #44
            │        │  │     │              │     └─ item: string #42
            │        │  │     │              ├─ variant_5: struct #51
            │        │  │     │              │  ├─ [contains]: string #42
            │        │  │     │              │  └─ [mode]: optional 'optional_50' #50
            │        │  │     │              │     └─ item: string #49 enum{ '"insensitive"' }
            │        │  │     │              ├─ variant_6: struct #52
            │        │  │     │              │  └─ [search]: string #42
            │        │  │     │              └─ variant_7: struct #53
            │        │  │     │                 ├─ [endsWith]: optional 'optional_43' #43
            │        │  │     │                 │  └─ item: string #42
            │        │  │     │                 └─ [startsWith]: optional 'optional_43' #43
            │        │  │     │                    └─ item: string #42
            │        │  │     └─ [posts]: optional 'optional_69' #69
            │        │  │        └─ item: union #68
            │        │  │           ├─ variant_0: struct #63
            │        │  │           │  └─ [every]: optional 'optional_62' #62
            │        │  │           │     └─ item: &Post_where #61
            │        │  │           ├─ variant_1: struct #65
            │        │  │           │  └─ [some]: optional 'optional_64' #64
            │        │  │           │     └─ item: &Post_where #61
            │        │  │           └─ variant_2: struct #67
            │        │  │              └─ [none]: optional 'optional_66' #66
            │        │  │                 └─ item: &Post_where #61
            │        │  ├─ [id]: optional 'optional_41' #41
            │        │  │  └─ item: optional '_prisma_integer_filter_ex' #40
            │        │  │     └─ item: union #39
            │        │  │        ├─ variant_0: either '_prisma_integer_filter' #37
            │        │  │        │  ├─ variant_0: integer #29
            │        │  │        │  ├─ variant_1: struct #32
            │        │  │        │  │  └─ [equals]: integer #29
            │        │  │        │  ├─ variant_2: struct #33
            │        │  │        │  │  └─ [not]: integer #29
            │        │  │        │  ├─ variant_3: struct #34
            │        │  │        │  │  ├─ [gt]: optional 'optional_30' #30
            │        │  │        │  │  │  └─ item: integer #29
            │        │  │        │  │  ├─ [gte]: optional 'optional_30' #30
            │        │  │        │  │  │  └─ item: integer #29
            │        │  │        │  │  ├─ [lt]: optional 'optional_30' #30
            │        │  │        │  │  │  └─ item: integer #29
            │        │  │        │  │  └─ [lte]: optional 'optional_30' #30
            │        │  │        │  │     └─ item: integer #29
            │        │  │        │  ├─ variant_4: struct #35
            │        │  │        │  │  └─ [in]: list 'list_31' #31
            │        │  │        │  │     └─ item: integer #29
            │        │  │        │  └─ variant_5: struct #36
            │        │  │        │     └─ [notIn]: list 'list_31' #31
            │        │  │        │        └─ item: integer #29
            │        │  │        └─ variant_1: struct #38
            │        │  │           └─ [not]: either '_prisma_integer_filter' #37
            │        │  │              ├─ variant_0: integer #29
            │        │  │              ├─ variant_1: struct #32
            │        │  │              │  └─ [equals]: integer #29
            │        │  │              ├─ variant_2: struct #33
            │        │  │              │  └─ [not]: integer #29
            │        │  │              ├─ variant_3: struct #34
            │        │  │              │  ├─ [gt]: optional 'optional_30' #30
            │        │  │              │  │  └─ item: integer #29
            │        │  │              │  ├─ [gte]: optional 'optional_30' #30
            │        │  │              │  │  └─ item: integer #29
            │        │  │              │  ├─ [lt]: optional 'optional_30' #30
            │        │  │              │  │  └─ item: integer #29
            │        │  │              │  └─ [lte]: optional 'optional_30' #30
            │        │  │              │     └─ item: integer #29
            │        │  │              ├─ variant_4: struct #35
            │        │  │              │  └─ [in]: list 'list_31' #31
            │        │  │              │     └─ item: integer #29
            │        │  │              └─ variant_5: struct #36
            │        │  │                 └─ [notIn]: list 'list_31' #31
            │        │  │                    └─ item: integer #29
            │        │  └─ [title]: optional 'optional_58' #58
            │        │     └─ item: optional '_prisma_string_filter_ex' #57
            │        │        └─ item: union #56
            │        │           ├─ variant_0: union '_prisma_string_filter' #54
            │        │           │  ├─ variant_0: string #42
            │        │           │  ├─ variant_1: struct #45
            │        │           │  │  └─ [equals]: string #42
            │        │           │  ├─ variant_2: struct #46
            │        │           │  │  └─ [not]: string #42
            │        │           │  ├─ variant_3: struct #47
            │        │           │  │  └─ [in]: list 'list_44' #44
            │        │           │  │     └─ item: string #42
            │        │           │  ├─ variant_4: struct #48
            │        │           │  │  └─ [notIn]: list 'list_44' #44
            │        │           │  │     └─ item: string #42
            │        │           │  ├─ variant_5: struct #51
            │        │           │  │  ├─ [contains]: string #42
            │        │           │  │  └─ [mode]: optional 'optional_50' #50
            │        │           │  │     └─ item: string #49 enum{ '"insensitive"' }
            │        │           │  ├─ variant_6: struct #52
            │        │           │  │  └─ [search]: string #42
            │        │           │  └─ variant_7: struct #53
            │        │           │     ├─ [endsWith]: optional 'optional_43' #43
            │        │           │     │  └─ item: string #42
            │        │           │     └─ [startsWith]: optional 'optional_43' #43
            │        │           │        └─ item: string #42
            │        │           └─ variant_1: struct #55
            │        │              └─ [not]: union '_prisma_string_filter' #54
            │        │                 ├─ variant_0: string #42
            │        │                 ├─ variant_1: struct #45
            │        │                 │  └─ [equals]: string #42
            │        │                 ├─ variant_2: struct #46
            │        │                 │  └─ [not]: string #42
            │        │                 ├─ variant_3: struct #47
            │        │                 │  └─ [in]: list 'list_44' #44
            │        │                 │     └─ item: string #42
            │        │                 ├─ variant_4: struct #48
            │        │                 │  └─ [notIn]: list 'list_44' #44
            │        │                 │     └─ item: string #42
            │        │                 ├─ variant_5: struct #51
            │        │                 │  ├─ [contains]: string #42
            │        │                 │  └─ [mode]: optional 'optional_50' #50
            │        │                 │     └─ item: string #49 enum{ '"insensitive"' }
            │        │                 ├─ variant_6: struct #52
            │        │                 │  └─ [search]: string #42
            │        │                 └─ variant_7: struct #53
            │        │                    ├─ [endsWith]: optional 'optional_43' #43
            │        │                    │  └─ item: string #42
            │        │                    └─ [startsWith]: optional 'optional_43' #43
            │        │                       └─ item: string #42
            │        └─ variant_1: list 'list_73' #73
            │           └─ item: struct 'Post_where' #72
            │              ├─ [author]: optional 'optional_71' #71
            │              │  └─ item: struct 'User_where_excluding_Post' #70
            │              │     ├─ [id]: optional 'optional_59' #59
            │              │     │  └─ item: optional '_prisma_integer_filter_ex' #40
            │              │     │     └─ item: union #39
            │              │     │        ├─ variant_0: either '_prisma_integer_filter' #37
            │              │     │        │  ├─ variant_0: integer #29
            │              │     │        │  ├─ variant_1: struct #32
            │              │     │        │  │  └─ [equals]: integer #29
            │              │     │        │  ├─ variant_2: struct #33
            │              │     │        │  │  └─ [not]: integer #29
            │              │     │        │  ├─ variant_3: struct #34
            │              │     │        │  │  ├─ [gt]: optional 'optional_30' #30
            │              │     │        │  │  │  └─ item: integer #29
            │              │     │        │  │  ├─ [gte]: optional 'optional_30' #30
            │              │     │        │  │  │  └─ item: integer #29
            │              │     │        │  │  ├─ [lt]: optional 'optional_30' #30
            │              │     │        │  │  │  └─ item: integer #29
            │              │     │        │  │  └─ [lte]: optional 'optional_30' #30
            │              │     │        │  │     └─ item: integer #29
            │              │     │        │  ├─ variant_4: struct #35
            │              │     │        │  │  └─ [in]: list 'list_31' #31
            │              │     │        │  │     └─ item: integer #29
            │              │     │        │  └─ variant_5: struct #36
            │              │     │        │     └─ [notIn]: list 'list_31' #31
            │              │     │        │        └─ item: integer #29
            │              │     │        └─ variant_1: struct #38
            │              │     │           └─ [not]: either '_prisma_integer_filter' #37
            │              │     │              ├─ variant_0: integer #29
            │              │     │              ├─ variant_1: struct #32
            │              │     │              │  └─ [equals]: integer #29
            │              │     │              ├─ variant_2: struct #33
            │              │     │              │  └─ [not]: integer #29
            │              │     │              ├─ variant_3: struct #34
            │              │     │              │  ├─ [gt]: optional 'optional_30' #30
            │              │     │              │  │  └─ item: integer #29
            │              │     │              │  ├─ [gte]: optional 'optional_30' #30
            │              │     │              │  │  └─ item: integer #29
            │              │     │              │  ├─ [lt]: optional 'optional_30' #30
            │              │     │              │  │  └─ item: integer #29
            │              │     │              │  └─ [lte]: optional 'optional_30' #30
            │              │     │              │     └─ item: integer #29
            │              │     │              ├─ variant_4: struct #35
            │              │     │              │  └─ [in]: list 'list_31' #31
            │              │     │              │     └─ item: integer #29
            │              │     │              └─ variant_5: struct #36
            │              │     │                 └─ [notIn]: list 'list_31' #31
            │              │     │                    └─ item: integer #29
            │              │     ├─ [name]: optional 'optional_60' #60
            │              │     │  └─ item: optional '_prisma_string_filter_ex' #57
            │              │     │     └─ item: union #56
            │              │     │        ├─ variant_0: union '_prisma_string_filter' #54
            │              │     │        │  ├─ variant_0: string #42
            │              │     │        │  ├─ variant_1: struct #45
            │              │     │        │  │  └─ [equals]: string #42
            │              │     │        │  ├─ variant_2: struct #46
            │              │     │        │  │  └─ [not]: string #42
            │              │     │        │  ├─ variant_3: struct #47
            │              │     │        │  │  └─ [in]: list 'list_44' #44
            │              │     │        │  │     └─ item: string #42
            │              │     │        │  ├─ variant_4: struct #48
            │              │     │        │  │  └─ [notIn]: list 'list_44' #44
            │              │     │        │  │     └─ item: string #42
            │              │     │        │  ├─ variant_5: struct #51
            │              │     │        │  │  ├─ [contains]: string #42
            │              │     │        │  │  └─ [mode]: optional 'optional_50' #50
            │              │     │        │  │     └─ item: string #49 enum{ '"insensitive"' }
            │              │     │        │  ├─ variant_6: struct #52
            │              │     │        │  │  └─ [search]: string #42
            │              │     │        │  └─ variant_7: struct #53
            │              │     │        │     ├─ [endsWith]: optional 'optional_43' #43
            │              │     │        │     │  └─ item: string #42
            │              │     │        │     └─ [startsWith]: optional 'optional_43' #43
            │              │     │        │        └─ item: string #42
            │              │     │        └─ variant_1: struct #55
            │              │     │           └─ [not]: union '_prisma_string_filter' #54
            │              │     │              ├─ variant_0: string #42
            │              │     │              ├─ variant_1: struct #45
            │              │     │              │  └─ [equals]: string #42
            │              │     │              ├─ variant_2: struct #46
            │              │     │              │  └─ [not]: string #42
            │              │     │              ├─ variant_3: struct #47
            │              │     │              │  └─ [in]: list 'list_44' #44
            │              │     │              │     └─ item: string #42
            │              │     │              ├─ variant_4: struct #48
            │              │     │              │  └─ [notIn]: list 'list_44' #44
            │              │     │              │     └─ item: string #42
            │              │     │              ├─ variant_5: struct #51
            │              │     │              │  ├─ [contains]: string #42
            │              │     │              │  └─ [mode]: optional 'optional_50' #50
            │              │     │              │     └─ item: string #49 enum{ '"insensitive"' }
            │              │     │              ├─ variant_6: struct #52
            │              │     │              │  └─ [search]: string #42
            │              │     │              └─ variant_7: struct #53
            │              │     │                 ├─ [endsWith]: optional 'optional_43' #43
            │              │     │                 │  └─ item: string #42
            │              │     │                 └─ [startsWith]: optional 'optional_43' #43
            │              │     │                    └─ item: string #42
            │              │     └─ [posts]: optional 'optional_69' #69
            │              │        └─ item: union #68
            │              │           ├─ variant_0: struct #63
            │              │           │  └─ [every]: optional 'optional_62' #62
            │              │           │     └─ item: &Post_where #61
            │              │           ├─ variant_1: struct #65
            │              │           │  └─ [some]: optional 'optional_64' #64
            │              │           │     └─ item: &Post_where #61
            │              │           └─ variant_2: struct #67
            │              │              └─ [none]: optional 'optional_66' #66
            │              │                 └─ item: &Post_where #61
            │              ├─ [id]: optional 'optional_41' #41
            │              │  └─ item: optional '_prisma_integer_filter_ex' #40
            │              │     └─ item: union #39
            │              │        ├─ variant_0: either '_prisma_integer_filter' #37
            │              │        │  ├─ variant_0: integer #29
            │              │        │  ├─ variant_1: struct #32
            │              │        │  │  └─ [equals]: integer #29
            │              │        │  ├─ variant_2: struct #33
            │              │        │  │  └─ [not]: integer #29
            │              │        │  ├─ variant_3: struct #34
            │              │        │  │  ├─ [gt]: optional 'optional_30' #30
            │              │        │  │  │  └─ item: integer #29
            │              │        │  │  ├─ [gte]: optional 'optional_30' #30
            │              │        │  │  │  └─ item: integer #29
            │              │        │  │  ├─ [lt]: optional 'optional_30' #30
            │              │        │  │  │  └─ item: integer #29
            │              │        │  │  └─ [lte]: optional 'optional_30' #30
            │              │        │  │     └─ item: integer #29
            │              │        │  ├─ variant_4: struct #35
            │              │        │  │  └─ [in]: list 'list_31' #31
            │              │        │  │     └─ item: integer #29
            │              │        │  └─ variant_5: struct #36
            │              │        │     └─ [notIn]: list 'list_31' #31
            │              │        │        └─ item: integer #29
            │              │        └─ variant_1: struct #38
            │              │           └─ [not]: either '_prisma_integer_filter' #37
            │              │              ├─ variant_0: integer #29
            │              │              ├─ variant_1: struct #32
            │              │              │  └─ [equals]: integer #29
            │              │              ├─ variant_2: struct #33
            │              │              │  └─ [not]: integer #29
            │              │              ├─ variant_3: struct #34
            │              │              │  ├─ [gt]: optional 'optional_30' #30
            │              │              │  │  └─ item: integer #29
            │              │              │  ├─ [gte]: optional 'optional_30' #30
            │              │              │  │  └─ item: integer #29
            │              │              │  ├─ [lt]: optional 'optional_30' #30
            │              │              │  │  └─ item: integer #29
            │              │              │  └─ [lte]: optional 'optional_30' #30
            │              │              │     └─ item: integer #29
            │              │              ├─ variant_4: struct #35
            │              │              │  └─ [in]: list 'list_31' #31
            │              │              │     └─ item: integer #29
            │              │              └─ variant_5: struct #36
            │              │                 └─ [notIn]: list 'list_31' #31
            │              │                    └─ item: integer #29
            │              └─ [title]: optional 'optional_58' #58
            │                 └─ item: optional '_prisma_string_filter_ex' #57
            │                    └─ item: union #56
            │                       ├─ variant_0: union '_prisma_string_filter' #54
            │                       │  ├─ variant_0: string #42
            │                       │  ├─ variant_1: struct #45
            │                       │  │  └─ [equals]: string #42
            │                       │  ├─ variant_2: struct #46
            │                       │  │  └─ [not]: string #42
            │                       │  ├─ variant_3: struct #47
            │                       │  │  └─ [in]: list 'list_44' #44
            │                       │  │     └─ item: string #42
            │                       │  ├─ variant_4: struct #48
            │                       │  │  └─ [notIn]: list 'list_44' #44
            │                       │  │     └─ item: string #42
            │                       │  ├─ variant_5: struct #51
            │                       │  │  ├─ [contains]: string #42
            │                       │  │  └─ [mode]: optional 'optional_50' #50
            │                       │  │     └─ item: string #49 enum{ '"insensitive"' }
            │                       │  ├─ variant_6: struct #52
            │                       │  │  └─ [search]: string #42
            │                       │  └─ variant_7: struct #53
            │                       │     ├─ [endsWith]: optional 'optional_43' #43
            │                       │     │  └─ item: string #42
            │                       │     └─ [startsWith]: optional 'optional_43' #43
            │                       │        └─ item: string #42
            │                       └─ variant_1: struct #55
            │                          └─ [not]: union '_prisma_string_filter' #54
            │                             ├─ variant_0: string #42
            │                             ├─ variant_1: struct #45
            │                             │  └─ [equals]: string #42
            │                             ├─ variant_2: struct #46
            │                             │  └─ [not]: string #42
            │                             ├─ variant_3: struct #47
            │                             │  └─ [in]: list 'list_44' #44
            │                             │     └─ item: string #42
            │                             ├─ variant_4: struct #48
            │                             │  └─ [notIn]: list 'list_44' #44
            │                             │     └─ item: string #42
            │                             ├─ variant_5: struct #51
            │                             │  ├─ [contains]: string #42
            │                             │  └─ [mode]: optional 'optional_50' #50
            │                             │     └─ item: string #49 enum{ '"insensitive"' }
            │                             ├─ variant_6: struct #52
            │                             │  └─ [search]: string #42
            │                             └─ variant_7: struct #53
            │                                ├─ [endsWith]: optional 'optional_43' #43
            │                                │  └─ item: string #42
            │                                └─ [startsWith]: optional 'optional_43' #43
            │                                   └─ item: string #42
            └─ variant_3: struct #82
               └─ [createMany]: optional 'optional_81' #81
                  └─ item: struct #80
                     └─ [data]: list 'list_79' #79
                        └─ item: union #28
                           ├─ variant_0: struct 'Post_create_input_excluding_rel_Post_User' #26
                           │  ├─ [id]: optional 'optional_25' #25
                           │  │  └─ item: integer #20
                           │  └─ [title]: string #22
                           └─ variant_1: list 'list_27' #27
                              └─ item: struct 'Post_create_input_excluding_rel_Post_User' #26
                                 ├─ [id]: optional 'optional_25' #25
                                 │  └─ item: integer #20
                                 └─ [title]: string #22
